 jampgamex86

 Timestamp is 468e5973 (Fri Jul 06 17:02:11 2007)

 Preferred load address is 20000000

 Start         Length     Name                   Class
 0001:00000000 00119a90H .text                   CODE
 0002:00000000 00000138H .idata$5                DATA
 0002:00000138 00000004H .CRT$XCA                DATA
 0002:0000013c 00000004H .CRT$XCZ                DATA
 0002:00000140 00000004H .CRT$XIA                DATA
 0002:00000144 00000014H .CRT$XIC                DATA
 0002:00000158 00000004H .CRT$XIZ                DATA
 0002:0000015c 00000004H .CRT$XPA                DATA
 0002:00000160 00000004H .CRT$XPX                DATA
 0002:00000164 00000004H .CRT$XPXA               DATA
 0002:00000168 00000004H .CRT$XPZ                DATA
 0002:0000016c 00000004H .CRT$XTA                DATA
 0002:00000170 00000004H .CRT$XTZ                DATA
 0002:00000180 00023140H .rdata                  DATA
 0002:000232c0 0000000cH .rdata$sxdata           DATA
 0002:000232cc 00000004H .rtc$IAA                DATA
 0002:000232d0 00000004H .rtc$IZZ                DATA
 0002:000232d4 00000004H .rtc$TAA                DATA
 0002:000232d8 00000004H .rtc$TZZ                DATA
 0002:000232e0 000003ccH .xdata$x                DATA
 0002:000236ac 00000028H .idata$2                DATA
 0002:000236d4 00000014H .idata$3                DATA
 0002:000236e8 00000138H .idata$4                DATA
 0002:00023820 0000055eH .idata$6                DATA
 0002:00023d80 0000005cH .edata                  DATA
 0003:00000000 0000c988H .data                   DATA
 0003:0000c9a0 009368e4H .bss                    DATA

  Address         Publics by Value              Rva+Base       Lib:Object

 0000:00000000       __except_list              00000000     <absolute>
 0000:00000003       ___safe_se_handler_count   00000003     <absolute>
 0000:00000000       ___ImageBase               20000000     <linker-defined>
 0001:00000000       _CheckFall_By_Vectors      20001000 f   ai_aotc.obj
 0001:00000270       _Set_Enemy_Path            20001270 f   ai_aotc.obj
 0001:00000340       _AIMod_Jump                20001340 f   ai_aotc.obj
 0001:00000830       _AOTC_BotFallbackNavigation 20001830 f   ai_aotc.obj
 0001:00000e20       _FastBotAI                 20001e20 f   ai_aotc.obj
 0001:00003680       _visible                   20004680 f   ai_aotc.obj
 0001:00003720       _AOTC_StandardBotAI        20004720 f   ai_aotc.obj
 0001:00006bc0       _HYBRID_StandardBotAI      20007bc0 f   ai_hybrid.obj
 0001:00007e70       _BotMindTricked            20008e70 f   ai_main.obj
 0001:00007ef0       _BotAI_GetClientState      20008ef0 f   ai_main.obj
 0001:00007f30       _AngleDifference           20008f30 f   ai_main.obj
 0001:00007fa0       _BotChangeViewAngles       20008fa0 f   ai_main.obj
 0001:00008240       _BotInputToUserCommand     20009240 f   ai_main.obj
 0001:000084f0       _BotUpdateInput            200094f0 f   ai_main.obj
 0001:00008750       _RemoveColorEscapeSequences 20009750 f   ai_main.obj
 0001:000087b0       _BotScheduleBotThink       200097b0 f   ai_main.obj
 0001:00008880       _PlayersInGame             20009880 f   ai_main.obj
 0001:00008920       _BotAISetupClient          20009920 f   ai_main.obj
 0001:00008ac0       _BotAIShutdownClient       20009ac0 f   ai_main.obj
 0001:00008b20       _BotResetState             20009b20 f   ai_main.obj
 0001:00008c60       _BotAILoadMap              20009c60 f   ai_main.obj
 0001:00008ca0       _OrgVisible                20009ca0 f   ai_main.obj
 0001:00008cf0       _WPOrgVisible              20009cf0 f   ai_main.obj
 0001:00008dc0       _OrgVisibleBox             20009dc0 f   ai_main.obj
 0001:00008e30       _CheckForFunc              20009e30 f   ai_main.obj
 0001:00008ec0       _BotPVSCheck               20009ec0 f   ai_main.obj
 0001:00008f50       _GetNearestVisibleWP       20009f50 f   ai_main.obj
 0001:00009090       _PassWayCheck              2000a090 f   ai_main.obj
 0001:00009120       _TotalTrailDistance        2000a120 f   ai_main.obj
 0001:000091b0       _CheckForShorterRoutes     2000a1b0 f   ai_main.obj
 0001:00009330       _WPConstantRoutine         2000a330 f   ai_main.obj
 0001:00009500       _BotCTFGuardDuty           2000a500 f   ai_main.obj
 0001:00009530       _MoveTowardIdealAngles     2000a530 f   ai_main.obj
 0001:00009560       _BotTrace_Strafe           2000a560 f   ai_main.obj
 0001:000098a0       _BotTrace_Duck             2000a8a0 f   ai_main.obj
 0001:00009a40       _PassStandardEnemyChecks   2000aa40 f   ai_main.obj
 0001:00009c90       _BotCanHear                2000ac90 f   ai_main.obj
 0001:00009dd0       _UpdateEventTracker        2000add0 f   ai_main.obj
 0001:00009f50       _InFieldOfVision           2000af50 f   ai_main.obj
 0001:0000a040       _PassLovedOneCheck         2000b040 f   ai_main.obj
 0001:0000a170       _ScanForEnemies            2000b170 f   ai_main.obj
 0001:0000a470       _WaitingForNow             2000b470 f   ai_main.obj
 0001:0000a5f0       _BotGetWeaponRange         2000b5f0 f   ai_main.obj
 0001:0000a6a0       _BotIsAChickenWuss         2000b6a0 f   ai_main.obj
 0001:0000a830       _GetNearestBadThing        2000b830 f   ai_main.obj
 0001:0000ac10       _BotGetEnemyFlag           2000bc10 f   ai_main.obj
 0001:0000acc0       _BotGetFlagBack            2000bcc0 f   ai_main.obj
 0001:0000ae10       _BotGuardFlagCarrier       2000be10 f   ai_main.obj
 0001:0000af60       _BotGetFlagHome            2000bf60 f   ai_main.obj
 0001:0000af60       _BotDefendFlag             2000bf60 f   ai_main.obj
 0001:0000b010       _GetNewFlagPoint           2000c010 f   ai_main.obj
 0001:0000b1e0       _EntityVisibleBox          2000c1e0 f   ai_main.obj
 0001:0000b250       _Siege_TargetClosestObjective 2000c250 f   ai_main.obj
 0001:0000b530       _Siege_DefendFromAttackers 2000c530 f   ai_main.obj
 0001:0000b670       _Siege_CountDefenders      2000c670 f   ai_main.obj
 0001:0000b7c0       _Siege_CountTeammates      2000c7c0 f   ai_main.obj
 0001:0000b8c0       _JMTakesPriority           2000c8c0 f   ai_main.obj
 0001:0000b9c0       _BotHasAssociated          2000c9c0 f   ai_main.obj
 0001:0000ba70       _GetBestIdleGoal           2000ca70 f   ai_main.obj
 0001:0000bbb0       _CommanderBotCTFAI         2000cbb0 f   ai_main.obj
 0001:0000bf40       _CommanderBotSiegeAI       2000cf40 f   ai_main.obj
 0001:0000c060       _BotDoTeamplayAI           2000d060 f   ai_main.obj
 0001:0000c090       _CommanderBotTeamplayAI    2000d090 f   ai_main.obj
 0001:0000c2a0       _CommanderBotAI            2000d2a0 f   ai_main.obj
 0001:0000c2d0       _MeleeCombatHandling       2000d2d0 f   ai_main.obj
 0001:0000c580       _SaberCombatHandling       2000d580 f   ai_main.obj
 0001:0000ccd0       _BotWeaponCanLead          2000dcd0 f   ai_main.obj
 0001:0000cd20       _BotAimLeading             2000dd20 f   ai_main.obj
 0001:0000cee0       _BotAimOffsetGoalAngles    2000dee0 f   ai_main.obj
 0001:0000d220       _ShouldSecondaryFire       2000e220 f   ai_main.obj
 0001:0000d3c0       _CombatBotAI               2000e3c0 f   ai_main.obj
 0001:0000d6a0       _BotFallbackNavigation     2000e6a0 f   ai_main.obj
 0001:0000d7e0       _BotTryAnotherWeapon       2000e7e0 f   ai_main.obj
 0001:0000d870       _BotWeaponSelectable       2000e870 f   ai_main.obj
 0001:0000d8b0       _BotSelectIdealWeapon      2000e8b0 f   ai_main.obj
 0001:0000daa0       _BotSelectChoiceWeapon     2000eaa0 f   ai_main.obj
 0001:0000db30       _GetLoveLevel              2000eb30 f   ai_main.obj
 0001:0000dc10       _BotLovedOneDied           2000ec10 f   ai_main.obj
 0001:0000ddb0       _BotDeathNotify            2000edb0 f   ai_main.obj
 0001:0000de80       _StrafeTracing             2000ee80 f   ai_main.obj
 0001:0000e020       _PrimFiring                2000f020 f   ai_main.obj
 0001:0000e050       _KeepPrimFromFiring        2000f050 f   ai_main.obj
 0001:0000e090       _AltFiring                 2000f090 f   ai_main.obj
 0001:0000e0c0       _KeepAltFromFiring         2000f0c0 f   ai_main.obj
 0001:0000e100       _CheckForFriendInLOF       2000f100 f   ai_main.obj
 0001:0000e240       _BotScanForLeader          2000f240 f   ai_main.obj
 0001:0000e2e0       _BotReplyGreetings         2000f2e0 f   ai_main.obj
 0001:0000e360       _CTFFlagMovement           2000f360 f   ai_main.obj
 0001:0000e5f0       _BotCheckDetPacks          2000f5f0 f   ai_main.obj
 0001:0000e790       _BotUseInventoryItem       2000f790 f   ai_main.obj
 0001:0000e870       _BotSurfaceNear            2000f870 f   ai_main.obj
 0001:0000e910       _BotWeaponBlockable        2000f910 f   ai_main.obj
 0001:0000e950       _Bot_SetForcedMovement     2000f950 f   ai_main.obj
 0001:0000e9c0       _BotAISetup                2000f9c0 f   ai_main.obj
 0001:0000eb30       _BotAIShutdown             2000fb30 f   ai_main.obj
 0001:0000eb80       _WPTouchRoutine            2000fb80 f   ai_main.obj
 0001:0000edc0       _BotTrace_Jump             2000fdc0 f   ai_main.obj
 0001:0000efc0       _BotDamageNotification     2000ffc0 f   ai_main.obj
 0001:0000f210       _CTFTakesPriority          20010210 f   ai_main.obj
 0001:0000f5a0       _SiegeTakesPriority        200105a0 f   ai_main.obj
 0001:0000f800       _GetIdealDestination       20010800 f   ai_main.obj
 0001:0000ff30       _StandardBotAI             20010f30 f   ai_main.obj
 0001:00012ea0       _BotAI                     20013ea0 f   ai_main.obj
 0001:00013110       _BotAIStartFrame           20014110 f   ai_main.obj
 0001:000132c0       _ForceJumpNeeded           200142c0 f   ai_tab.obj
 0001:000133e0       _GetNearestWP              200143e0 f   ai_tab.obj
 0001:00013520       _FindOpenList              20014520 f   ai_tab.obj
 0001:00013550       _FindCloseList             20014550 f   ai_tab.obj
 0001:00013580       _RemoveFirstOpenList       20014580 f   ai_tab.obj
 0001:00013820       _AddCloseList              20014820 f   ai_tab.obj
 0001:000138b0       _ClearRoute                200148b0 f   ai_tab.obj
 0001:000138d0       _AddtoRoute                200148d0 f   ai_tab.obj
 0001:00013950       _FindOnRoute               20014950 f   ai_tab.obj
 0001:000139b0       _CopyRoute                 200149b0 f   ai_tab.obj
 0001:000139d0       _TAB_BotOrder              200149d0 f   ai_tab.obj
 0001:00013b20       _TAB_BotKneelBeforeZod     20014b20 f   ai_tab.obj
 0001:00013d40       _TAB_BotBeStill            20014d40 f   ai_tab.obj
 0001:00013dc0       _TAB_TraceJumpCrouchFall   20014dc0 f   ai_tab.obj
 0001:00014160       _FindMovementQuad          20015160 f   ai_tab.obj
 0001:000142b0       _TAB_AdjustMoveDirection   200152b0 f   ai_tab.obj
 0001:000144c0       _TAB_MovementCommand       200154c0 f   ai_tab.obj
 0001:00014540       _TAB_AdjustQuad            20015540 f   ai_tab.obj
 0001:00014570       _HaveHeavyWeapon           20015570 f   ai_tab.obj
 0001:00014590       _IsHeavyWeapon             20015590 f   ai_tab.obj
 0001:000145f0       _CalculateJump             200155f0 f   ai_tab.obj
 0001:000146b0       _WPVisibleUpdate           200156b0 f   ai_tab.obj
 0001:00014700       _ResetWPTimers             20015700 f   ai_tab.obj
 0001:000147e0       _TAB_GetNearestVisibleWP   200157e0 f   ai_tab.obj
 0001:00014990       _TAB_AdjustforStrafe       20015990 f   ai_tab.obj
 0001:00014a50       _FindWeaponforRange        20015a50 f   ai_tab.obj
 0001:00014b00       _TargetDistance            20015b00 f   ai_tab.obj
 0001:00014d20       _TAB_MoveforAttackQuad     20015d20 f   ai_tab.obj
 0001:00014ed0       _TAB_BotTrackAttack        20015ed0 f   ai_tab.obj
 0001:00015070       _DontBlockAllies           20016070 f   ai_tab.obj
 0001:00015180       _TAB_BotBehave_VisualScan  20016180 f   ai_tab.obj
 0001:000151c0       _FindHeavyWeaponClass      200161c0 f   ai_tab.obj
 0001:00015270       _NumberofSiegeSpecificClass 20016270 f   ai_tab.obj
 0001:000152f0       _NumberofSiegeBasicClass   200162f0 f   ai_tab.obj
 0001:00015390       _SelectBestSiegeClass      20016390 f   ai_tab.obj
 0001:00015430       _DetermineCTFGoal          20016430 f   ai_tab.obj
 0001:000155e0       _ClosestItemforAmmo        200165e0 f   ai_tab.obj
 0001:00015810       _ClosestItemforWeapon      20016810 f   ai_tab.obj
 0001:00015990       _FavoriteWeapon            20016990 f   ai_tab.obj
 0001:00015b30       _ObjectiveStillActive      20016b30 f   ai_tab.obj
 0001:00015b90       _FindValidObjective        20016b90 f   ai_tab.obj
 0001:00015c10       _DetermineObjectiveType    20016c10 f   ai_tab.obj
 0001:00016150       _CapObjectiveIsCarried     20017150 f   ai_tab.obj
 0001:000161f0       _CapObjectiveCarrier       200171f0 f   ai_tab.obj
 0001:000162b0       _CarryingCapObjective      200172b0 f   ai_tab.obj
 0001:00016300       _FindGoalPointEnt          20017300 f   ai_tab.obj
 0001:00016360       _FindFlag                  20017360 f   ai_tab.obj
 0001:000163a0       _FindOrigin                200173a0 f   ai_tab.obj
 0001:000164b0       _FindAngles                200174b0 f   ai_tab.obj
 0001:00016510       _BotWeapon_Detpack         20017510 f   ai_tab.obj
 0001:00016640       _TAB_BotAimLeading         20017640 f   ai_tab.obj
 0001:000167a0       _TAB_ForcePowersThink      200177a0 f   ai_tab.obj
 0001:000168c0       _TryMoveAroundObsticle     200178c0 f   ai_tab.obj
 0001:00016b20       _TAB_BotSaberDuelChallenged 20017b20 f   ai_tab.obj
 0001:00016b90       _OJP_PassStandardEnemyChecks 20017b90 f   ai_tab.obj
 0001:00016d60       _AddOpenList               20017d60 f   ai_tab.obj
 0001:000170f0       _FindIdealPathtoWP         200180f0 f   ai_tab.obj
 0001:00017430       _TAB_TraceMove             20018430 f   ai_tab.obj
 0001:000177d0       _TAB_BotBehave_AttackBasic 200187d0 f   ai_tab.obj
 0001:00017b40       _TAB_EnemyVisualUpdate     20018b40 f   ai_tab.obj
 0001:00017cf0       _TAB_ScanforEnemies        20018cf0 f   ai_tab.obj
 0001:00018030       _SwitchSiegeIdealClass     20019030 f   ai_tab.obj
 0001:00018100       _ShouldSwitchSiegeClasses  20019100 f   ai_tab.obj
 0001:00018230       _TAB_WantWeapon            20019230 f   ai_tab.obj
 0001:000182c0       _TAB_WantAmmo              200192c0 f   ai_tab.obj
 0001:00018390       _TAB_HigherBotAI           20019390 f   ai_tab.obj
 0001:000184e0       _TAB_BotBehave_DefendBasic 200194e0 f   ai_tab.obj
 0001:000185d0       _AttackLocalBreakable      200195d0 f   ai_tab.obj
 0001:000187f0       _UseForceonLocal           200197f0 f   ai_tab.obj
 0001:00019060       _TAB_BotMove               2001a060 f   ai_tab.obj
 0001:00019790       _TAB_WPTouch               2001a790 f   ai_tab.obj
 0001:000198c0       _TAB_BotMoveto             2001a8c0 f   ai_tab.obj
 0001:00019c30       _TAB_BotBehave_AttackMove  2001ac30 f   ai_tab.obj
 0001:00019df0       _TAB_BotBehave_Attack      2001adf0 f   ai_tab.obj
 0001:00019ea0       _TAB_BotDefend             2001aea0 f   ai_tab.obj
 0001:0001a060       _objectiveType_Touch       2001b060 f   ai_tab.obj
 0001:0001a140       _objectiveType_Attack      2001b140 f   ai_tab.obj
 0001:0001a4e0       _TAB_BotGrabNearByItems    2001b4e0 f   ai_tab.obj
 0001:0001a620       _objectiveType_Capture     2001b620 f   ai_tab.obj
 0001:0001a7b0       _objectiveType_DefendCapture 2001b7b0 f   ai_tab.obj
 0001:0001a890       _objectiveType_Vehicle     2001b890 f   ai_tab.obj
 0001:0001a9f0       _TAB_BotResupply           2001b9f0 f   ai_tab.obj
 0001:0001aca0       _TAB_BotSearchAndDestroy   2001bca0 f   ai_tab.obj
 0001:0001ae30       _TAB_BotObjective          2001be30 f   ai_tab.obj
 0001:0001af80       _TAB_BotJediMaster         2001bf80 f   ai_tab.obj
 0001:0001b080       _TAB_BotSaberDuel          2001c080 f   ai_tab.obj
 0001:0001b280       _TAB_StandardBotAI         2001c280 f   ai_tab.obj
 0001:0001b920       _B_TempAlloc               2001c920 f   ai_util.obj
 0001:0001b930       _B_TempFree                2001c930 f   ai_util.obj
 0001:0001b940       _B_Alloc                   2001c940 f   ai_util.obj
 0001:0001b950       _B_InitAlloc               2001c950 f   ai_util.obj
 0001:0001b970       _GetValueGroup             2001c970 f   ai_util.obj
 0001:0001ba60       _GetPairedValue            2001ca60 f   ai_util.obj
 0001:0001bbb0       _BotDoChat                 2001cbb0 f   ai_util.obj
 0001:0001be80       _ParseEmotionalAttachments 2001ce80 f   ai_util.obj
 0001:0001bfc0       _ReadChatGroups            2001cfc0 f   ai_util.obj
 0001:0001c060       _BotUtilizePersonality     2001d060 f   ai_util.obj
 0001:0001c680       _FindBotType               2001d680 f   ai_util.obj
 0001:0001c6b0       _FindClosestHumanPlayer    2001d6b0 f   ai_util.obj
 0001:0001c760       _GetFlagStr                2001d760 f   ai_wpnav.obj
 0001:0001c9c0       _G_TestLine                2001d9c0 f   ai_wpnav.obj
 0001:0001ca10       _BotWaypointRender         2001da10 f   ai_wpnav.obj
 0001:0001cd50       _TransferWPData            2001dd50 f   ai_wpnav.obj
 0001:0001ce50       _CreateNewWP               2001de50 f   ai_wpnav.obj
 0001:0001cf80       _CreateNewWP_FromObject    2001df80 f   ai_wpnav.obj
 0001:0001d140       _RemoveWP                  2001e140 f   ai_wpnav.obj
 0001:0001d180       _RemoveWP_InTrail          2001e180 f   ai_wpnav.obj
 0001:0001d260       _CreateNewWP_InTrail       2001e260 f   ai_wpnav.obj
 0001:0001d400       _CreateNewWP_InsertUnder   2001e400 f   ai_wpnav.obj
 0001:0001d5a0       _TeleportToWP              2001e5a0 f   ai_wpnav.obj
 0001:0001d650       _WPFlagsModify             2001e650 f   ai_wpnav.obj
 0001:0001d690       _NodeHere                  2001e690 f   ai_wpnav.obj
 0001:0001d730       _CanGetToVectorTravel      2001e730 f   ai_wpnav.obj
 0001:0001db70       _ConnectTrail              2001eb70 f   ai_wpnav.obj
 0001:0001e960       _OpposingEnds              2001f960 f   ai_wpnav.obj
 0001:0001e9b0       _DoorBlockingSection       2001f9b0 f   ai_wpnav.obj
 0001:0001eaa0       _RepairPaths               2001faa0 f   ai_wpnav.obj
 0001:0001ec30       _CalculatePaths            2001fc30 f   ai_wpnav.obj
 0001:0001ee40       _CalculateSiegeGoals       2001fe40 f   ai_wpnav.obj
 0001:0001efb0       _GetNearestVisibleWPToItem 2001ffb0 f   ai_wpnav.obj
 0001:0001f100       _CalculateWeightGoals      20020100 f   ai_wpnav.obj
 0001:0001f360       _CalculateJumpRoutes       20020360 f   ai_wpnav.obj
 0001:0001f4c0       _LoadPathData              200204c0 f   ai_wpnav.obj
 0001:0001f8f0       _FlagObjects               200208f0 f   ai_wpnav.obj
 0001:0001fc30       _SavePathData              20020c30 f   ai_wpnav.obj
 0001:0001ff90       _G_NearestNodeToPoint      20020f90 f   ai_wpnav.obj
 0001:00020060       _G_NodeClearForNext        20021060 f   ai_wpnav.obj
 0001:00020090       _G_NodeClearFlags          20021090 f   ai_wpnav.obj
 0001:000200b0       _G_NodeMatchingXY          200210b0 f   ai_wpnav.obj
 0001:00020110       _G_NodeMatchingXY_BA       20021110 f   ai_wpnav.obj
 0001:000201a0       _G_RecursiveConnection     200211a0 f   ai_wpnav.obj
 0001:00020380       _G_BackwardAttachment      20021380 f   ai_wpnav.obj
 0001:000205b0       _G_RMGPathing              200215b0 f   ai_wpnav.obj
 0001:00020980       _BeginAutoPathRoutine      20021980 f   ai_wpnav.obj
 0001:00020b50       _LoadPath_ThisLevel        20021b50 f   ai_wpnav.obj
 0001:00020c80       _GetClosestSpawn           20021c80 f   ai_wpnav.obj
 0001:00020da0       _GetNextSpawnInIndex       20021da0 f   ai_wpnav.obj
 0001:00020e90       _UpdateEditorMode          20021e90 f   ai_wpnav.obj
 0001:00020eb0       _AcceptBotCommand          20021eb0 f   ai_wpnav.obj
 0001:00021e10       _G_SetAnimalVehicleFunctions 20022e10 f   AnimalNPC.obj
 0001:00021e60       _AOTCTC_Holocron_Add       20022e60 f   aotctc_holocron.obj
 0001:00021f00       _AOTCTC_Holocron_Loadpositions 20022f00 f   aotctc_holocron.obj
 0001:000220e0       _AOTCTC_Holocron_Savepositions 200230e0 f   aotctc_holocron.obj
 0001:00022230       _AOTCTC_Create_Holocron    20023230 f   aotctc_holocron.obj
 0001:000222b0       _AOTCTC_Create_Holocrons   200232b0 f   aotctc_holocron.obj
 0001:00022350       _BG_AttachToRancor         20023350 f   bg_g2_utils.obj
 0001:00022570       _BG_AttachToSandCreature   20023570 f   bg_g2_utils.obj
 0001:000226e0       _BG_GetRootSurfNameWithVariant 200236e0 f   bg_g2_utils.obj
 0001:000227e0       _BG_FileExists             200237e0 f   bg_misc.obj
 0001:00022820       _BG_ParseField             20023820 f   bg_misc.obj
 0001:000229b0       _BG_LegalizedForcePowers   200239b0 f   bg_misc.obj
 0001:00022eb0       _vectoyaw                  20023eb0 f   bg_misc.obj
 0001:00022f40       _BG_HasYsalamiri           20023f40 f   bg_misc.obj
 0001:00022f80       _BG_CanUseFPNow            20023f80 f   bg_misc.obj
 0001:00023070       _BG_FindItemForPowerup     20024070 f   bg_misc.obj
 0001:000230c0       _BG_FindItemForHoldable    200240c0 f   bg_misc.obj
 0001:00023110       _BG_FindItemForWeapon      20024110 f   bg_misc.obj
 0001:00023150       _BG_FindItemForAmmo        20024150 f   bg_misc.obj
 0001:00023190       _BG_FindItem               20024190 f   bg_misc.obj
 0001:000231d0       _BG_GetItemIndexByTag      200241d0 f   bg_misc.obj
 0001:00023210       _BG_IsItemSelectable       20024210 f   bg_misc.obj
 0001:00023230       _BG_CycleInven             20024230 f   bg_misc.obj
 0001:000232f0       _BG_CanItemBeGrabbed       200242f0 f   bg_misc.obj
 0001:00023650       _BG_EvaluateTrajectory     20024650 f   bg_misc.obj
 0001:00023860       _BG_EvaluateTrajectoryDelta 20024860 f   bg_misc.obj
 0001:00023a40       _BG_AddPredictableEventToPlayerstate 20024a40 f   bg_misc.obj
 0001:00023a80       _BG_TouchJumpPad           20024a80 f   bg_misc.obj
 0001:00023b00       _BG_EmplacedView           20024b00 f   bg_misc.obj
 0001:00023bf0       _BG_IsValidCharacterModel  20024bf0 f   bg_misc.obj
 0001:00023c60       _BG_ValidateSkinForTeam    20024c60 f   bg_misc.obj
 0001:00023e90       _BG_PlayerStateToEntityState 20024e90 f   bg_misc.obj
 0001:00024260       _BG_PlayerStateToEntityStateExtraPolate 20025260 f   bg_misc.obj
 0001:00024640       _BG_ModelCache             20025640 f   bg_misc.obj
 0001:00024690       _BG_Alloc                  20025690 f   bg_misc.obj
 0001:000246e0       _BG_TempAlloc              200256e0 f   bg_misc.obj
 0001:00024720       _BG_TempFree               20025720 f   bg_misc.obj
 0001:00024760       _BG_IsWhiteSpace           20025760 f   bg_misc.obj
 0001:00024780       _BG_PlayerTouchesItem      20025780 f   bg_misc.obj
 0001:00024830       _BG_CrouchAnim             20025830 f   bg_panimate.obj
 0001:00024950       _BG_InSaberStandAnim       20025950 f   bg_panimate.obj
 0001:00024980       _BG_InReboundJump          20025980 f   bg_panimate.obj
 0001:000249a0       _BG_InReboundHold          200259a0 f   bg_panimate.obj
 0001:000249c0       _BG_InBackFlip             200259c0 f   bg_panimate.obj
 0001:000249e0       _BG_SaberInAttackPure      200259e0 f   bg_panimate.obj
 0001:00024a00       _BG_SaberInAttack          20025a00 f   bg_panimate.obj
 0001:00024a20       _BG_SaberInKata            20025a20 f   bg_panimate.obj
 0001:00024a40       _BG_InKataAnim             20025a40 f   bg_panimate.obj
 0001:00024a60       _PM_LockedAnim             20025a60 f   bg_panimate.obj
 0001:00024ab0       _BG_SaberInSpecial         20025ab0 f   bg_panimate.obj
 0001:00024ad0       _BG_KickMove               20025ad0 f   bg_panimate.obj
 0001:00024af0       _BG_SaberInIdle            20025af0 f   bg_panimate.obj
 0001:00024b10       _BG_InExtraDefenseSaberMove 20025b10 f   bg_panimate.obj
 0001:00024b60       _BG_FlippingAnim           20025b60 f   bg_panimate.obj
 0001:00024c30       _BG_SpinningSaberAnim      20025c30 f   bg_panimate.obj
 0001:00024e90       _BG_SaberInSpecialAttack   20025e90 f   bg_panimate.obj
 0001:00024ff0       _BG_KickingAnim            20025ff0 f   bg_panimate.obj
 0001:00025050       _BG_InGrappleMove          20026050 f   bg_panimate.obj
 0001:000250a0       _BG_BrokenParryForAttack   200260a0 f   bg_panimate.obj
 0001:00025110       _BG_BrokenParryForParry    20026110 f   bg_panimate.obj
 0001:00025220       _BG_KnockawayForParry      20026220 f   bg_panimate.obj
 0001:00025270       _PM_InRollIgnoreTimer      20026270 f   bg_panimate.obj
 0001:000252f0       _BG_InRoll                 200262f0 f   bg_panimate.obj
 0001:00025380       _BG_InDeathAnim            20026380 f   bg_panimate.obj
 0001:000253c0       _BG_InKnockDownOnly        200263c0 f   bg_panimate.obj
 0001:000253e0       _BG_InSaberLockOld         200263e0 f   bg_panimate.obj
 0001:00025420       _BG_InSaberLock            20026420 f   bg_panimate.obj
 0001:000254e0       _PM_InCartwheel            200264e0 f   bg_panimate.obj
 0001:00025510       _PM_InAirKickingAnim       20026510 f   bg_panimate.obj
 0001:00025530       _BG_StabDownAnim           20026530 f   bg_panimate.obj
 0001:00025550       _PM_SaberBounceForAttack   20026550 f   bg_panimate.obj
 0001:000255c0       _PM_SaberDeflectionForQuad 200265c0 f   bg_panimate.obj
 0001:00025630       _PM_SaberInDeflect         20026630 f   bg_panimate.obj
 0001:00025650       _PM_SaberInParry           20026650 f   bg_panimate.obj
 0001:00025670       _PM_SaberInKnockaway       20026670 f   bg_panimate.obj
 0001:00025690       _PM_SaberInReflect         20026690 f   bg_panimate.obj
 0001:000256b0       _PM_SaberInStart           200266b0 f   bg_panimate.obj
 0001:000256d0       _BG_SaberInReturn          200266d0 f   bg_panimate.obj
 0001:000256d0       _PM_SaberInReturn          200266d0 f   bg_panimate.obj
 0001:000256f0       _PM_InSaberAnim            200266f0 f   bg_panimate.obj
 0001:00025710       _PM_InKnockDown            20026710 f   bg_panimate.obj
 0001:00025770       _PM_PainAnim               20026770 f   bg_panimate.obj
 0001:00025790       _PM_JumpingAnim            20026790 f   bg_panimate.obj
 0001:000257b0       _PM_LandingAnim            200267b0 f   bg_panimate.obj
 0001:00025800       _PM_SpinningAnim           20026800 f   bg_panimate.obj
 0001:00025810       _PM_InOnGroundAnim         20026810 f   bg_panimate.obj
 0001:00025850       _PM_InRollComplete         20026850 f   bg_panimate.obj
 0001:00025880       _PM_CanRollFromSoulCal     20026880 f   bg_panimate.obj
 0001:000258b0       _BG_SuperBreakLoseAnim     200268b0 f   bg_panimate.obj
 0001:00025940       _BG_SuperBreakWinAnim      20026940 f   bg_panimate.obj
 0001:000259d0       _BG_SaberLockBreakAnim     200269d0 f   bg_panimate.obj
 0001:00025a90       _BG_FullBodyTauntAnim      20026a90 f   bg_panimate.obj
 0001:00025ad0       _BG_AnimLength             20026ad0 f   bg_panimate.obj
 0001:00025b20       _PM_AnimLength             20026b20 f   bg_panimate.obj
 0001:00025b90       _PM_SaberInTransition      20026b90 f   bg_panimate.obj
 0001:00025bb0       _BG_SaberInTransitionAny   20026bb0 f   bg_panimate.obj
 0001:00025be0       _BG_InitAnimsets           20026be0 f   bg_panimate.obj
 0001:00025c00       _BG_AnimsetAlloc           20026c00 f   bg_panimate.obj
 0001:00025c30       _BG_ParseAnimationFile     20026c30 f   bg_panimate.obj
 0001:00025fa0       _PM_ContinueLegsAnim       20026fa0 f   bg_panimate.obj
 0001:00025fd0       _BG_StartTorsoAnim         20026fd0 f   bg_panimate.obj
 0001:00026010       _PM_StartTorsoAnim         20027010 f   bg_panimate.obj
 0001:00026050       _BG_SetLegsAnimTimer       20027050 f   bg_panimate.obj
 0001:00026120       _BG_SetTorsoAnimTimer      20027120 f   bg_panimate.obj
 0001:000261f0       _BG_SaberStartTransAnim    200271f0 f   bg_panimate.obj
 0001:000262f0       _BG_SetAnimFinal           200272f0 f   bg_panimate.obj
 0001:000265b0       _BG_HasAnimation           200275b0 f   bg_panimate.obj
 0001:00026600       _BG_PickAnim               20027600 f   bg_panimate.obj
 0001:00026670       _BG_SetAnim                20027670 f   bg_panimate.obj
 0001:000267a0       _PM_SetAnim                200277a0 f   bg_panimate.obj
 0001:000267d0       _BG_InSpecialJump          200277d0 f   bg_panimate.obj
 0001:000268d0       _BG_InKnockDownOnGround    200278d0 f   bg_panimate.obj
 0001:00026960       _PM_ForceLegsAnim          20027960 f   bg_panimate.obj
 0001:00026a10       _PM_BGEntForNum            20027a10 f   bg_pmove.obj
 0001:00026a40       _BG_SabersOff              20027a40 f   bg_pmove.obj
 0001:00026a70       _BG_KnockDownable          20027a70 f   bg_pmove.obj
 0001:00026aa0       _PM_GetSaberStance         20027aa0 f   bg_pmove.obj
 0001:00026b90       _PM_pitch_roll_for_slope   20027b90 f   bg_pmove.obj
 0001:00026ec0       _PM_SetSpecialMoveValues   20027ec0 f   bg_pmove.obj
 0001:00027370       _BG_VehicleTurnRateForSpeed 20028370 f   bg_pmove.obj
 0001:00027530       _PM_AddEvent               20028530 f   bg_pmove.obj
 0001:00027550       _PM_AddEventWithParm       20028550 f   bg_pmove.obj
 0001:00027570       _PM_AddTouchEnt            20028570 f   bg_pmove.obj
 0001:000275c0       _PM_ClipVelocity           200285c0 f   bg_pmove.obj
 0001:00027c70       _PM_ForceJumpingUp         20028c70 f   bg_pmove.obj
 0001:00027dc0       _PM_SetPMViewAngle         20028dc0 f   bg_pmove.obj
 0001:00027e30       _PM_AdjustAngleForWallRun  20028e30 f   bg_pmove.obj
 0001:00028220       _PM_AdjustAngleForWallRunUp 20029220 f   bg_pmove.obj
 0001:00028630       _PM_AdjustAngleForWallJump 20029630 f   bg_pmove.obj
 0001:00028a70       _PM_SetForceJumpZStart     20029a70 f   bg_pmove.obj
 0001:00028ab0       _PM_GrabWallForJump        20029ab0 f   bg_pmove.obj
 0001:0002cda0       _PM_CheckDualForwardJumpDuck 2002dda0 f   bg_pmove.obj
 0001:0002ce30       _PM_CheckFixMins           2002de30 f   bg_pmove.obj
 0001:0002d450       _PM_Use                    2002e450 f   bg_pmove.obj
 0001:0002d4b0       _PM_WalkingAnim            2002e4b0 f   bg_pmove.obj
 0001:0002d510       _PM_RunningAnim            2002e510 f   bg_pmove.obj
 0001:0002d560       _PM_SwimmingAnim           2002e560 f   bg_pmove.obj
 0001:0002d580       _PM_RollingAnim            2002e580 f   bg_pmove.obj
 0001:0002d5a0       _PM_FootSlopeTrace         2002e5a0 f   bg_pmove.obj
 0001:0002d7c0       _BG_InSlopeAnim            2002e7c0 f   bg_pmove.obj
 0001:0002d7e0       _PM_AdjustStandAnimForSlope 2002e7e0 f   bg_pmove.obj
 0001:0002dcc0       _PM_LegsSlopeBackTransition 2002ecc0 f   bg_pmove.obj
 0001:0002ecb0       _BG_ClearRocketLock        2002fcb0 f   bg_pmove.obj
 0001:0002ece0       _PM_BeginWeaponChange      2002fce0 f   bg_pmove.obj
 0001:0002ed90       _PM_FinishWeaponChange     2002fd90 f   bg_pmove.obj
 0001:0002ee10       _BG_VehTraceFromCamPos     2002fe10 f   bg_pmove.obj
 0001:0002eff0       _PM_RocketLock             2002fff0 f   bg_pmove.obj
 0001:0002f900       _PM_VehicleWeaponAnimate   20030900 f   bg_pmove.obj
 0001:00031310       _BG_UnrestrainedPitchRoll  20032310 f   bg_pmove.obj
 0001:00031350       _PM_UpdateViewAngles       20032350 f   bg_pmove.obj
 0001:00031440       _PM_AdjustAttackStates     20032440 f   bg_pmove.obj
 0001:00031710       _BG_CmdForRoll             20032710 f   bg_pmove.obj
 0001:00031920       _BG_AdjustClientSpeed      20032920 f   bg_pmove.obj
 0001:00031c80       _BG_InRollAnim             20032c80 f   bg_pmove.obj
 0001:00031ca0       _BG_InKnockDown            20032ca0 f   bg_pmove.obj
 0001:00031cf0       _BG_InRollES               20032cf0 f   bg_pmove.obj
 0001:00031d10       _BG_IK_MoveArm             20032d10 f   bg_pmove.obj
 0001:000321d0       _BG_ClassHasBadBones       200331d0 f   bg_pmove.obj
 0001:00032210       _BG_BoneOrientationsForClass 20033210 f   bg_pmove.obj
 0001:00032360       _BG_UpdateLookAngles       20033360 f   bg_pmove.obj
 0001:00032fa0       _BG_InRoll2                20033fa0 f   bg_pmove.obj
 0001:00033030       _BG_G2PlayerAngles         20034030 f   bg_pmove.obj
 0001:00033d20       _BG_G2ATSTAngles           20034d20 f   bg_pmove.obj
 0001:00034080       _PM_VehicleViewAngles      20035080 f   bg_pmove.obj
 0001:00034280       _PM_WeaponOkOnVehicle      20035280 f   bg_pmove.obj
 0001:000342a0       _PM_GetOkWeaponForVehicle  200352a0 f   bg_pmove.obj
 0001:000342e0       _PM_VehForcedTurning       200352e0 f   bg_pmove.obj
 0001:00034480       _PM_VehFaceHyperspacePoint 20035480 f   bg_pmove.obj
 0001:00034740       _BG_VehicleAdjustBBoxForOrientation 20035740 f   bg_pmove.obj
 0001:00034c70       _PM_MoveForKata            20035c70 f   bg_pmove.obj
 0001:00034dc0       _PM_HoverTrace             20035dc0 f   bg_pmove.obj
 0001:000352a0       _PmoveSingle               200362a0 f   bg_pmove.obj
 0001:000367b0       _Pmove                     200377b0 f   bg_pmove.obj
 0001:00036860       _PM_irand_timesync         20037860 f   bg_saber.obj
 0001:000368b0       _BG_ForcePowerDrain        200378b0 f   bg_saber.obj
 0001:000369a0       _BG_EnoughForcePowerForMove 200379a0 f   bg_saber.obj
 0001:000369d0       _PM_SaberMoveQuadrantForMovement 200379d0 f   bg_saber.obj
 0001:00036a30       _PM_SaberInBounce          20037a30 f   bg_saber.obj
 0001:00036a60       _PM_SaberAttackChainAngle  20037a60 f   bg_saber.obj
 0001:00036aa0       _PM_SaberKataDone          20037aa0 f   bg_saber.obj
 0001:00036bf0       _PM_SaberLockWinAnim       20037bf0 f   bg_saber.obj
 0001:00036d60       _PM_SaberLockLoseAnim      20037d60 f   bg_saber.obj
 0001:00036e50       _PM_SaberLockResultAnim    20037e50 f   bg_saber.obj
 0001:00036f30       _PM_SaberLockBreak         20037f30 f   bg_saber.obj
 0001:00037260       _BG_CheckIncrementLockAnim 20038260 f   bg_saber.obj
 0001:00037310       _PM_SaberLocked            20038310 f   bg_saber.obj
 0001:00037670       _PM_SaberInBrokenParry     20038670 f   bg_saber.obj
 0001:000376a0       _PM_BrokenParryForParry    200386a0 f   bg_saber.obj
 0001:000377a0       _PM_CanBackstab            200387a0 f   bg_saber.obj
 0001:000378d0       _PM_JMCanBackstab          200388d0 f   bg_saber.obj
 0001:000379e0       _PM_CanLunge               200389e0 f   bg_saber.obj
 0001:00037af0       _PM_JMCanLunge             20038af0 f   bg_saber.obj
 0001:00037c00       _PM_GroundDistance         20038c00 f   bg_saber.obj
 0001:00037cc0       _PM_WalkableGroundDistance 20038cc0 f   bg_saber.obj
 0001:00037d90       _PM_KickMoveForConditions  20038d90 f   bg_saber.obj
 0001:00037dd0       _PM_SaberPowerCheck        20038dd0 f   bg_saber.obj
 0001:00037e20       _PM_SaberDroidWeapon       20038e20 f   bg_saber.obj
 0001:00037fe0       _BG_MySaber                20038fe0 f   bg_saber.obj
 0001:00038030       _PM_SaberAnimTransitionAnim 20039030 f   bg_saber.obj
 0001:000381b0       _PM_CheckStabDown          200391b0 f   bg_saber.obj
 0001:000383a0       _PM_SaberFlipOverAttackMove 200393a0 f   bg_saber.obj
 0001:00038510       _PM_SaberBackflipAttackMove 20039510 f   bg_saber.obj
 0001:000385f0       _PM_SaberLungeAttackMove   200395f0 f   bg_saber.obj
 0001:00038760       _PM_SaberJumpAttackMove2   20039760 f   bg_saber.obj
 0001:00038840       _PM_SaberJumpAttackMove    20039840 f   bg_saber.obj
 0001:00038a60       _PM_SaberAttackForMovement 20039a60 f   bg_saber.obj
 0001:00039ad0       _PM_CanDoKata              2003aad0 f   bg_saber.obj
 0001:00039c00       _PM_CheckAltKickAttack     2003ac00 f   bg_saber.obj
 0001:00039cc0       _PM_CanDoRollStab          2003acc0 f   bg_saber.obj
 0001:00039d40       _PM_SetSaberMove           2003ad40 f   bg_saber.obj
 0001:0003a4a0       _PM_WeaponLightsaber       2003b4a0 f   bg_saber.obj
 0001:0003b590       _BG_ParseLiteral           2003c590 f   bg_saberLoad.obj
 0001:0003b5f0       _TranslateSaberColor       2003c5f0 f   bg_saberLoad.obj
 0001:0003b6b0       _TranslateSaberStyle       2003c6b0 f   bg_saberLoad.obj
 0001:0003b770       _WP_SaberBladeUseSecondBladeStyle 2003c770 f   bg_saberLoad.obj
 0001:0003b7a0       _WP_SaberBladeDoTransitionDamage 2003c7a0 f   bg_saberLoad.obj
 0001:0003b7f0       _WP_UseFirstValidSaberStyle 2003c7f0 f   bg_saberLoad.obj
 0001:0003b920       _WP_SaberStyleValidForSaber 2003c920 f   bg_saberLoad.obj
 0001:0003ba40       _WP_SaberCanTurnOffSomeBlades 2003ca40 f   bg_saberLoad.obj
 0001:0003ba80       _WP_SaberSetDefaults       2003ca80 f   bg_saberLoad.obj
 0001:0003bdc0       _WP_SaberParseParms        2003cdc0 f   bg_saberLoad.obj
 0001:0003e3d0       _WP_SaberParseParm         2003f3d0 f   bg_saberLoad.obj
 0001:0003e510       _WP_SaberValidForPlayerInMP 2003f510 f   bg_saberLoad.obj
 0001:0003e570       _WP_SaberLoadParms         2003f570 f   bg_saberLoad.obj
 0001:0003e6c0       _BG_SI_Deactivate          2003f6c0 f   bg_saberLoad.obj
 0001:0003e700       _WP_RemoveSaber            2003f700 f   bg_saberLoad.obj
 0001:0003e770       _WP_SetSaber               2003f770 f   bg_saberLoad.obj
 0001:0003e830       _BG_SiegeStripTabs         2003f830 f   bg_saga.obj
 0001:0003e870       _BG_SiegeGetValueGroup     2003f870 f   bg_saga.obj
 0001:0003ebc0       _BG_SiegeGetPairedValue    2003fbc0 f   bg_saga.obj
 0001:0003ee40       _BG_SiegeTranslateForcePowers 2003fe40 f   bg_saga.obj
 0001:0003f030       _BG_SiegeTranslateGenericTable 20040030 f   bg_saga.obj
 0001:0003f130       _BG_SiegeParseClassFile    20040130 f   bg_saga.obj
 0001:0003f9e0       _BG_SiegeLoadClasses       200409e0 f   bg_saga.obj
 0001:0003fb00       _BG_SiegeFindClassByName   20040b00 f   bg_saga.obj
 0001:0003fb50       _BG_SiegeParseTeamFile     20040b50 f   bg_saga.obj
 0001:0003fd50       _BG_SiegeLoadTeams         20040d50 f   bg_saga.obj
 0001:0003fe50       _BG_SiegeFindThemeForTeam  20040e50 f   bg_saga.obj
 0001:0003fe80       _BG_PrecacheSabersForSiegeTeam 20040e80 f   bg_saga.obj
 0001:0003ff60       _BG_SiegeCheckClassLegality 20040f60 f   bg_saga.obj
 0001:0003fff0       _BG_SiegeFindTeamForTheme  20040ff0 f   bg_saga.obj
 0001:00040040       _BG_SiegeSetTeamTheme      20041040 f   bg_saga.obj
 0001:00040070       _BG_SiegeFindClassIndexByName 20041070 f   bg_saga.obj
 0001:000400c0       _BG_GetClassOnBaseClass    200410c0 f   bg_saga.obj
 0001:00040140       _PM_VehicleImpact          20041140 f   bg_slidemove.obj
 0001:00040f30       _PM_GroundSlideOkay        20041f30 f   bg_slidemove.obj
 0001:00040fb0       _PM_ClientImpact           20041fb0 f   bg_slidemove.obj
 0001:00041060       _PM_SlideMove              20042060 f   bg_slidemove.obj
 0001:00041840       _PM_StepSlideMove          20042840 f   bg_slidemove.obj
 0001:000420b0       _VEH_LoadVehWeapon         200430b0 f   bg_vehicleLoad.obj
 0001:00042270       _VEH_VehWeaponIndexForName 20043270 f   bg_vehicleLoad.obj
 0001:00042310       _BG_SetSharedVehicleFunctions 20043310 f   bg_vehicleLoad.obj
 0001:00042370       _BG_VehicleSetDefaults     20043370 f   bg_vehicleLoad.obj
 0001:000423e0       _BG_VehicleClampData       200433e0 f   bg_vehicleLoad.obj
 0001:00042700       _BG_VehWeaponLoadParms     20043700 f   bg_vehicleLoad.obj
 0001:000428a0       _BG_VehicleUnloadParms     200438a0 f   bg_vehicleLoad.obj
 0001:000428c0       _BG_VehicleLoadParms       200438c0 f   bg_vehicleLoad.obj
 0001:00042bf0       _AttachRidersGeneric       20043bf0 f   bg_vehicleLoad.obj
 0001:00042ca0       _VEH_LoadVehicle           20043ca0 f   bg_vehicleLoad.obj
 0001:00043450       _VEH_VehicleIndexForName   20044450 f   bg_vehicleLoad.obj
 0001:000434f0       _BG_VehicleGetIndex        200444f0 f   bg_vehicleLoad.obj
 0001:00043500       _BG_GetVehicleModelName    20044500 f   bg_vehicleLoad.obj
 0001:00043590       _BG_GetNextValueGroup      20044590 f   bg_weaponsdat.obj
 0001:00043640       _BG_LoadWeaponsData        20044640 f   bg_weaponsdat.obj
 0001:000439b0       _BG_FighterUpdate          200449b0 f   FighterNPC.obj
 0001:00043c00       _FighterIsInSpace          20044c00 f   FighterNPC.obj
 0001:00043c30       _FighterOverValidLandingSurface 20044c30 f   FighterNPC.obj
 0001:00043c60       _FighterIsLanded           20044c60 f   FighterNPC.obj
 0001:00043ca0       _FighterIsLanding          20044ca0 f   FighterNPC.obj
 0001:00043d10       _FighterIsLaunching        20044d10 f   FighterNPC.obj
 0001:00043d80       _FighterSuspended          20044d80 f   FighterNPC.obj
 0001:00044dd0       _FighterYawAdjust          20045dd0 f   FighterNPC.obj
 0001:00044ed0       _FighterPitchAdjust        20045ed0 f   FighterNPC.obj
 0001:000459c0       _G_SetFighterVehicleFunctions 200469c0 f   FighterNPC.obj
 0001:00045a10       _P_DamageFeedback          20046a10 f   g_active.obj
 0001:00045be0       _P_WorldEffects            20046be0 f   g_active.obj
 0001:00045d90       _DoImpact                  20046d90 f   g_active.obj
 0001:000461f0       _Client_CheckImpactBBrush  200471f0 f   g_active.obj
 0001:00046290       _G_SetClientSound          20047290 f   g_active.obj
 0001:00046340       _ClientImpacts             20047340 f   g_active.obj
 0001:000463f0       _G_TouchTriggers           200473f0 f   g_active.obj
 0001:00046600       _G_MoverTouchPushTriggers  20047600 f   g_active.obj
 0001:000468c0       _SpectatorThink            200478c0 f   g_active.obj
 0001:00046a30       _ClientInactivityTimer     20047a30 f   g_active.obj
 0001:00046b40       _ClientTimerActions        20047b40 f   g_active.obj
 0001:00046bc0       _ClientIntermissionThink   20047bc0 f   g_active.obj
 0001:00046c00       _G_CheapWeaponFire         20047c00 f   g_active.obj
 0001:00046d20       _ClientEvents              20047d20 f   g_active.obj
 0001:00046f90       _SendPendingPredictableEvents 20047f90 f   g_active.obj
 0001:00047280       _G_UpdateClientBroadcasts  20048280 f   g_active.obj
 0001:000472b0       _G_AddPushVecToUcmd        200482b0 f   g_active.obj
 0001:000474a0       _G_StandingAnim            200484a0 f   g_active.obj
 0001:000474e0       _G_ActionButtonPressed     200484e0 f   g_active.obj
 0001:00047520       _G_CheckClientIdle         20048520 f   g_active.obj
 0001:000479a0       _NPC_Accelerate            200489a0 f   g_active.obj
 0001:00047b90       _G_CheckMovingLoopingSounds 20048b90 f   g_active.obj
 0001:00047d30       _G_HeldByMonster           20048d30 f   g_active.obj
 0001:00047ea0       _G_SetTauntAnim            20048ea0 f   g_active.obj
 0001:00048430       _G_CheckClientTimeouts     20049430 f   g_active.obj
 0001:00048480       _ClientThink               20049480 f   g_active.obj
 0001:00048510       _SpectatorClientEndFrame   20049510 f   g_active.obj
 0001:00048610       _ClientEndFrame            20049610 f   g_active.obj
 0001:000487d0       _ClientThink_real          200497d0 f   g_active.obj
 0001:0004b560       _G_RunClient               2004c560 f   g_active.obj
 0001:0004b5a0       _Touch_Autosave            2004c5a0 f   g_autosave.obj
 0001:0004b5e0       _SpawnPointRender          2004c5e0 f   g_autosave.obj
 0001:0004b670       _AutosaveRender            2004c670 f   g_autosave.obj
 0001:0004b740       _Create_Autosave           2004c740 f   g_autosave.obj
 0001:0004b810       _Load_Autosaves            2004c810 f   g_autosave.obj
 0001:0004b960       _Save_Autosaves            2004c960 f   g_autosave.obj
 0001:0004bba0       _Delete_Autosaves          2004cba0 f   g_autosave.obj
 0001:0004bcf0       _trap_Cvar_VariableValue   2004ccf0 f   g_bot.obj
 0001:0004bd30       _G_ParseInfos              2004cd30 f   g_bot.obj
 0001:0004bfc0       _G_GetMapTypeBits          2004cfc0 f   g_bot.obj
 0001:0004c0c0       _G_DoesMapSupportGametype  2004d0c0 f   g_bot.obj
 0001:0004c160       _G_RefreshNextMap          2004d160 f   g_bot.obj
 0001:0004c290       _G_LoadArenas              2004d290 f   g_bot.obj
 0001:0004c4c0       _G_GetArenaInfoByMap       2004d4c0 f   g_bot.obj
 0001:0004c510       _G_AddRandomBot            2004d510 f   g_bot.obj
 0001:0004c820       _G_RemoveRandomBot         2004d820 f   g_bot.obj
 0001:0004c8f0       _G_CountHumanPlayers       2004d8f0 f   g_bot.obj
 0001:0004c970       _G_CountBotPlayers         2004d970 f   g_bot.obj
 0001:0004ca30       _G_CheckMinimumPlayers     2004da30 f   g_bot.obj
 0001:0004cdd0       _G_CheckBotSpawn           2004ddd0 f   g_bot.obj
 0001:0004ce60       _G_RemoveQueuedBotBegin    2004de60 f   g_bot.obj
 0001:0004ce90       _G_BotConnect              2004de90 f   g_bot.obj
 0001:0004cf90       _Svcmd_BotList_f           2004df90 f   g_bot.obj
 0001:0004d350       _G_GetBotInfoByName        2004e350 f   g_bot.obj
 0001:0004d3a0       _G_InitBots                2004e3a0 f   g_bot.obj
 0001:0004da40       _Svcmd_AddBot_f            2004ea40 f   g_bot.obj
 0001:0004dbc0       _misc_model_breakable_die  2004ebc0 f   g_breakable.obj
 0001:0004e090       _misc_model_throw_at_target4 2004f090 f   g_breakable.obj
 0001:0004e290       _misc_model_use            2004f290 f   g_breakable.obj
 0001:0004e360       _misc_model_breakable_pain 2004f360 f   g_breakable.obj
 0001:0004e3a0       _misc_model_breakable_init 2004f3a0 f   g_breakable.obj
 0001:0004e490       _misc_model_breakable_gravity_init 2004f490 f   g_breakable.obj
 0001:0004e730       _SP_misc_model_breakable   2004f730 f   g_breakable.obj
 0001:0004ec50       _GCam_FollowUpdate         2004fc50 f   g_camera.obj
 0001:0004efe0       _GCam_Move                 2004ffe0 f   g_camera.obj
 0001:0004f0a0       _GCam_Follow               200500a0 f   g_camera.obj
 0001:0004f140       _GCam_Enable               20050140 f   g_camera.obj
 0001:0004f1b0       _GCam_Pan                  200501b0 f   g_camera.obj
 0001:0004f3a0       _EnablePlayerCameraPos     200503a0 f   g_camera.obj
 0001:0004f5c0       _DisablePlayerCameraPos    200505c0 f   g_camera.obj
 0001:0004f6c0       _UpdatePlayerCameraOrigin  200506c0 f   g_camera.obj
 0001:0004f730       _UpdatePlayerCameraAngle   20050730 f   g_camera.obj
 0001:0004f7a0       _GCam_Update               200507a0 f   g_camera.obj
 0001:0004fab0       _GCam_Disable              20050ab0 f   g_camera.obj
 0001:0004fb00       _UpdatePlayerCameraPos     20050b00 f   g_camera.obj
 0001:0004fbc0       _SP_info_player_duel1      20050bc0 f   g_client.obj
 0001:0004fbc0       _SP_info_player_duel       20050bc0 f   g_client.obj
 0001:0004fbc0       _SP_info_player_duel2      20050bc0 f   g_client.obj
 0001:0004fc20       _SP_info_player_deathmatch 20050c20 f   g_client.obj
 0001:0004fc90       _SP_info_player_start      20050c90 f   g_client.obj
 0001:0004fcb0       _SP_info_player_start_blue 20050cb0 f   g_client.obj
 0001:0004fcb0       _SP_info_player_start_red  20050cb0 f   g_client.obj
 0001:0004fcc0       _SiegePointUse             20050cc0 f   g_client.obj
 0001:0004fce0       _SP_info_player_siegeteam1 20050ce0 f   g_client.obj
 0001:0004fce0       _SP_info_player_siegeteam2 20050ce0 f   g_client.obj
 0001:0004fd40       _ThrowSaberToAttacker      20050d40 f   g_client.obj
 0001:00050000       _JMSaberThink              20051000 f   g_client.obj
 0001:00050170       _JMSaberTouch              20051170 f   g_client.obj
 0001:00050410       _SP_info_jedimaster_start  20051410 f   g_client.obj
 0001:00050520       _SpotWouldTelefrag         20051520 f   g_client.obj
 0001:000505d0       _SpotWouldTelefrag2        200515d0 f   g_client.obj
 0001:000506a0       _SelectRandomDeathmatchSpawnPoint 200516a0 f   g_client.obj
 0001:00050730       _SelectRandomFurthestSpawnPoint 20051730 f   g_client.obj
 0001:00050c20       _SelectDuelSpawnPoint      20051c20 f   g_client.obj
 0001:00050f60       _SelectSpawnPoint          20051f60 f   g_client.obj
 0001:00050f70       _SelectInitialSpawnPoint   20051f70 f   g_client.obj
 0001:00051020       _BodySink                  20052020 f   g_client.obj
 0001:000513f0       _SetClientViewAngle        200523f0 f   g_client.obj
 0001:000514b0       _MaintainBodyQueue         200524b0 f   g_client.obj
 0001:00051540       _TeamCount                 20052540 f   g_client.obj
 0001:000515b0       _TeamLeader                200525b0 f   g_client.obj
 0001:00051600       _PickTeam                  20052600 f   g_client.obj
 0001:00051740       _G_SaberModelSetup         20052740 f   g_client.obj
 0001:000518e0       _SetupGameGhoul2Model      200528e0 f   g_client.obj
 0001:00052360       _ClientUserinfoChanged     20053360 f   g_client.obj
 0001:00052e70       _ClientConnect             20053e70 f   g_client.obj
 0001:000531e0       _AllForceDisabled          200541e0 f   g_client.obj
 0001:00053210       _G_BreakArm                20054210 f   g_client.obj
 0001:00053320       _G_UpdateClientAnims       20054320 f   g_client.obj
 0001:00053760       _ClientDisconnect          20054760 f   g_client.obj
 0001:00053aa0       _FindYoungestPlayeronTeam  20054aa0 f   g_client.obj
 0001:00053b60       _CheckTeamBotBalance       20054b60 f   g_client.obj
 0001:00053c60       _CheckTeamBalance          20054c60 f   g_client.obj
 0001:00053e10       _G_StandardHumanoid        20054e10 f   g_client.obj
 0001:00053ef0       _OJP_AllPlayersHaveClientPlugin 20054ef0 f   g_client.obj
 0001:00053f30       _ClientSpawn               20054f30 f   g_client.obj
 0001:00055690       _respawn                   20056690 f   g_client.obj
 0001:00055840       _ClientBegin               20056840 f   g_client.obj
 0001:00055e10       _DeathmatchScoreboardMessage 20056e10 f   g_cmds.obj
 0001:00056010       _Cmd_Score_f               20057010 f   g_cmds.obj
 0001:00056020       _CheatsOk                  20057020 f   g_cmds.obj
 0001:000560c0       _ConcatArgs                200570c0 f   g_cmds.obj
 0001:00056180       _SanitizeString            20057180 f   g_cmds.obj
 0001:000561d0       _ClientNumberFromString    200571d0 f   g_cmds.obj
 0001:00056370       _Cmd_Give_f                20057370 f   g_cmds.obj
 0001:00056820       _Cmd_God_f                 20057820 f   g_cmds.obj
 0001:00056880       _Cmd_Notarget_f            20057880 f   g_cmds.obj
 0001:000568e0       _Cmd_Noclip_f              200578e0 f   g_cmds.obj
 0001:00056960       _Cmd_LevelShot_f           20057960 f   g_cmds.obj
 0001:000569d0       _Cmd_TeamTask_f            200579d0 f   g_cmds.obj
 0001:00056a70       _G_CheckTKAutoKickBan      20057a70 f   g_cmds.obj
 0001:00056bd0       _Cmd_Kill_f                20057bd0 f   g_cmds.obj
 0001:00056e10       _BroadcastTeamChange       20057e10 f   g_cmds.obj
 0001:00056f30       _G_PowerDuelCheckFail      20057f30 f   g_cmds.obj
 0001:00056fa0       _SetTeam                   20057fa0 f   g_cmds.obj
 0001:000574c0       _Cmd_Team_f                200584c0 f   g_cmds.obj
 0001:000576a0       _Cmd_DuelTeam_f            200586a0 f   g_cmds.obj
 0001:00057920       _G_TeamForSiegeClass       20058920 f   g_cmds.obj
 0001:000579a0       _Cmd_SiegeClass_f          200589a0 f   g_cmds.obj
 0001:00057bd0       _Cmd_ForceChanged_f        20058bd0 f   g_cmds.obj
 0001:00057cb0       _G_SetSaber                20058cb0 f   g_cmds.obj
 0001:00057eb0       _Cmd_FollowCycle_f         20058eb0 f   g_cmds.obj
 0001:000580b0       _BotOrderParser            200590b0 f   g_cmds.obj
 0001:00058360       _G_Say                     20059360 f   g_cmds.obj
 0001:00058860       _Cmd_GameCommand_f         20059860 f   g_cmds.obj
 0001:00058900       _Cmd_Where_f               20059900 f   g_cmds.obj
 0001:00058990       _G_ClientNumberFromName    20059990 f   g_cmds.obj
 0001:00058a40       _SanitizeString2           20059a40 f   g_cmds.obj
 0001:00058aa0       _G_ClientNumberFromStrippedName 20059aa0 f   g_cmds.obj
 0001:00058b40       _Cmd_CallTeamVote_f        20059b40 f   g_cmds.obj
 0001:000591f0       _Cmd_TeamVote_f            2005a1f0 f   g_cmds.obj
 0001:00059390       _Cmd_SetViewpos_f          2005a390 f   g_cmds.obj
 0001:000594b0       _G_LeaveVehicle            2005a4b0 f   g_cmds.obj
 0001:00059580       _G_ItemUsable              2005a580 f   g_cmds.obj
 0001:00059950       _Cmd_ToggleSaber_f         2005a950 f   g_cmds.obj
 0001:00059b20       _Cmd_SaberAttackCycle_f    2005ab20 f   g_cmds.obj
 0001:00059f80       _G_OtherPlayersDueling     2005af80 f   g_cmds.obj
 0001:00059fc0       _Cmd_EngageDuel_f          2005afc0 f   g_cmds.obj
 0001:0005a540       _TryGrapple                2005b540 f   g_cmds.obj
 0001:0005a620       _StopFollowing             2005b620 f   g_cmds.obj
 0001:0005a760       _Cmd_Follow_f              2005b760 f   g_cmds.obj
 0001:0005a870       _Cmd_CallVote_f            2005b870 f   g_cmds.obj
 0001:0005b200       _Cmd_Vote_f                2005c200 f   g_cmds.obj
 0001:0005b3c0       _ClientCommand             2005c3c0 f   g_cmds.obj
 0001:0005c230       _ObjectDie                 2005d230 f   g_combat.obj
 0001:0005c260       _G_HeavyMelee              2005d260 f   g_combat.obj
 0001:0005c2a0       _G_GetHitLocation          2005d2a0 f   g_combat.obj
 0001:0005c720       _AddScore                  2005d720 f   g_combat.obj
 0001:0005c780       _TossClientWeapon          2005d780 f   g_combat.obj
 0001:0005c970       _TossClientItems           2005d970 f   g_combat.obj
 0001:0005cc70       _BodyRid                   2005dc70 f   g_combat.obj
 0001:0005cc90       _body_die                  2005dc90 f   g_combat.obj
 0001:0005cdf0       _G_InKnockDown             2005ddf0 f   g_combat.obj
 0001:0005d5d0       _G_GetJediMaster           2005e5d0 f   g_combat.obj
 0001:0005d620       _G_AlertTeam               2005e620 f   g_combat.obj
 0001:0005d820       _DeathFX                   2005e820 f   g_combat.obj
 0001:0005dd20       _G_CheckVictoryScript      2005ed20 f   g_combat.obj
 0001:0005de40       _G_AddPowerDuelScore       2005ee40 f   g_combat.obj
 0001:0005deb0       _G_AddPowerDuelLoserScore  2005eeb0 f   g_combat.obj
 0001:0005df20       _G_BroadcastObit           2005ef20 f   g_combat.obj
 0001:0005e040       _CheckArmor                2005f040 f   g_combat.obj
 0001:0005e210       _G_Throw                   2005f210 f   g_utils.obj
 0001:0005e210       _G_ApplyKnockback          2005f210 f   g_combat.obj
 0001:0005e3b0       _G_GetDismemberLoc         2005f3b0 f   g_combat.obj
 0001:0005e670       _G_GetDismemberBolt        2005f670 f   g_combat.obj
 0001:0005e980       _LimbThink                 2005f980 f   g_combat.obj
 0001:0005ea60       _G_Dismember               2005fa60 f   g_combat.obj
 0001:0005f150       _G_GetHitQuad              20060150 f   g_combat.obj
 0001:0005f2d0       _G_GetHitLocFromSurfName   200602d0 f   g_combat.obj
 0001:000601e0       _G_CheckForDismemberment   200611e0 f   g_combat.obj
 0001:00060420       _G_CheckForblowingup       20061420 f   g_combat.obj
 0001:000605e0       _G_LocationBasedDamageModifier 200615e0 f   g_combat.obj
 0001:00060790       _G_ThereIsAMaster          20061790 f   g_combat.obj
 0001:000607d0       _G_Knockdown               200617d0 f   g_combat.obj
 0001:00060900       _G_ApplyVehicleOtherKiller 20061900 f   g_combat.obj
 0001:00060bc0       _G_Damage                  20061bc0 f   g_combat.obj
 0001:000626e0       _G_DamageFromKiller        200636e0 f   g_combat.obj
 0001:00062810       _CanDamage                 20063810 f   g_combat.obj
 0001:00062a50       _G_RadiusDamage            20063a50 f   g_combat.obj
 0001:00062cf0       _player_die                20063cf0 f   g_combat.obj
 0001:000644f0       _EnumModules@12            200654f0 f   g_crash.obj
 0001:00064510       _ExceptionName             20065510 f   g_crash.obj
 0001:00064730       _win32_backtrace           20065730 f   g_crash.obj
 0001:00064900       _win32_exception_handler@4 20065900 f   g_crash.obj
 0001:00064a50       _win32_initialize_handler  20065a50 f   g_crash.obj
 0001:00064b60       _EnableStackTrace          20065b60 f   g_crash.obj
 0001:00064b70       _DisableStackTrace         20065b70 f   g_crash.obj
 0001:00064bc0       _LoadDMSSongData           20065bc0 f   g_dynmusic.obj
 0001:00064dc0       _LoadLengthforSong         20065dc0 f   g_dynmusic.obj
 0001:00064ef0       _LoadDMSSongLengths        20065ef0 f   g_dynmusic.obj
 0001:00064ff0       _LoadDynamicMusicGroup     20065ff0 f   g_dynmusic.obj
 0001:00065170       _TransitionBetweenState    20066170 f   g_dynmusic.obj
 0001:000652c0       _SetDMSState               200662c0 f   g_dynmusic.obj
 0001:000652f0       _LoadDynamicMusic          200662f0 f   g_dynmusic.obj
 0001:00065390       _G_DynamicMusicUpdate      20066390 f   g_dynmusic.obj
 0001:00065820       _G_RunExPhys               20066820 f   g_exphysics.obj
 0001:00065f70       _Q3_TaskIDClear            20066f70 f   g_ICARUScb.obj
 0001:00065f80       _G_DebugPrint              20066f80 f   g_ICARUScb.obj
 0001:00066110       _Icarus_SoundTime          20067110 f   g_ICARUScb.obj
 0001:000661e0       _Q3_PlaySound              200671e0 f   g_ICARUScb.obj
 0001:00066390       _Q3_Play                   20067390 f   g_ICARUScb.obj
 0001:00066460       _anglerCallback            20067460 f   g_ICARUScb.obj
 0001:00066510       _Blocked_Mover             20067510 f   g_ICARUScb.obj
 0001:00066580       _Q3_Lerp2Angles            20067580 f   g_ICARUScb.obj
 0001:000666e0       _Q3_GetTag                 200676e0 f   g_ICARUScb.obj
 0001:00066740       _Q3_Use                    20067740 f   g_ICARUScb.obj
 0001:000667a0       _Q3_Kill                   200677a0 f   g_ICARUScb.obj
 0001:00066970       _Q3_Remove                 20067970 f   g_ICARUScb.obj
 0001:00066a10       _MoveOwner                 20067a10 f   g_ICARUScb.obj
 0001:000678f0       _Q3_SetInvisible           200688f0 f   g_ICARUScb.obj
 0001:00067bd0       _Q3_SetLoopSound           20068bd0 f   g_ICARUScb.obj
 0001:00067c50       _Q3_SetICARUSFreeze        20068c50 f   g_ICARUScb.obj
 0001:00067cb0       _Q3_SetViewEntity          20068cb0 f   g_ICARUScb.obj
 0001:00067cd0       _InitSpawnScriptValues     20068cd0 f   g_ICARUScb.obj
 0001:00067d40       _G_SetWeapon               20068d40 f   g_ICARUScb.obj
 0001:00068520       _Q3_SetParm                20069520 f   g_ICARUScb.obj
 0001:00068b10       _SolidifyOwner             20069b10 f   g_ICARUScb.obj
 0001:00069300       _ICam_Enable               2006a300 f   g_ICARUScb.obj
 0001:00069330       _ICam_Disable              2006a330 f   g_ICARUScb.obj
 0001:00069380       _ICam_Move                 2006a380 f   g_ICARUScb.obj
 0001:000693d0       _ICam_Pan                  2006a3d0 f   g_ICARUScb.obj
 0001:00069440       _ICam_Zoom                 2006a440 f   g_ICARUScb.obj
 0001:00069470       _ICam_Fade                 2006a470 f   g_ICARUScb.obj
 0001:000694e0       _ICam_Follow               2006a4e0 f   g_ICARUScb.obj
 0001:00069640       _ProcessTag                2006a640 f   g_ICARUScb.obj
 0001:00069770       _ParseTags                 2006a770 f   g_ICARUScb.obj
 0001:000697b0       _ICam_Shake                2006a7b0 f   g_ICARUScb.obj
 0001:000697e0       _UpdatePlayerScriptTarget  2006a7e0 f   g_ICARUScb.obj
 0001:000698a0       _RemoveComma               2006a8a0 f   g_ICARUScb.obj
 0001:000698d0       _Q3_SetBroadcast           2006a8d0 f   g_ICARUScb.obj
 0001:00069900       _G_GetLocationForEnt       2006a900 f   g_ICARUScb.obj
 0001:000699f0       _Q3_SetForcePower          2006a9f0 f   g_ICARUScb.obj
 0001:00069a70       _ToggleNPCWinterGear       2006aa70 f   g_ICARUScb.obj
 0001:00069b20       _GetDeclaredVariableFromName 2006ab20 f   g_ICARUScb.obj
 0001:00069b90       _GetFloatDeclaredVariable  2006ab90 f   g_ICARUScb.obj
 0001:00069be0       _GetVectorDeclaredVariable 2006abe0 f   g_ICARUScb.obj
 0001:00069c50       _SetVar                    2006ac50 f   g_ICARUScb.obj
 0001:00069d00       _moverCallback             2006ad00 f   g_ICARUScb.obj
 0001:00069d80       _moveAndRotateCallback     2006ad80 f   g_ICARUScb.obj
 0001:00069da0       _Q3_Lerp2Start             2006ada0 f   g_ICARUScb.obj
 0001:00069e80       _Q3_Lerp2End               2006ae80 f   g_ICARUScb.obj
 0001:00069f60       _Q3_Lerp2Pos               2006af60 f   g_ICARUScb.obj
 0001:0006a1d0       _Q3_GetFloat               2006b1d0 f   g_ICARUScb.obj
 0001:0006a790       _Q3_GetVector              2006b790 f   g_ICARUScb.obj
 0001:0006a8d0       _Q3_GetString              2006b8d0 f   g_ICARUScb.obj
 0001:0006aec0       _Q3_Lerp2Origin            2006bec0 f   g_ICARUScb.obj
 0001:0006b140       _Q3_Set                    2006c140 f   g_ICARUScb.obj
 0001:0006e030       _adjustRespawnTime         2006f030 f   g_items.obj
 0001:0006e0e0       _ShieldThink               2006f0e0 f   g_items.obj
 0001:0006e170       _ShieldDie                 2006f170 f   g_items.obj
 0001:0006e1c0       _ShieldPain                2006f1c0 f   g_items.obj
 0001:0006e200       _ShieldGoSolid             2006f200 f   g_items.obj
 0001:0006e320       _ShieldGoNotSolid          2006f320 f   g_items.obj
 0001:0006e380       _ShieldTouch               2006f380 f   g_items.obj
 0001:0006e3f0       _CreateShield              2006f3f0 f   g_items.obj
 0001:0006e7b0       _PlaceShield               2006f7b0 f   g_items.obj
 0001:0006ea70       _ItemUse_Binoculars        2006fa70 f   g_items.obj
 0001:0006eaf0       _ItemUse_Shield            2006faf0 f   g_items.obj
 0001:0006eb00       _pas_fire                  2006fb00 f   g_items.obj
 0001:0006eed0       _pas_adjust_enemy          2006fed0 f   g_items.obj
 0001:0006f040       _turret_die                20070040 f   g_items.obj
 0001:0006f130       _ItemUse_Seeker            20070130 f   g_items.obj
 0001:0006f260       _ItemUse_MedPack_Big       20070260 f   g_items.obj
 0001:0006f280       _ItemUse_MedPack           20070280 f   g_items.obj
 0001:0006f2a0       _Jetpack_Off               200702a0 f   g_items.obj
 0001:0006f2c0       _Jetpack_On                200702c0 f   g_items.obj
 0001:0006f320       _ItemUse_Jetpack           20070320 f   g_items.obj
 0001:0006f3a0       _ItemUse_UseCloak          200703a0 f   g_items.obj
 0001:0006f420       _SpecialItemThink          20070420 f   g_items.obj
 0001:0006f4b0       _EWebDisattach             200704b0 f   g_items.obj
 0001:0006f520       _EWebDie                   20070520 f   g_items.obj
 0001:0006f620       _EWebPain                  20070620 f   g_items.obj
 0001:0006f660       _EWeb_SetBoneAngles        20070660 f   g_items.obj
 0001:0006f760       _EWebFire                  20070760 f   g_items.obj
 0001:0006f8c0       _EWebPositionUser          200708c0 f   g_items.obj
 0001:0006fb90       _EWebUpdateBoneAngles      20070b90 f   g_items.obj
 0001:0006fcb0       _EWebThink                 20070cb0 f   g_items.obj
 0001:0006fe70       _EWeb_Create               20070e70 f   g_items.obj
 0001:000702a0       _ItemUse_UseEWeb           200712a0 f   g_items.obj
 0001:00070350       _Pickup_Powerup            20071350 f   g_items.obj
 0001:00070570       _Pickup_Holdable           20071570 f   g_items.obj
 0001:00070600       _Add_Ammo3                 20071600 f   g_items.obj
 0001:00070730       _Add_Ammo                  20071730 f   g_items.obj
 0001:00070820       _Pickup_Ammo               20071820 f   g_items.obj
 0001:00070aa0       _Pickup_Weapon             20071aa0 f   g_items.obj
 0001:00070be0       _Pickup_Health             20071be0 f   g_items.obj
 0001:00070c80       _Pickup_Armor              20071c80 f   g_items.obj
 0001:00070d00       _RespawnItem               20071d00 f   g_items.obj
 0001:00070df0       _CheckItemCanBePickedUpByNPC 20071df0 f   g_items.obj
 0001:00070e70       _Touch_Item                20071e70 f   g_items.obj
 0001:00071430       _LaunchItem                20072430 f   g_items.obj
 0001:00071620       _Drop_Item                 20072620 f   g_items.obj
 0001:000716d0       _Use_Item                  200726d0 f   g_items.obj
 0001:000716e0       _FinishSpawningItem        200726e0 f   g_items.obj
 0001:00071a10       _G_CheckTeamItems          20072a10 f   g_items.obj
 0001:00071ab0       _RegisterItem              20072ab0 f   g_items.obj
 0001:00071af0       _SaveRegisteredItems       20072af0 f   g_items.obj
 0001:00071b40       _G_AmmoDisabled            20072b40 f   g_items.obj
 0001:00071c00       _G_SpawnItem               20072c00 f   g_items.obj
 0001:00071d50       _G_BounceItem              20072d50 f   g_items.obj
 0001:00071f20       _G_RunItem                 20072f20 f   g_items.obj
 0001:00072050       _sentryExpire              20073050 f   g_items.obj
 0001:00072070       _pas_think                 20073070 f   g_items.obj
 0001:000725b0       _SP_PAS                    200735b0 f   g_items.obj
 0001:00072690       _ItemUse_Sentry            20073690 f   g_items.obj
 0001:000728e0       _G_SpecialSpawnItem        200738e0 f   g_items.obj
 0001:00072a00       _G_PrecacheDispensers      20073a00 f   g_items.obj
 0001:00072a70       _ItemUse_UseDisp           20073a70 f   g_items.obj
 0001:00072be0       _EWebPrecache              20073be0 f   g_items.obj
 0001:00072c40       _ClearRegisteredItems      20073c40 f   g_items.obj
 0001:00072d60       _G_LogWeaponInit           20073d60 f   g_log.obj
 0001:00072e20       _G_LogWeaponPickup         20073e20 f   g_log.obj
 0001:00072e50       _G_LogWeaponFire           20073e50 f   g_log.obj
 0001:00072eb0       _G_LogWeaponDamage         20073eb0 f   g_log.obj
 0001:00072ee0       _G_LogWeaponKill           20073ee0 f   g_log.obj
 0001:00072f10       _G_LogWeaponFrag           20073f10 f   g_log.obj
 0001:00072f50       _G_LogWeaponDeath          20073f50 f   g_log.obj
 0001:00072f80       _G_LogWeaponPowerup        20073f80 f   g_log.obj
 0001:00072fb0       _G_LogWeaponItem           20073fb0 f   g_log.obj
 0001:00072fe0       _G_LogWeaponOutput         20073fe0 f   g_log.obj
 0001:00074ed0       _G_ClearClientLog          20075ed0 f   g_log.obj
 0001:000751d0       _G_Printf                  200761d0 f   g_main.obj
 0001:00075200       _G_Error                   20076200 f   g_main.obj
 0001:00075230       _G_FindTeams               20076230 f   g_main.obj
 0001:00075380       _G_RegisterCvars           20076380 f   g_main.obj
 0001:00075410       _G_UpdateCvars             20076410 f   g_main.obj
 0001:00075480       _Com_Error                 20076480 f   g_main.obj
 0001:000754c0       _Com_Printf                200764c0 f   g_main.obj
 0001:00075500       _AddTournamentPlayer       20076500 f   g_main.obj
 0001:000755d0       _RemoveTournamentLoser     200765d0 f   g_main.obj
 0001:00075620       _G_PowerDuelCount          20076620 f   g_main.obj
 0001:00075730       _AddPowerDuelPlayers       20076730 f   g_main.obj
 0001:00075890       _RemoveDuelDrawLoser       20076890 f   g_main.obj
 0001:00075930       _AdjustTournamentScores    20076930 f   g_main.obj
 0001:00075af0       _SortRanks                 20076af0 f   g_main.obj
 0001:00075be0       _G_CanResetDuelists        20076be0 f   g_main.obj
 0001:00075c40       _G_ResetDuelists           20076c40 f   g_main.obj
 0001:00075cc0       _CalculateRanks            20076cc0 f   g_main.obj
 0001:00076090       _SendScoreboardMessageToAllClients 20077090 f   g_main.obj
 0001:000760f0       _MoveClientToIntermission  200770f0 f   g_main.obj
 0001:00076220       _FindIntermissionPoint     20077220 f   g_main.obj
 0001:00076370       _DuelLimitHit              20077370 f   g_main.obj
 0001:000763c0       _DuelResetWinsLosses       200773c0 f   g_main.obj
 0001:00076400       _ExitLevel                 20077400 f   g_main.obj
 0001:00076530       _G_LogPrintf               20077530 f   g_main.obj
 0001:00076630       _LogExit                   20077630 f   g_main.obj
 0001:00076710       _ScoreIsTied               20077710 f   g_main.obj
 0001:00076770       _G_RemoveDuelist           20077770 f   g_main.obj
 0001:000767d0       _CheckTeamLeader           200777d0 f   g_main.obj
 0001:000768a0       _CheckCvars                200778a0 f   g_main.obj
 0001:00076950       _ICARUS_SoundCheck         20077950 f   g_main.obj
 0001:00076980       _G_RunThink                20077980 f   g_main.obj
 0001:00076ac0       _NAV_CheckCalcPaths        20077ac0 f   g_main.obj
 0001:00076b70       _BG_GetTime                20077b70 f   g_main.obj
 0001:00076b80       _G_GetStringEdString       20077b80 f   g_main.obj
 0001:00076bb0       _G_InitGame                20077bb0 f   g_main.obj
 0001:00077080       _G_ShutdownGame            20078080 f   g_main.obj
 0001:000771e0       _RemovePowerDuelLosers     200781e0 f   g_main.obj
 0001:00077360       _BeginIntermission         20078360 f   g_main.obj
 0001:00077430       _CheckIntermissionExit     20078430 f   g_main.obj
 0001:00077a00       _CheckExitRules            20078a00 f   g_main.obj
 0001:00077eb0       _CheckTournament           20078eb0 f   g_main.obj
 0001:000783e0       _CheckVote                 200793e0 f   g_main.obj
 0001:000785f0       _CheckTeamVote             200795f0 f   g_main.obj
 0001:00078730       _G_RunFrame                20079730 f   g_main.obj
 0001:000791d0       _vmMain                    2007a1d0 f   g_main.obj
 0001:000796d0       _G_Alloc                   2007a6d0 f   g_mem.obj
 0001:00079740       _G_InitMemory              2007a740 f   g_mem.obj
 0001:00079750       _Svcmd_GameMem_f           2007a750 f   g_mem.obj
 0001:00079770       _SP_info_null              2007a770 f   g_misc.obj
 0001:00079930       _misc_dlight_use           2007a930 f   g_misc.obj
 0001:00079960       _SP_light                  2007a960 f   g_misc.obj
 0001:00079a10       _TeleportPlayer            2007aa10 f   g_misc.obj
 0001:00079b90       _misc_use                  2007ab90 f   g_misc.obj
 0001:00079bb0       _SP_misc_exploding_crate   2007abb0 f   g_misc.obj
 0001:00079cc0       _GasBurst                  2007acc0 f   g_misc.obj
 0001:00079d50       _gas_random_jet            2007ad50 f   g_misc.obj
 0001:00079de0       _SP_misc_gas_tank          2007ade0 f   g_misc.obj
 0001:00079f50       _SP_misc_weather_zone      2007af50 f   g_misc.obj
 0001:00079f50       _SP_misc_model             2007af50 f   g_misc.obj
 0001:00079f50       _SP_misc_skyportal_orient  2007af50 f   g_misc.obj
 0001:00079f50       _SP_misc_model_static      2007af50 f   g_misc.obj
 0001:00079f50       _SP_misc_G2model           2007af50 f   g_misc.obj
 0001:00079f60       _locateCamera              2007af60 f   g_misc.obj
 0001:0007a070       _SP_misc_portal_surface    2007b070 f   g_misc.obj
 0001:0007a0f0       _SP_misc_portal_camera     2007b0f0 f   g_misc.obj
 0001:0007a160       _SP_misc_bsp               2007b160 f   g_misc.obj
 0001:0007a340       _SP_terrain                2007b340 f   g_misc.obj
 0001:0007a7c0       _G_PortalifyEntities       2007b7c0 f   g_misc.obj
 0001:0007a8a0       _SP_misc_skyportal         2007b8a0 f   g_misc.obj
 0001:0007a9a0       _HolocronPopOut            2007b9a0 f   g_misc.obj
 0001:0007aa60       _HolocronTouch             2007ba60 f   g_misc.obj
 0001:0007acf0       _HolocronThink             2007bcf0 f   g_misc.obj
 0001:0007b0b0       _SP_misc_holocron          2007c0b0 f   g_misc.obj
 0001:0007b2d0       _Use_Shooter               2007c2d0 f   g_misc.obj
 0001:0007b4c0       _InitShooter               2007c4c0 f   g_misc.obj
 0001:0007b560       _SP_shooter_blaster        2007c560 f   g_misc.obj
 0001:0007b570       _check_recharge            2007c570 f   g_misc.obj
 0001:0007b630       _shield_power_converter_use 2007c630 f   g_misc.obj
 0001:0007b820       _HasValidWeaponThatUsesAmmo 2007c820 f   g_misc.obj
 0001:0007b960       _ammo_generic_power_converter_use 2007c960 f   g_misc.obj
 0001:0007bb50       _SP_misc_ammo_floor_unit   2007cb50 f   g_misc.obj
 0001:0007bde0       _SP_misc_shield_floor_unit 2007cde0 f   g_misc.obj
 0001:0007c090       _SP_misc_model_shield_power_converter 2007d090 f   g_misc.obj
 0001:0007c1e0       _ammo_power_converter_use  2007d1e0 f   g_misc.obj
 0001:0007c330       _SP_misc_model_ammo_power_converter 2007d330 f   g_misc.obj
 0001:0007c470       _health_power_converter_use 2007d470 f   g_misc.obj
 0001:0007c530       _SP_misc_model_health_power_converter 2007d530 f   g_misc.obj
 0001:0007c680       _fx_runner_think           2007d680 f   g_misc.obj
 0001:0007c7c0       _fx_runner_use             2007d7c0 f   g_misc.obj
 0001:0007c920       _fx_runner_link            2007d920 f   g_misc.obj
 0001:0007ca70       _SP_fx_runner              2007da70 f   g_misc.obj
 0001:0007cbf0       _SP_CreateSpaceDust        2007dbf0 f   g_misc.obj
 0001:0007cc20       _SP_CreateSnow             2007dc20 f   g_misc.obj
 0001:0007cc50       _SP_CreateRain             2007dc50 f   g_misc.obj
 0001:0007cc80       _Use_Target_Screenshake    2007dc80 f   g_misc.obj
 0001:0007ccc0       _SP_target_screenshake     2007dcc0 f   g_misc.obj
 0001:0007cd20       _Use_Target_Escapetrig     2007dd20 f   g_misc.obj
 0001:0007cdf0       _SP_target_escapetrig      2007ddf0 f   g_misc.obj
 0001:0007ce40       _maglock_die               2007de40 f   g_misc.obj
 0001:0007ce90       _maglock_link              2007de90 f   g_misc.obj
 0001:0007d0a0       _faller_touch              2007e0a0 f   g_misc.obj
 0001:0007d150       _faller_think              2007e150 f   g_misc.obj
 0001:0007d230       _misc_faller_create        2007e230 f   g_misc.obj
 0001:0007d3b0       _misc_faller_think         2007e3b0 f   g_misc.obj
 0001:0007d3f0       _SP_misc_faller            2007e3f0 f   g_misc.obj
 0001:0007d4b0       _FirstFreeTagOwner         2007e4b0 f   g_misc.obj
 0001:0007d4f0       _FirstFreeRefTag           2007e4f0 f   g_misc.obj
 0001:0007d540       _TAG_Init                  2007e540 f   g_misc.obj
 0001:0007d5b0       _TAG_FindOwner             2007e5b0 f   g_misc.obj
 0001:0007d600       _TAG_Find                  2007e600 f   g_misc.obj
 0001:0007d6e0       _TAG_Add                   2007e6e0 f   g_misc.obj
 0001:0007d800       _TAG_GetOrigin             2007e800 f   g_misc.obj
 0001:0007d850       _TAG_GetOrigin2            2007e850 f   g_misc.obj
 0001:0007d890       _TAG_GetAngles             2007e890 f   g_misc.obj
 0001:0007d8d0       _TAG_GetRadius             2007e8d0 f   g_misc.obj
 0001:0007d8f0       _ref_link                  2007e8f0 f   g_misc.obj
 0001:0007d9a0       _SP_reference_tag          2007e9a0 f   g_misc.obj
 0001:0007d9d0       _G_ClientForShooter        2007e9d0 f   g_misc.obj
 0001:0007da40       _misc_weapon_shooter_fire  2007ea40 f   g_misc.obj
 0001:0007dae0       _misc_weapon_shooter_use   2007eae0 f   g_misc.obj
 0001:0007db10       _misc_weapon_shooter_aim   2007eb10 f   g_misc.obj
 0001:0007dc10       _SP_misc_weapon_shooter    2007ec10 f   g_misc.obj
 0001:0007dd60       _SP_misc_trip_mine         2007ed60 f   g_misc.obj
 0001:0007ddf0       _GunRackAddItem            2007edf0 f   g_misc.obj
 0001:0007e180       _SP_misc_model_gun_rack    2007f180 f   g_misc.obj
 0001:0007e340       _spawn_rack_goods          2007f340 f   g_misc.obj
 0001:0007e730       _SP_misc_model_ammo_rack   2007f730 f   g_misc.obj
 0001:0007e840       _camera_die                2007f840 f   g_misc.obj
 0001:0007e910       _camera_use                2007f910 f   g_misc.obj
 0001:0007ea70       _camera_aim                2007fa70 f   g_misc.obj
 0001:0007edd0       _SP_misc_camera            2007fdd0 f   g_misc.obj
 0001:0007ef40       _SP_misc_spotlight         2007ff40 f   g_misc.obj
 0001:0007f010       _panel_touch               20080010 f   g_misc.obj
 0001:0007f0c0       _SP_misc_security_panel    200800c0 f   g_misc.obj
 0001:0007f170       _Precashe_Key              20080170 f   g_misc.obj
 0001:0007f190       _INV_GoodieKeyGive         20080190 f   g_misc.obj
 0001:0007f1a0       _INV_SecurityKeyGive       200801a0 f   g_misc.obj
 0001:0007f1d0       _bomb_planted_use          200801d0 f   g_misc.obj
 0001:0007f270       _SP_misc_model_bomb_planted 20080270 f   g_misc.obj
 0001:0007f3d0       _beacon_think              200803d0 f   g_misc.obj
 0001:0007f440       _SP_misc_maglock           20080440 f   g_misc.obj
 0001:0007f490       _beacon_use                20080490 f   g_misc.obj
 0001:0007f540       _SP_misc_model_beacon      20080540 f   g_misc.obj
 0001:0007f720       _G_ReflectMissile          20080720 f   g_missile.obj
 0001:0007f970       _G_DeflectMissile          20080970 f   g_missile.obj
 0001:0007fae0       _G_BounceMissile           20080ae0 f   g_missile.obj
 0001:0007fd30       _G_ExplodeMissile          20080d30 f   g_missile.obj
 0001:0007fe60       _G_RunStuckMissile         20080e60 f   g_missile.obj
 0001:0007fee0       _CreateMissile             20080ee0 f   g_missile.obj
 0001:0007ffc0       _G_MissileBounceEffect     20080fc0 f   g_missile.obj
 0001:00080070       _G_MissileImpact           20081070 f   g_missile.obj
 0001:00080ba0       _G_RunMissile              20081ba0 f   g_missile.obj
 0001:00081050       _G_PlayDoorLoopSound       20082050 f   g_mover.obj
 0001:00081090       _G_PlayDoorSound           20082090 f   g_mover.obj
 0001:000810d0       _G_TestEntityPosition      200820d0 f   g_mover.obj
 0001:00081180       _G_RotatePoint             20082180 f   g_mover.obj
 0001:00081200       _G_TryPushingEntity        20082200 f   g_mover.obj
 0001:00081650       _G_MoverPush               20082650 f   g_mover.obj
 0001:00081bb0       _G_MoverTeam               20082bb0 f   g_mover.obj
 0001:00081dc0       _G_RunMover                20082dc0 f   g_mover.obj
 0001:00081e00       _CalcTeamDoorCenter        20082e00 f   g_mover.obj
 0001:00081f00       _SetMoverState             20082f00 f   g_mover.obj
 0001:00082090       _MatchTeam                 20083090 f   g_mover.obj
 0001:000820c0       _ReturnToPos1              200830c0 f   g_mover.obj
 0001:00082230       _Reached_BinaryMover       20083230 f   g_mover.obj
 0001:00082430       _Use_BinaryMover_Go        20083430 f   g_mover.obj
 0001:00082890       _UnLockDoors               20083890 f   g_mover.obj
 0001:000828d0       _LockDoors                 200838d0 f   g_mover.obj
 0001:00082900       _Use_BinaryMover           20083900 f   g_mover.obj
 0001:000829a0       _InitMoverTrData           200839a0 f   g_mover.obj
 0001:00082a90       _InitMover                 20083a90 f   g_mover.obj
 0001:00082c30       _Blocked_Door              20083c30 f   g_mover.obj
 0001:00082df0       _Touch_DoorTrigger         20083df0 f   g_mover.obj
 0001:00082f00       _Think_SpawnNewDoorTrigger 20083f00 f   g_mover.obj
 0001:000830b0       _Think_MatchTeam           200840b0 f   g_mover.obj
 0001:000830e0       _G_EntIsDoor               200840e0 f   g_mover.obj
 0001:00083120       _G_FindDoorTrigger         20084120 f   g_mover.obj
 0001:00083220       _G_EntIsUnlockedDoor       20084220 f   g_mover.obj
 0001:00083390       _SP_func_door              20084390 f   g_mover.obj
 0001:00083670       _Touch_Plat                20084670 f   g_mover.obj
 0001:000836b0       _Touch_PlatCenterTrigger   200846b0 f   g_mover.obj
 0001:000836f0       _SpawnPlatTrigger          200846f0 f   g_mover.obj
 0001:00083860       _SP_func_plat              20084860 f   g_mover.obj
[...]
 0001:0006ebf0       _pas_find_enemies          2006fbf0 f   g_items.obj
 0001:0006f200       _MedPackGive               20070200 f   g_items.obj
 0001:00076a10       _G_Animate                 20077a10 f   g_main.obj
 0001:000797c0       _misc_lightstyle_set       2007a7c0 f   g_misc.obj
 0001:0007b490       _InitShooter_Finish        2007c490 f   g_misc.obj
 0001:0007f6c0       _SnapVector                200806c0 f   g_missile.obj
 0001:00082c90       _Touch_DoorTriggerSpectator 20083c90 f   g_mover.obj
 0001:00084bf0       _InitBBrush                20085bf0 f   g_mover.obj
 0001:00085c60       _DistanceSquared           20086c60 f   g_nav.obj
 0001:00085c60       _DistanceSquared           20086c60 f   g_nav.obj
 0001:00085c60       _DistanceSquared           20086c60 f   g_nav.obj
 0001:00085c60       _DistanceSquared           20086c60 f   g_nav.obj
 0001:00085c60       _DistanceSquared           20086c60 f   g_nav.obj
 0001:00085c60       _DistanceSquared           20086c60 f   g_nav.obj
 0001:00085c60       _DistanceSquared           20086c60 f   g_nav.obj
 0001:00085c60       _DistanceSquared           20086c60 f   g_nav.obj
 0001:00085c60       _DistanceSquared           20086c60 f   g_nav.obj
 0001:00085c60       _DistanceSquared           20086c60 f   g_nav.obj
 0001:00085c60       _DistanceSquared           20086c60 f   g_nav.obj
 0001:00085c60       _DistanceSquared           20086c60 f   g_nav.obj
 0001:00085c60       _DistanceSquared           20086c60 f   g_nav.obj
 0001:00085c60       _DistanceSquared           20086c60 f   g_nav.obj
 0001:00085c60       _DistanceSquared           20086c60 f   g_nav.obj
 0001:00085c60       _DistanceSquared           20086c60 f   g_nav.obj
 0001:00085c60       _DistanceSquared           20086c60 f   g_nav.obj
 0001:00085c60       _DistanceSquared           20086c60 f   g_nav.obj
 0001:00085c60       _DistanceSquared           20086c60 f   g_nav.obj
 0001:00085c60       _DistanceSquared           20086c60 f   g_nav.obj
 0001:00085c60       _DistanceSquared           20086c60 f   g_nav.obj
 0001:00086630       _NAV_TestBypass            20087630 f   g_nav.obj
 0001:00089ad0       _G_InitRoff                2008aad0 f   g_roff.obj
 0001:0008c0c0       _SiegeItemRespawnEffect    2008d0c0 f   g_saga.obj
 0001:0008c130       _SiegeItemRespawnOnOriginalSpot 2008d130 f   g_saga.obj
 0001:0008dc10       _HandleEntityAdjustment    2008ec10 f   g_spawn.obj
 0001:0008e920       _StringToFilter            2008f920 f   g_svcmds.obj
 0001:0008e9d0       _UpdateIPBans              2008f9d0 f   g_svcmds.obj
 0001:000913f0       _target_location_linkup    200923f0 f   g_target.obj
 0001:000939d0       _SortClients               200949d0 f   g_team.obj
 0001:00093d10       _AnimateRiders             20094d10 f   g_team.obj
 0001:00096da0       _SnapVector                20097da0 f   g_turret.obj
 0001:00097120       _turret_fire               20098120 f   g_turret.obj
 0001:00097410       _turret_aim                20098410 f   g_turret.obj
 0001:00097830       _turret_turnoff            20098830 f   g_turret.obj
 0001:000978a0       _turret_find_enemies       200988a0 f   g_turret.obj
 0001:000982f0       _SnapVector                200992f0 f   g_turret_G2.obj
 0001:00098920       _turretG2_fire             20099920 f   g_turret_G2.obj
 0001:00098cd0       _turretG2_aim              20099cd0 f   g_turret_G2.obj
 0001:000990d0       _turretG2_turnoff          2009a0d0 f   g_turret_G2.obj
 0001:00099130       _turretG2_find_enemies     2009a130 f   g_turret_G2.obj
 0001:00099e30       _SnapVector                2009ae30 f   g_utils.obj
 0001:00099ff0       _G_FindConfigstringIndex   2009aff0 f   g_utils.obj
 0001:0009dd70       _StartDeathDelay           2009ed70 f   g_vehicles.obj
 0001:0009dde0       _DeathUpdate               2009ede0 f   g_vehicles.obj
 0001:0009e0d0       _UpdateRider               2009f0d0 f   g_vehicles.obj
 0001:0009e5d0       _AttachRiders              2009f5d0 f   g_vehicles.obj
 0001:0009e860       _Ghost                     2009f860 f   g_vehicles.obj
 0001:0009e8a0       _UnGhost                   2009f8a0 f   g_vehicles.obj
 0001:0009fa40       _Update                    200a0a40 f   g_vehicles.obj
 0001:000a0a50       _VEH_TurretFindEnemies     200a1a50 f   g_vehicleTurret.obj
 0001:000a1190       _SnapVector                200a2190 f   g_weapon.obj
 0001:000a11f0       _VectorLength              200a21f0 f   g_weapon.obj
 0001:000a11f0       _VectorLength              200a21f0 f   g_weapon.obj
 0001:000a11f0       _VectorLength              200a21f0 f   g_weapon.obj
 0001:000a11f0       _VectorLength              200a21f0 f   g_weapon.obj
 0001:000a11f0       _VectorLength              200a21f0 f   g_weapon.obj
 0001:000a11f0       _VectorLength              200a21f0 f   g_weapon.obj
 0001:000a11f0       _VectorLength              200a21f0 f   g_weapon.obj
 0001:000a11f0       _VectorLength              200a21f0 f   g_weapon.obj
 0001:000a11f0       _VectorLength              200a21f0 f   g_weapon.obj
 0001:000a11f0       _VectorLength              200a21f0 f   g_weapon.obj
 0001:000a11f0       _VectorLength              200a21f0 f   g_weapon.obj
 0001:000a11f0       _VectorLength              200a21f0 f   g_weapon.obj
 0001:000a11f0       _VectorLength              200a21f0 f   g_weapon.obj
 0001:000a11f0       _VectorLength              200a21f0 f   g_weapon.obj
 0001:000a11f0       _VectorLength              200a21f0 f   g_weapon.obj
 0001:000a11f0       _VectorLength              200a21f0 f   g_weapon.obj
 0001:000a1350       _WP_FireBryarPistol        200a2350 f   g_weapon.obj
 0001:000a17a0       _WP_FireBlaster            200a27a0 f   g_weapon.obj
 0001:000a1890       _WP_BowcasterAltFire       200a2890 f   g_weapon.obj
 0001:000a1940       _WP_BowcasterMainFire      200a2940 f   g_weapon.obj
 0001:000a1b60       _WP_FireBowcaster          200a2b60 f   g_weapon.obj
 0001:000a1b80       _WP_RepeaterMainFire       200a2b80 f   g_weapon.obj
 0001:000a1bf0       _WP_RepeaterAltFire        200a2bf0 f   g_weapon.obj
 0001:000a1cd0       _WP_FireRepeater           200a2cd0 f   g_weapon.obj
 0001:000a1d80       _WP_DEMP2_MainFire         200a2d80 f   g_weapon.obj
 0001:000a2310       _WP_DEMP2_AltFire          200a3310 f   g_weapon.obj
 0001:000a24d0       _WP_FireDEMP2              200a34d0 f   g_weapon.obj
 0001:000a24f0       _WP_FlechetteMainFire      200a34f0 f   g_weapon.obj
 0001:000a2650       _WP_TraceSetStart          200a3650 f   g_weapon.obj
 0001:000a3a70       _WP_FireConcussion         200a4a70 f   g_weapon.obj
 0001:000a4cd0       _WP_FireEmplaced           200a5cd0 f   g_weapon.obj
 0001:000a5910       _WP_DisruptorMainFire      200a6910 f   g_weapon.obj
 0001:000a6380       _WP_FireDisruptor          200a7380 f   g_weapon.obj
 0001:000a63e0       _WP_CreateFlechetteBouncyThing 200a73e0 f   g_weapon.obj
 0001:000a6540       _WP_FlechetteAltFire       200a7540 f   g_weapon.obj
 0001:000a6650       _WP_FireFlechette          200a7650 f   g_weapon.obj
 0001:000a6b10       _WP_FireRocket             200a7b10 f   g_weapon.obj
 0001:000a7970       _WP_FireConcussionAlt      200a8970 f   g_weapon.obj
 0001:000aa7c0       _DeadThink                 200ab7c0 f   NPC.obj
 0001:000ad250       _GM_HoldPosition           200ae250 f   NPC_AI_GalakMech.obj
 0001:000ad290       _GM_Move                   200ae290 f   NPC_AI_GalakMech.obj
 0001:000ad300       _GM_CheckMoveState         200ae300 f   NPC_AI_GalakMech.obj
 0001:000ad3d0       _GM_CheckFireState         200ae3d0 f   NPC_AI_GalakMech.obj
 0001:000aeaa0       _Grenadier_Move            200afaa0 f   NPC_AI_Grenadier.obj
 0001:000aee70       _Grenadier_CheckMoveState  200afe70 f   NPC_AI_Grenadier.obj
 0001:000af7e0       _NPC_Howler_Move           200b07e0 f   NPC_AI_Howler.obj
 0001:000af9d0       _Howler_Move               200b09d0 f   NPC_AI_Howler.obj
 0001:000afa10       _Howler_TryDamage          200b0a10 f   NPC_AI_Howler.obj
 0001:000afbd0       _Howler_Howl               200b0bd0 f   NPC_AI_Howler.obj
 0001:000aff00       _Howler_Attack             200b0f00 f   NPC_AI_Howler.obj
 0001:000b02c0       _Howler_Combat             200b12c0 f   NPC_AI_Howler.obj
 0001:000b0660       _Howler_Patrol             200b1660 f   NPC_AI_Howler.obj
 0001:000b4af0       _Jedi_Aggression           200b5af0 f   NPC_AI_Jedi.obj
 0001:000b4b60       _Jedi_AggressionErosion    200b5b60 f   NPC_AI_Jedi.obj
 0001:000b4d50       _Jedi_Rage                 200b5d50 f   NPC_AI_Jedi.obj
 0001:000b4e30       _Jedi_BattleTaunt          200b5e30 f   NPC_AI_Jedi.obj
 0001:000b4ff0       _Jedi_ClearPathToSpot      200b5ff0 f   NPC_AI_Jedi.obj
 0001:000b5520       _Jedi_Move                 200b6520 f   NPC_AI_Jedi.obj
 0001:000b55b0       _Jedi_Hunt                 200b65b0 f   NPC_AI_Jedi.obj
 0001:000b5620       _Jedi_StartBackOff         200b6620 f   NPC_AI_Jedi.obj
 0001:000b57d0       _Jedi_Retreat              200b67d0 f   NPC_AI_Jedi.obj
 0001:000b5800       _Jedi_Advance              200b6800 f   NPC_AI_Jedi.obj
 0001:000b5870       _Jedi_AdjustSaberAnimLevel 200b6870 f   NPC_AI_Jedi.obj
 0001:000b5a70       _Jedi_CheckDecreaseSaberAnimLevel 200b6a70 f   NPC_AI_Jedi.obj
 0001:000b5b10       _Jedi_DecideKick           200b6b10 f   NPC_AI_Jedi.obj
 0001:000b5e30       _Jedi_CombatDistance       200b6e30 f   NPC_AI_Jedi.obj
 0001:000b7550       _Jedi_Strafe               200b8550 f   NPC_AI_Jedi.obj
 0001:000b98a0       _Jedi_CheckEvadeSpecialAttacks 200ba8a0 f   NPC_AI_Jedi.obj
 0001:000ba060       _Jedi_SaberBlock           200bb060 f   NPC_AI_Jedi.obj
 0001:000ba990       _Jedi_EvasionSaber         200bb990 f   NPC_AI_Jedi.obj
 0001:000bb320       _Jedi_SetEnemyInfo         200bc320 f   NPC_AI_Jedi.obj
 0001:000bb710       _Jedi_FaceEnemy            200bc710 f   NPC_AI_Jedi.obj
 0001:000bb9f0       _Jedi_DebounceDirectionChanges 200bc9f0 f   NPC_AI_Jedi.obj
 0001:000bbf90       _Jedi_TimersApply          200bcf90 f   NPC_AI_Jedi.obj
 0001:000bc0f0       _Jedi_CombatTimersUpdate   200bd0f0 f   NPC_AI_Jedi.obj
 0001:000bc6d0       _Jedi_CombatIdle           200bd6d0 f   NPC_AI_Jedi.obj
 0001:000bc900       _Jedi_AttackDecide         200bd900 f   NPC_AI_Jedi.obj
 0001:000bcd20       _Jedi_Jump                 200bdd20 f   NPC_AI_Jedi.obj
 0001:000bd1d0       _Jedi_TryJump              200be1d0 f   NPC_AI_Jedi.obj
 0001:000bd630       _Jedi_CheckEnemyMovement   200be630 f   NPC_AI_Jedi.obj
 0001:000bdc90       _Jedi_CheckJumps           200bec90 f   NPC_AI_Jedi.obj
 0001:000bdfb0       _Jedi_Combat               200befb0 f   NPC_AI_Jedi.obj
 0001:000be7c0       _Jedi_Patrol               200bf7c0 f   NPC_AI_Jedi.obj
 0001:000befe0       _Jedi_Attack               200bffe0 f   NPC_AI_Jedi.obj
 0001:000c5a90       _SaberDroid_Move           200c6a90 f   NPC_AI_SaberDroid.obj
 0001:000c9a90       _Sniper_Move               200caa90 f   NPC_AI_Sniper.obj
 0001:000c9ec0       _Sniper_CheckMoveState     200caec0 f   NPC_AI_Sniper.obj
 0001:000ca120       _Sniper_ResolveBlockedShot 200cb120 f   NPC_AI_Sniper.obj
 0001:000ca280       _Sniper_CheckFireState     200cb280 f   NPC_AI_Sniper.obj
 0001:000cb2f0       _ST_Speech                 200cc2f0 f   NPC_AI_Stormtrooper.obj
 0001:000cb6b0       _ST_HoldPosition           200cc6b0 f   NPC_AI_Stormtrooper.obj
 0001:000cb810       _ST_Move                   200cc810 f   NPC_AI_Stormtrooper.obj
 0001:000cc820       _NPC_ST_InvestigateEvent   200cd820 f   NPC_AI_Stormtrooper.obj
 0001:000cd310       _ST_OffsetLook             200ce310 f   NPC_AI_Stormtrooper.obj
 0001:000cd3c0       _ST_LookAround             200ce3c0 f   NPC_AI_Stormtrooper.obj
 0001:000cdce0       _ST_CheckMoveState         200cece0 f   NPC_AI_Stormtrooper.obj
 0001:000ce070       _ST_CheckFireState         200cf070 f   NPC_AI_Stormtrooper.obj
 0001:000cfbc0       _NPC_ST_SleepShuffle       200d0bc0 f   NPC_AI_Stormtrooper.obj
 0001:000d52e0       _VectorLengthSquared       200d62e0 f   NPC_combat.obj
 0001:000d52e0       _VectorLengthSquared       200d62e0 f   NPC_combat.obj
 0001:000d7030       _NPC_CollectCombatPoints   200d8030 f   NPC_combat.obj
 0001:000d9080       _NPC_Jump                  200da080 f   NPC_move.obj
 0001:000d97f0       _NPC_TryJump_Final         200da7f0 f   NPC_move.obj
 0001:000da020       _NPC_LadderMove            200db020 f   NPC_move.obj
 0001:000dafa0       _NPC_CheckAttacker         200dbfa0 f   NPC_reactions.obj
 0001:000dcf60       _G_CheckSoundEvents        200ddf60 f   NPC_senses.obj
 0001:000dd0b0       _G_CheckSightEvents        200de0b0 f   NPC_senses.obj
 0001:000e2160       _TranslateRankName         200e3160 f   NPC_stats.obj
 0001:000e8350       _NPC_CheckPlayerDistance   200e9350 f   NPC_utils.obj
 0001:000eaa10       _ProcessMoveCommands       200eba10 f   SpeederNPC.obj
 0001:000f15a0       _RemoveTrickedEnt          200f25a0 f   w_force.obj
 0001:000f15f0       _WP_UpdateMindtrickEnts    200f25f0 f   w_force.obj
 0001:000f1820       _WP_ForcePowerRun          200f2820 f   w_force.obj
 0001:000f7520       _Distance                  200f8520 f   w_saber.obj
 0001:000f7520       _Distance                  200f8520 f   w_saber.obj
 0001:000f7520       _Distance                  200f8520 f   w_saber.obj
 0001:000f7520       _Distance                  200f8520 f   w_saber.obj
 0001:000f7520       _Distance                  200f8520 f   w_saber.obj
 0001:000f7520       _Distance                  200f8520 f   w_saber.obj
 0001:000f7520       _Distance                  200f8520 f   w_saber.obj
 0001:000f7520       _Distance                  200f8520 f   w_saber.obj
 0001:000f7520       _Distance                  200f8520 f   w_saber.obj
 0001:000f7520       _Distance                  200f8520 f   w_saber.obj
 0001:000f7520       _Distance                  200f8520 f   w_saber.obj
 0001:000f7520       _Distance                  200f8520 f   w_saber.obj
 0001:000f7520       _Distance                  200f8520 f   w_saber.obj
 0001:000f7520       _Distance                  200f8520 f   w_saber.obj
 0001:000f7630       _G_SaberAttackPower        200f8630 f   w_saber.obj
 0001:000f7a40       _SetSaberBoxSize           200f8a40 f   w_saber.obj
 0001:000f80b0       _G_CheckLookTarget         200f90b0 f   w_saber.obj
 0001:000f8310       _G_G2NPCAngles             200f9310 f   w_saber.obj
 0001:000f85f0       _G_G2PlayerAngles          200f95f0 f   w_saber.obj
 0001:000f8b20       _SaberAttacking            200f9b20 f   w_saber.obj
 0001:000f8c00       _WP_SabersCheckLock2       200f9c00 f   w_saber.obj
 0001:000fa7a0       _G_GetParryForBlock        200fb7a0 f   w_saber.obj
 0001:000fa820       _WP_GetSaberDeflectionAngle 200fb820 f   w_saber.obj
 0001:000faaf0       _G_GetAttackDamage         200fbaf0 f   w_saber.obj
 0001:000fac00       _G_GetAnimPoint            200fbc00 f   w_saber.obj
 0001:000facc0       _G_ClientIdleInWorld       200fbcc0 f   w_saber.obj
 0001:000fad10       _G_G2TraceCollide          200fbd10 f   w_saber.obj
 0001:000faf80       _G_BuildSaberFaces         200fbf80 f   w_saber.obj
 0001:000fb770       _G_SabCol_CalcPlaneEq      200fc770 f   w_saber.obj
 0001:000fb810       _G_SabCol_PointRelativeToPlane 200fc810 f   w_saber.obj
 0001:000fb860       _G_SaberFaceCollisionCheck 200fc860 f   w_saber.obj
 0001:000fc7c0       _G_PowerLevelForSaberAnim  200fd7c0 f   w_saber.obj
 0001:000fe6c0       _G_KickDownable            200ff6c0 f   w_saber.obj
 0001:000fe740       _G_TossTheMofo             200ff740 f   w_saber.obj
 0001:000fe820       _G_KickTrace               200ff820 f   w_saber.obj
 0001:000febd0       _G_KickSomeMofos           200ffbd0 f   w_saber.obj
 0001:000ff410       _G_PrettyCloseIGuess       20100410 f   w_saber.obj
 0001:000ff440       _G_GrabSomeMofos           20100440 f   w_saber.obj
 0001:00100070       _G_SaberCollide            20101070 f   w_saber.obj
 0001:00100d70       _CheckThrownSaberDamaged   20101d70 f   w_saber.obj
 0001:001014a0       _saberCheckRadiusDamage    201024a0 f   w_saber.obj
 0001:00101dc0       _saberMoveBack             20102dc0 f   w_saber.obj
 0001:00103210       _CheckSaberDamage          20104210 f   w_saber.obj
 0001:001083d0       _RegisterAssets            201093d0 f   WalkerNPC.obj
 0001:001083f0       _Board                     201093f0 f   WalkerNPC.obj
 0001:001083f0       _Board                     201093f0 f   WalkerNPC.obj
 0001:00108420       _ProcessMoveCommands       20109420 f   WalkerNPC.obj
 0001:001087e0       _ProcessOrientCommands     201097e0 f   WalkerNPC.obj
 0001:00108910       _AnimateVehicle            20109910 f   WalkerNPC.obj
 0001:0010924a       _vscan_fn                  2010a24a f   LIBCMT:sscanf.obj
 0001:00109e50       _swap                      2010ae50 f   LIBCMT:qsort.obj
 0001:00109e80       _shortsort                 2010ae80 f   LIBCMT:qsort.obj
 0001:0010abc9       ___DllMainCRTStartup       2010bbc9 f   LIBCMT:dllcrt0.obj
 0001:0010ae3e       __shift                    2010be3e f   LIBCMT:cvt.obj
 0001:0010ae77       __cftoe2_l                 2010be77 f   LIBCMT:cvt.obj
 0001:0010b441       __cftof2_l                 2010c441 f   LIBCMT:cvt.obj
 0001:0010c198       _fastzero_I                2010d198 f   LIBCMT:p4_memset.obj
 0001:0010c292       ?strtoxl@@YAKPAUlocaleinfo_struct@@PBDPAPBDHH@Z 2010d292 f   LIBCMT:strtol.obj
 0001:0010c4e6       ?CPtoLCID@@YAHH@Z          2010d4e6 f   LIBCMT:mbctype.obj
 0001:0010c515       ?setSBCS@@YAXPAUthreadmbcinfostruct@@@Z 2010d515 f   LIBCMT:mbctype.obj
 0001:0010c56a       ?setSBUpLow@@YAXPAUthreadmbcinfostruct@@@Z 2010d56a f   LIBCMT:mbctype.obj
 0001:0010c798       ?getSystemCP@@YAHH@Z       2010d798 f   LIBCMT:mbctype.obj
 0001:0010cdc7       __updatetlocinfoEx_nolock  2010ddc7 f   LIBCMT:setlocal.obj
 0001:0010d8ce       ___check_float_string      2010e8ce f   LIBCMT:input.obj
 0001:0010d922       __inc                      2010e922 f   LIBCMT:input.obj
 0001:0010d938       __whiteout                 2010e938 f   LIBCMT:input.obj
 0001:0010f0aa       _fastcopy_I                201100aa f   LIBCMT:p4_memcpy.obj
 0001:0010f22f       ?__crtLCMapStringA_stat@@YAHPAUlocaleinfo_struct@@KKPBDHPADHHH@Z 2011022f f   LIBCMT:a_map.obj
 0001:0010f7b8       _write_char                201107b8 f   LIBCMT:output.obj
 0001:0010f7eb       _write_multi_char          201107eb f   LIBCMT:output.obj
 0001:0010f80f       _write_string              2011080f f   LIBCMT:output.obj
 0001:0011155c       __initterm                 2011255c f   LIBCMT:crt0dat.obj
 0001:00111699       _doexit                    20112699 f   LIBCMT:crt0dat.obj
 0001:00111ceb       _parse_cmdline             20112ceb f   LIBCMT:stdargv.obj
 0001:00112f45       _has_osfxsr_set            20113f45 f   LIBCMT:cpu_disp.obj
 0001:001130e5       ?__crtGetStringTypeA_stat@@YAHPAUlocaleinfo_struct@@KPBDHPAGHHH@Z 201140e5 f   LIBCMT:a_str.obj
 0001:001161a0       __onexit_nolock            201171a0 f   LIBCMT:onexit.obj
 0001:00116411       _siglookup                 20117411 f   LIBCMT:winsig.obj
 0001:00116620       ___crtInitCritSecNoSpinCount@8 20117620 f   LIBCMT:initcrit.obj
 0001:001175a0       ?x_ismbbtype_l@@YAHPAUlocaleinfo_struct@@IHH@Z 201185a0 f   LIBCMT:ismbbyte.obj
 0001:00117694       __unwind_handler4          20118694 f   LIBCMT:exsup4.obj
 0001:00118123       __hw_cw                    20119123 f   LIBCMT:ieee87.obj
 0001:001181b1       ___hw_cw_sse2              201191b1 f   LIBCMT:ieee87.obj
 0001:001190e3       _flsall                    2011a0e3 f   LIBCMT:fflush.obj
 0001:00119560       __unwind_handler           2011a560 f   LIBCMT:exsup.obj
