 uix86

 Timestamp is 468e5913 (Fri Jul 06 17:00:35 2007)

 Preferred load address is 40000000

 Start         Length     Name                   Class
 0001:00000000 0003842bH .text                   CODE
 0002:00000000 0000011cH .idata$5                DATA
 0002:0000011c 00000004H .CRT$XCA                DATA
 0002:00000120 00000004H .CRT$XCZ                DATA
 0002:00000124 00000004H .CRT$XIA                DATA
 0002:00000128 00000014H .CRT$XIC                DATA
 0002:0000013c 00000004H .CRT$XIZ                DATA
 0002:00000140 00000004H .CRT$XPA                DATA
 0002:00000144 00000004H .CRT$XPX                DATA
 0002:00000148 00000004H .CRT$XPXA               DATA
 0002:0000014c 00000004H .CRT$XPZ                DATA
 0002:00000150 00000004H .CRT$XTA                DATA
 0002:00000154 00000004H .CRT$XTZ                DATA
 0002:00000160 00014948H .rdata                  DATA
 0002:00014ab0 0000000cH .rdata$sxdata           DATA
 0002:00014abc 00000004H .rtc$IAA                DATA
 0002:00014ac0 00000004H .rtc$IZZ                DATA
 0002:00014ac4 00000004H .rtc$TAA                DATA
 0002:00014ac8 00000004H .rtc$TZZ                DATA
 0002:00014ad0 000003acH .xdata$x                DATA
 0002:00014e7c 00000014H .idata$2                DATA
 0002:00014e90 00000014H .idata$3                DATA
 0002:00014ea4 0000011cH .idata$4                DATA
 0002:00014fc0 000004fcH .idata$6                DATA
 0002:000154c0 00000056H .edata                  DATA
 0003:00000000 000088e8H .data                   DATA
 0003:00008900 00484a64H .bss                    DATA

  Address         Publics by Value              Rva+Base       Lib:Object

 0000:00000000       __except_list              00000000     <absolute>
 0000:00000003       ___safe_se_handler_count   00000003     <absolute>
 0000:00000000       ___ImageBase               40000000     <linker-defined>
 0001:00000000       _BG_LegalizedForcePowers   40001000 f   bg_misc.obj
 0001:00000500       _BG_FindItemForHoldable    40001500 f   bg_misc.obj
 0001:00000550       _BG_FindItemForWeapon      40001550 f   bg_misc.obj
 0001:00000590       _BG_Alloc                  40001590 f   bg_misc.obj
 0001:000005e0       _BG_SiegeStripTabs         400015e0 f   bg_saga.obj
 0001:00000620       _BG_SiegeGetValueGroup     40001620 f   bg_saga.obj
 0001:00000970       _BG_SiegeGetPairedValue    40001970 f   bg_saga.obj
 0001:00000bf0       _BG_SiegeTranslateForcePowers 40001bf0 f   bg_saga.obj
 0001:00000de0       _BG_SiegeTranslateGenericTable 40001de0 f   bg_saga.obj
 0001:00000ee0       _BG_SiegeParseClassFile    40001ee0 f   bg_saga.obj
 0001:000017b0       _BG_SiegeLoadClasses       400027b0 f   bg_saga.obj
 0001:000018d0       _BG_SiegeFindClassByName   400028d0 f   bg_saga.obj
 0001:00001920       _BG_SiegeParseTeamFile     40002920 f   bg_saga.obj
 0001:00001b20       _BG_SiegeLoadTeams         40002b20 f   bg_saga.obj
 0001:00001c20       _BG_SiegeFindThemeForTeam  40002c20 f   bg_saga.obj
 0001:00001c50       _BG_SiegeFindTeamForTheme  40002c50 f   bg_saga.obj
 0001:00001ca0       _BG_SiegeSetTeamTheme      40002ca0 f   bg_saga.obj
 0001:00001cd0       _BG_SiegeCountBaseClass    40002cd0 f   bg_saga.obj
 0001:00001d30       _BG_GetUIPortraitFile      40002d30 f   bg_saga.obj
 0001:00001db0       _BG_GetUIPortrait          40002db0 f   bg_saga.obj
 0001:00001e30       _BG_GetClassOnBaseClass    40002e30 f   bg_saga.obj
 0001:00001eb0       _AxisClear                 40002eb0 f   q_math.obj
 0001:00001ee0       _VectorNormalize           40002ee0 f   q_math.obj
 0001:00001f50       _AngleVectors              40002f50 f   q_math.obj
 0001:000020c0       _Q_irand                   400030c0 f   q_math.obj
 0001:00002100       _AnglesToAxis              40003100 f   q_math.obj
 0001:00002150       _Com_Clamp                 40003150 f   q_shared.obj
 0001:00002180       _COM_StripExtension        40003180 f   q_shared.obj
 0001:000021b0       _SkipWhitespace            400031b0 f   q_shared.obj
 0001:00002200       _COM_Compress              40003200 f   q_shared.obj
 0001:00002310       _COM_ParseExt              40003310 f   q_shared.obj
 0001:00002470       _COM_ParseString           40003470 f   q_shared.obj
 0001:000024a0       _COM_ParseFloat            400034a0 f   q_shared.obj
 0001:000024e0       _SkipBracedSection         400034e0 f   q_shared.obj
 0001:00002520       _SkipRestOfLine            40003520 f   q_shared.obj
 0001:00002550       _Q_strrchr                 40003550 f   q_shared.obj
 0001:00002580       _Q_strncpyz                40003580 f   q_shared.obj
 0001:000025e0       _Q_stricmpn                400035e0 f   q_shared.obj
 0001:00002660       _Q_stricmp                 40003660 f   q_shared.obj
 0001:00002690       _Q_strupr                  40003690 f   q_shared.obj
 0001:000026c0       _Q_strcat                  400036c0 f   q_shared.obj
 0001:00002710       _Q_CleanStr                40003710 f   q_shared.obj
 0001:00002760       _Com_sprintf               40003760 f   q_shared.obj
 0001:000027b0       _va                        400037b0 f   q_shared.obj
 0001:00002840       _Info_ValueForKey          40003840 f   q_shared.obj
 0001:00002960       _Info_RemoveKey            40003960 f   q_shared.obj
 0001:00002a70       _Info_SetValueForKey       40003a70 f   q_shared.obj
 0001:00002c40       _GetIDForString            40003c40 f   q_shared.obj
 0001:00002c90       _COM_BeginParseSession     40003c90 f   q_shared.obj
 0001:00002cc0       _COM_Parse                 40003cc0 f   q_shared.obj
 0001:00002cd0       _Com_Error                 40003cd0 f   ui_atoms.obj
 0001:00002d10       _Com_Printf                40003d10 f   ui_atoms.obj
 0001:00002d50       _UI_Cvar_VariableString    40003d50 f   ui_atoms.obj
 0001:00002d70       _UI_SetBestScores          40003d70 f   ui_atoms.obj
 0001:000030b0       _UI_LoadBestScores         400040b0 f   ui_atoms.obj
 0001:000031c0       _UI_ClearScores            400041c0 f   ui_atoms.obj
 0001:000037f0       _UI_ConsoleCommand         400047f0 f   ui_atoms.obj
 0001:00003970       _UI_DrawHandlePic          40004970 f   ui_atoms.obj
 0001:00003a20       _UI_FillRect               40004a20 f   ui_atoms.obj
 0001:00003a80       _UI_SetColor               40004a80 f   ui_atoms.obj
 0001:00003a90       _UI_InitForceShaders       40004a90 f   ui_force.obj
 0001:00003c00       _UI_DrawForceStars         40004c00 f   ui_force.obj
 0001:00003d40       _UI_UpdateClientForcePowers 40004d40 f   ui_force.obj
 0001:00003e30       _UI_SaveForceTemplate      40004e30 f   ui_force.obj
 0001:00004020       _UpdateForceUsed           40005020 f   ui_force.obj
 0001:00004300       _UI_ReadLegalForce         40005300 f   ui_force.obj
 0001:00004680       _UI_UpdateForcePowers      40005680 f   ui_force.obj
 0001:000048b0       _UI_SkinColor_HandleKey    400058b0 f   ui_force.obj
 0001:00004930       _UI_ForceSide_HandleKey    40005930 f   ui_force.obj
 0001:00004a50       _UI_JediNonJedi_HandleKey  40005a50 f   ui_force.obj
 0001:00004bd0       _UI_ForceMaxRank_HandleKey 40005bd0 f   ui_force.obj
 0001:00004c50       _UI_ForcePowerRank_HandleKey 40005c50 f   ui_force.obj
 0001:00004d80       _UI_ForceConfigHandle      40005d80 f   ui_force.obj
 0001:000052c0       _UI_ParseInfos             400062c0 f   ui_gameinfo.obj
 0001:00005550       _UI_LoadArenas             40006550 f   ui_gameinfo.obj
 0001:00005a60       _UI_LoadBots               40006a60 f   ui_gameinfo.obj
 0001:00005b60       _UI_GetNumBots             40006b60 f   ui_gameinfo.obj
 0001:00005b70       _UI_GetBotNameByNumber     40006b70 f   ui_gameinfo.obj
 0001:00005bc0       _UI_AnimsetAlloc           40006bc0 f   ui_main.obj
 0001:00005bf0       _siege_Cvar_Set            40006bf0 f   ui_main.obj
 0001:00005cd0       _siege_Cvar_VariableStringBuffer 40006cd0 f   ui_main.obj
 0001:00005d50       _siege_Cvar_VariableValue  40006d50 f   ui_main.obj
 0001:00005dc0       _UI_ParseAnimationFile     40006dc0 f   ui_main.obj
 0001:000060b0       _UI_TeamName               400070b0 f   ui_main.obj
 0001:000060e0       _AssetCache                400070e0 f   ui_main.obj
 0001:00006270       __UI_DrawSides             40007270 f   ui_main.obj
 0001:00006320       __UI_DrawTopBottom         40007320 f   ui_main.obj
 0001:000063d0       __UI_DrawRect              400073d0 f   ui_main.obj
 0001:00006440       _Text_Width                40007440 f   ui_main.obj
 0001:000064a0       _Text_Height               400074a0 f   ui_main.obj
 0001:00006520       _Text_Paint                40007520 f   ui_main.obj
 0001:000065e0       _Text_PaintWithCursor      400075e0 f   ui_main.obj
 0001:000069e0       _UI_GetStringEdString      400079e0 f   ui_main.obj
 0001:00006a10       _GetMenuBuffer             40007a10 f   ui_main.obj
 0001:00006ab0       _Asset_Parse               40007ab0 f   ui_main.obj
 0001:00007200       _UI_Report                 40008200 f   ui_main.obj
 0001:00007210       _UI_ParseMenu              40008210 f   ui_main.obj
 0001:000072d0       _UI_LoadSingleMenuFile     400082d0 f   ui_main.obj
 0001:000072f0       _Load_Menu                 400082f0 f   ui_main.obj
 0001:00007370       _UI_LoadMenus              40008370 f   ui_main.obj
 0001:00007fb0       _UI_HasSetSaberOnly        40008fb0 f   ui_main.obj
 0001:00008090       _UI_TrueJediEnabled        40009090 f   ui_main.obj
 0001:00008770       _UpdateBotButtons          40009770 f   ui_main.obj
 0001:000087d0       _UpdateForceStatus         400097d0 f   ui_main.obj
 0001:0000b7b0       _UI_UpdateVideoSetup       4000c7b0 f   ui_main.obj
 0001:0000b910       _UI_GetVideoSetup          4000c910 f   ui_main.obj
 0001:0000bf50       _UI_SetSiegeObjectiveGraphicPos 4000cf50 f   ui_main.obj
 0001:0000c050       _UI_FindCurrentSiegeTeamClass 4000d050 f   ui_main.obj
 0001:0000c140       _UI_UpdateSiegeObjectiveGraphics 4000d140 f   ui_main.obj
 0001:0000c8e0       _UI_UpdateCharacterSkin    4000d8e0 f   ui_main.obj
 0001:0000ca80       _UI_ClampMaxPlayers        4000da80 f   ui_main.obj
 0001:0000cb30       _UI_UpdateSiegeStatusIcons 4000db30 f   ui_main.obj
 0001:0000d7a0       _UI_SiegeClassNum          4000e7a0 f   ui_main.obj
 0001:0000d7d0       _UI_SetSiegeTeams          4000e7d0 f   ui_main.obj
 0001:0000efe0       _UI_SiegeSetCvarsForClass  4000ffe0 f   ui_main.obj
 0001:0000f420       _UI_UpdateCvarsForClass    40010420 f   ui_main.obj
 0001:0000f500       _UI_FeederSelection        40010500 f   ui_main.obj
 0001:00010470       _UI_LoadForceConfig_List   40011470 f   ui_main.obj
 0001:00010900       _UI_SiegeInit              40011900 f   ui_main.obj
 0001:00010ea0       __UI_KeyEvent              40011ea0 f   ui_main.obj
 0001:00010f20       __UI_MouseEvent            40011f20 f   ui_main.obj
 0001:00010fa0       __UI_SetActiveMenu         40011fa0 f   ui_main.obj
 0001:00011460       _Text_PaintCenter          40012460 f   ui_main.obj
 0001:00011510       _UI_RegisterCvars          40012510 f   ui_main.obj
 0001:00011660       _UI_AllocMem               40012660 f   ui_main.obj
 0001:00011680       _UI_FreeMem                40012680 f   ui_main.obj
 0001:00011690       _UI_ReaAllocMem            40012690 f   ui_main.obj
 0001:00011750       _UI_ShowPostGame           40012750 f   ui_main.obj
 0001:000117b0       _UI_Load                   400127b0 f   ui_main.obj
 0001:000141a0       _UI_DrawConnectScreen      400151a0 f   ui_main.obj
 0001:000147a0       __UI_Refresh               400157a0 f   ui_main.obj
 0001:000174d0       __UI_Init                  400184d0 f   ui_main.obj
 0001:000179b0       _vmMain                    400189b0 f   ui_main.obj
 0001:00017aa0       _UI_CacheSaberGlowGraphics 40018aa0 f   ui_saber.obj
 0001:00017ba0       _UI_ParseLiteral           40018ba0 f   ui_saber.obj
 0001:00017c00       _UI_SaberParseParm         40018c00 f   ui_saber.obj
 0001:00017d40       _UI_SaberModelForSaber     40018d40 f   ui_saber.obj
 0001:00017d60       _UI_SaberSkinForSaber      40018d60 f   ui_saber.obj
 0001:00017d80       _UI_SaberTypeForSaber      40018d80 f   ui_saber.obj
 0001:00017da0       _UI_SaberShouldDrawBlade   40018da0 f   ui_saber.obj
 0001:00017e60       _UI_SaberBladeLengthForSaber 40018e60 f   ui_saber.obj
 0001:00017f30       _UI_SaberBladeRadiusForSaber 40018f30 f   ui_saber.obj
 0001:00018000       _UI_SaberProperNameForSaber 40019000 f   ui_saber.obj
 0001:00018080       _UI_SaberValidForPlayerInMP 40019080 f   ui_saber.obj
 0001:000180e0       _UI_FreeSabers             400190e0 f   ui_saber.obj
 0001:00018100       _UI_SaberLoadParms         40019100 f   ui_saber.obj
 0001:00018360       _RGB_LerpColor             40019360 f   ui_saber.obj
 0001:000183d0       _ParseRGBSaber             400193d0 f   ui_saber.obj
 0001:00018420       _UI_ParseScriptedSaber     40019420 f   ui_saber.obj
 0001:00018500       _RGB_AdjustSciptedSaberColor 40019500 f   ui_saber.obj
 0001:00018600       _RGB_RandomRGB             40019600 f   ui_saber.obj
 0001:00018660       _RGB_AdjustPimpSaberColor  40019660 f   ui_saber.obj
 0001:00018790       _UI_DoSaber                40019790 f   ui_saber.obj
 0001:00018d10       _SaberColorToString        40019d10 f   ui_saber.obj
 0001:00018da0       _TranslateSaberColor       40019da0 f   ui_saber.obj
 0001:00018ee0       _TranslateSaberType        40019ee0 f   ui_saber.obj
 0001:00019020       _UI_SaberDrawBlade         4001a020 f   ui_saber.obj
 0001:00019a20       _UI_GetSaberForMenu        4001aa20 f   ui_saber.obj
 0001:00019b40       _UI_SaberDrawBlades        4001ab40 f   ui_saber.obj
 0001:00019d50       _UI_SaberAttachToChar      4001ad50 f   ui_saber.obj
 0001:00019ea0       _UI_GetSaberHiltInfo       4001aea0 f   ui_saber.obj
 0001:00019ed0       _UI_GetSaberCount          4001aed0 f   ui_saber.obj
 0001:00019ef0       _UI_SaberGetHiltInfo       4001aef0 f   ui_saber.obj
 0001:0001a070       _UI_Alloc                  4001b070 f   ui_shared.obj
 0001:0001a0d0       _UI_InitMemory             4001b0d0 f   ui_shared.obj
 0001:0001a0e0       _UI_OutOfMemory            4001b0e0 f   ui_shared.obj
 0001:0001a130       _String_Alloc              4001b130 f   ui_shared.obj
 0001:0001a240       _String_Report             4001b240 f   ui_shared.obj
 0001:0001a2e0       _PC_SourceError            4001b2e0 f   ui_shared.obj
 0001:0001a350       _LerpColor                 4001b350 f   ui_shared.obj
 0001:0001a470       _Float_Parse               4001b470 f   ui_shared.obj
 0001:0001a4a0       _PC_Float_Parse            4001b4a0 f   ui_shared.obj
 0001:0001a540       _Color_Parse               4001b540 f   ui_shared.obj
 0001:0001a590       _PC_Color_Parse            4001b590 f   ui_shared.obj
 0001:0001a5e0       _Int_Parse                 4001b5e0 f   ui_shared.obj
 0001:0001a610       _PC_Int_Parse              4001b610 f   ui_shared.obj
 0001:0001a6a0       _Rect_Parse                4001b6a0 f   ui_shared.obj
 0001:0001a720       _PC_Rect_Parse             4001b720 f   ui_shared.obj
 0001:0001a780       _String_Parse              4001b780 f   ui_shared.obj
 0001:0001a7c0       _PC_String_Parse           4001b7c0 f   ui_shared.obj
 0001:0001a840       _PC_Script_Parse           4001b840 f   ui_shared.obj
 0001:0001a960       _Init_Display              4001b960 f   ui_shared.obj
 0001:0001a970       _GradientBar_Paint         4001b970 f   ui_shared.obj
 0001:0001a9d0       _Fade                      4001b9d0 f   ui_shared.obj
 0001:0001aa60       _Window_Paint              4001ba60 f   ui_shared.obj
 0001:0001af70       _IsVisible                 4001bf70 f   ui_shared.obj
 0001:0001af90       _Rect_ContainsPoint        4001bf90 f   ui_shared.obj
 0001:0001afe0       _Menu_ItemsMatchingGroup   4001bfe0 f   ui_shared.obj
 0001:0001b070       _Menu_GetMatchingItemByNumber 4001c070 f   ui_shared.obj
 0001:0001b0f0       _Script_SetColor           4001c0f0 f   ui_shared.obj
 0001:0001b1d0       _Script_SetAsset           4001c1d0 f   ui_shared.obj
 0001:0001b200       _Script_SetBackground      4001c200 f   ui_shared.obj
 0001:0001b250       _Menu_FindItemByName       4001c250 f   ui_shared.obj
 0001:0001b2b0       _Script_SetTeamColor       4001c2b0 f   ui_shared.obj
 0001:0001b300       _Script_SetItemColor       4001c300 f   ui_shared.obj
 0001:0001b490       _Script_SetItemColorCvar   4001c490 f   ui_shared.obj
 0001:0001b710       _Script_SetItemRect        4001c710 f   ui_shared.obj
 0001:0001b7d0       _Menu_ShowGroup            4001c7d0 f   ui_shared.obj
 0001:0001b820       _Menu_ShowItemByName       4001c820 f   ui_shared.obj
 0001:0001b8a0       _Menu_FadeItemByName       4001c8a0 f   ui_shared.obj
 0001:0001b900       _Menus_FindByName          4001c900 f   ui_shared.obj
 0001:0001b950       _Script_Show               4001c950 f   ui_shared.obj
 0001:0001b9a0       _Script_Hide               4001c9a0 f   ui_shared.obj
 0001:0001b9f0       _Script_FadeIn             4001c9f0 f   ui_shared.obj
 0001:0001ba40       _Script_FadeOut            4001ca40 f   ui_shared.obj
 0001:0001ba90       _Script_Defer              4001ca90 f   ui_shared.obj
 0001:0001bae0       _Menu_ItemDisable          4001cae0 f   ui_shared.obj
 0001:0001bb30       _Script_SetPlayerModel     4001cb30 f   ui_shared.obj
 0001:0001bb80       _ParseRect                 4001cb80 f   ui_shared.obj
 0001:0001bbe0       _Script_SetCvar            4001cbe0 f   ui_shared.obj
 0001:0001bc60       _Script_SetCvarToCvar      4001cc60 f   ui_shared.obj
 0001:0001bd00       _Script_Exec               4001cd00 f   ui_shared.obj
 0001:0001be00       _Script_Play               4001ce00 f   ui_shared.obj
 0001:0001be60       _Script_PlayVoice          4001ce60 f   ui_shared.obj
 0001:0001bec0       _Script_playLooped         4001cec0 f   ui_shared.obj
 0001:0001bf20       _Menu_SetItemBackground    4001cf20 f   ui_shared.obj
 0001:0001bf80       _Item_RunScript            4001cf80 f   ui_shared.obj
 0001:0001c070       _Item_EnableShowViaCvar    4001d070 f   ui_shared.obj
 0001:0001c1f0       _Item_TextScroll_ThumbPosition 4001d1f0 f   ui_shared.obj
 0001:0001c290       _Item_TextScroll_ThumbDrawPosition 4001d290 f   ui_shared.obj
 0001:0001c320       _Item_TextScroll_OverLB    4001d320 f   ui_shared.obj
 0001:0001c4b0       _Item_TextScroll_MouseEnter 4001d4b0 f   ui_shared.obj
 0001:0001c4f0       _Item_TextScroll_HandleKey 4001d4f0 f   ui_shared.obj
 0001:0001c650       _Item_ListBox_MaxScroll    4001d650 f   ui_shared.obj
 0001:0001c6c0       _Item_ListBox_ThumbPosition 4001d6c0 f   ui_shared.obj
 0001:0001c7a0       _Item_ListBox_ThumbDrawPosition 4001d7a0 f   ui_shared.obj
 0001:0001c8b0       _Item_Slider_ThumbPosition 4001d8b0 f   ui_shared.obj
 0001:0001c980       _Item_Slider_OverSlider    4001d980 f   ui_shared.obj
 0001:0001ca00       _Item_ListBox_OverLB       4001da00 f   ui_shared.obj
 0001:0001cdc0       _Item_ListBox_MouseEnter   4001ddc0 f   ui_shared.obj
 0001:0001cf80       _Item_MouseEnter           4001df80 f   ui_shared.obj
 0001:0001d100       _Item_MouseLeave           4001e100 f   ui_shared.obj
 0001:0001d140       _Item_OwnerDraw_HandleKey  4001e140 f   ui_shared.obj
 0001:0001d1d0       _Item_ListBox_HandleKey    4001e1d0 f   ui_shared.obj
 0001:0001d5a0       _Item_YesNo_HandleKey      4001e5a0 f   ui_shared.obj
 0001:0001d6b0       _Item_Multi_FindCvarByValue 4001e6b0 f   ui_shared.obj
 0001:0001d780       _Item_Multi_Setting        4001e780 f   ui_shared.obj
 0001:0001d860       _Item_Multi_HandleKey      4001e860 f   ui_shared.obj
 0001:0001d9f0       _Leaving_EditField         4001e9f0 f   ui_shared.obj
 0001:0001df60       _Item_StartCapture         4001ef60 f   ui_shared.obj
 0001:0001e1e0       _Item_Slider_HandleKey     4001f1e0 f   ui_shared.obj
 0001:0001e390       _Item_HandleAccept         4001f390 f   ui_shared.obj
 0001:0001e3c0       _Item_Action               4001f3c0 f   ui_shared.obj
 0001:0001e480       _Menus_Activate            4001f480 f   ui_shared.obj
 0001:0001e510       _Item_SetTextExtents       4001f510 f   ui_shared.obj
 0001:0001e770       _Item_TextColor            4001f770 f   ui_shared.obj
 0001:0001ea00       _Item_Text_AutoWrapped_Paint 4001fa00 f   ui_shared.obj
 0001:0001ec70       _Item_Text_Wrapped_Paint   4001fc70 f   ui_shared.obj
 0001:0001ee20       _Item_Text_Paint           4001fe20 f   ui_shared.obj
 0001:0001efe0       _Item_TextField_Paint      4001ffe0 f   ui_shared.obj
 0001:0001f250       _Item_YesNo_Paint          40020250 f   ui_shared.obj
 0001:0001f460       _Item_Multi_Paint          40020460 f   ui_shared.obj
 0001:0001f6d0       _Controls_GetConfig        400206d0 f   ui_shared.obj
 0001:0001f710       _Controls_SetConfig        40020710 f   ui_shared.obj
 0001:0001f760       _BindingIDFromName         40020760 f   ui_shared.obj
 0001:0001f7a0       _BindingFromName           400207a0 f   ui_shared.obj
 0001:0001f8c0       _Item_Slider_Paint         400208c0 f   ui_shared.obj
 0001:0001fa90       _Item_Bind_Paint           40020a90 f   ui_shared.obj
 0001:0001fda0       _Display_KeyBindPending    40020da0 f   ui_shared.obj
 0001:0001fdb0       _Item_Bind_HandleKey       40020db0 f   ui_shared.obj
 0001:00020030       _UI_ScaleModelAxis         40021030 f   ui_shared.obj
 0001:00020110       _Item_ListBox_Paint        40021110 f   ui_shared.obj
 0001:00020f30       _Item_OwnerDraw_Paint      40021f30 f   ui_shared.obj
 0001:000213b0       _Menu_Init                 400223b0 f   ui_shared.obj
 0001:00021430       _Menu_GetFocused           40022430 f   ui_shared.obj
 0001:00021470       _Menu_SetFeederSelection   40022470 f   ui_shared.obj
 0001:00021540       _Menus_AnyFullScreenVisible 40022540 f   ui_shared.obj
 0001:00021580       _Item_ValidateTypeData     40022580 f   ui_shared.obj
 0001:00021680       _KeywordHash_Key           40022680 f   ui_shared.obj
 0001:000216d0       _ItemParse_name            400226d0 f   ui_shared.obj
 0001:000216f0       _ItemParse_focusSound      400226f0 f   ui_shared.obj
 0001:00021740       _ItemParse_text            40022740 f   ui_shared.obj
 0001:00021760       _ItemParse_descText        40022760 f   ui_shared.obj
 0001:00021780       _ItemParse_text2alignx     40022780 f   ui_shared.obj
 0001:000217a0       _ItemParse_text2aligny     400227a0 f   ui_shared.obj
 0001:000217c0       _ItemParse_group           400227c0 f   ui_shared.obj
 0001:000217e0       _UI_InsertG2Pointer        400227e0 f   ui_shared.obj
 0001:00021830       _UI_CleanupGhoul2          40022830 f   ui_shared.obj
 0001:00021870       _ItemParse_asset_model_go  40022870 f   ui_shared.obj
 0001:00021ac0       _ItemParse_asset_model     40022ac0 f   ui_shared.obj
 0001:00021b60       _ItemParse_asset_shader    40022b60 f   ui_shared.obj
 0001:00021bb0       _ItemParse_model_origin    40022bb0 f   ui_shared.obj
 0001:00021c10       _ItemParse_elementheight   40022c10 f   ui_shared.obj
 0001:00021c10       _ItemParse_model_fovy      40022c10 f   ui_shared.obj
 0001:00021c40       _ItemParse_model_rotation  40022c40 f   ui_shared.obj
 0001:00021c70       _ItemParse_model_angle     40022c70 f   ui_shared.obj
 0001:00021ca0       _ItemParse_model_g2mins    40022ca0 f   ui_shared.obj
 0001:00021d00       _ItemParse_model_g2maxs    40022d00 f   ui_shared.obj
 0001:00021d60       _ItemParse_model_g2scale   40022d60 f   ui_shared.obj
 0001:00021dc0       _ItemParse_model_g2skin    40022dc0 f   ui_shared.obj
 0001:00021e20       _ItemParse_model_g2anim    40022e20 f   ui_shared.obj
 0001:00021ed0       _ItemParse_model_g2skin_go 40022ed0 f   ui_shared.obj
 0001:00021f40       _ItemParse_model_g2anim_go 40022f40 f   ui_shared.obj
 0001:00021fb0       _ItemParse_rectcvar        40022fb0 f   ui_shared.obj
 0001:000220e0       _ItemParse_rect            400230e0 f   ui_shared.obj
 0001:00022100       _ItemParse_flag            40023100 f   ui_shared.obj
 0001:000221a0       _ItemParse_style           400231a0 f   ui_shared.obj
 0001:000221d0       _ItemParse_decoration      400231d0 f   ui_shared.obj
 0001:000221e0       _ItemParse_notselectable   400231e0 f   ui_shared.obj
 0001:00022220       _ItemParse_scrollhidden    40023220 f   ui_shared.obj
 0001:00022260       _ItemParse_wrapped         40023260 f   ui_shared.obj
 0001:00022280       _ItemParse_autowrapped     40023280 f   ui_shared.obj
 0001:000222a0       _ItemParse_horizontalscroll 400232a0 f   ui_shared.obj
 0001:000222c0       _ItemParse_type            400232c0 f   ui_shared.obj
 0001:000222f0       _ItemParse_elementwidth    400232f0 f   ui_shared.obj
 0001:000222f0       _ItemParse_model_fovx      400232f0 f   ui_shared.obj
 0001:00022320       _ItemParse_special         40023320 f   ui_shared.obj
 0001:00022320       _ItemParse_feeder          40023320 f   ui_shared.obj
 0001:00022340       _ItemParse_elementtype     40023340 f   ui_shared.obj
 0001:00022380       _ItemParse_columns         40023380 f   ui_shared.obj
 0001:00022460       _MenuParse_border          40023460 f   ui_shared.obj
 0001:00022460       _ItemParse_border          40023460 f   ui_shared.obj
 0001:00022480       _ItemParse_ownerdraw       40023480 f   ui_shared.obj
 0001:000224b0       _ItemParse_isCharacter     400234b0 f   ui_shared.obj
 0001:000224f0       _ItemParse_textalign       400234f0 f   ui_shared.obj
 0001:00022530       _ItemParse_textaligny      40023530 f   ui_shared.obj
 0001:00022550       _ItemParse_textscale       40023550 f   ui_shared.obj
 0001:00022570       _ItemParse_textstyle       40023570 f   ui_shared.obj
 0001:00022590       _ItemParse_invertyesno     40023590 f   ui_shared.obj
 0001:000225b0       _ItemParse_xoffset         400235b0 f   ui_shared.obj
 0001:000225d0       _ItemParse_backcolor       400235d0 f   ui_shared.obj
 0001:00022620       _ItemParse_forecolor       40023620 f   ui_shared.obj
 0001:00022690       _ItemParse_bordercolor     40023690 f   ui_shared.obj
 0001:000226e0       _MenuParse_outlinecolor    400236e0 f   ui_shared.obj
 0001:000226e0       _ItemParse_outlinecolor    400236e0 f   ui_shared.obj
 0001:00022700       _ItemParse_background      40023700 f   ui_shared.obj
 0001:00022700       _MenuParse_background      40023700 f   ui_shared.obj
 0001:00022750       _MenuParse_cinematic       40023750 f   ui_shared.obj
 0001:00022750       _ItemParse_cinematic       40023750 f   ui_shared.obj
 0001:00022770       _ItemParse_doubleClick     40023770 f   ui_shared.obj
 0001:000227b0       _ItemParse_onFocus         400237b0 f   ui_shared.obj
 0001:000227d0       _ItemParse_leaveFocus      400237d0 f   ui_shared.obj
 0001:000227f0       _ItemParse_mouseEnter      400237f0 f   ui_shared.obj
 0001:00022810       _ItemParse_mouseExit       40023810 f   ui_shared.obj
 0001:00022830       _ItemParse_mouseEnterText  40023830 f   ui_shared.obj
 0001:00022850       _ItemParse_mouseExitText   40023850 f   ui_shared.obj
 0001:00022870       _ItemParse_action          40023870 f   ui_shared.obj
 0001:00022890       _ItemParse_cvarTest        40023890 f   ui_shared.obj
 0001:000228b0       _ItemParse_cvar            400238b0 f   ui_shared.obj
 0001:00022930       _ItemParse_font            40023930 f   ui_shared.obj
 0001:00022960       _ItemParse_maxChars        40023960 f   ui_shared.obj
 0001:000229b0       _ItemParse_maxPaintChars   400239b0 f   ui_shared.obj
 0001:00022a00       _ItemParse_maxLineChars    40023a00 f   ui_shared.obj
 0001:00022a50       _ItemParse_lineHeight      40023a50 f   ui_shared.obj
 0001:00022aa0       _ItemParse_cvarInt         40023aa0 f   ui_shared.obj
 0001:00022b20       _ItemParse_cvarFloat       40023b20 f   ui_shared.obj
 0001:00022b90       _ItemParse_cvarStrList     40023b90 f   ui_shared.obj
 0001:00022df0       _ItemParse_cvarFloatList   40023df0 f   ui_shared.obj
 0001:00022ef0       _ItemParse_addColorRange   40023ef0 f   ui_shared.obj
 0001:00022f90       _MenuParse_ownerdrawFlag   40023f90 f   ui_shared.obj
 0001:00022f90       _ItemParse_ownerdrawFlag   40023f90 f   ui_shared.obj
 0001:00022fc0       _ItemParse_enableCvar      40023fc0 f   ui_shared.obj
 0001:00022ff0       _ItemParse_disableCvar     40023ff0 f   ui_shared.obj
 0001:00023030       _ItemParse_showCvar        40024030 f   ui_shared.obj
 0001:00023070       _ItemParse_hideCvar        40024070 f   ui_shared.obj
 0001:000230b0       _ItemParse_cvarSubString   400240b0 f   ui_shared.obj
 0001:000230d0       _ItemParse_Appearance_slot 400240d0 f   ui_shared.obj
 0001:000230f0       _ItemParse_isSaber         400240f0 f   ui_shared.obj
 0001:00023150       _ItemParse_isSaber2        40024150 f   ui_shared.obj
 0001:000231b0       _Item_SetupKeywordHash     400241b0 f   ui_shared.obj
 0001:00023210       _Item_Parse                40024210 f   ui_shared.obj
 0001:00023580       _MenuParse_font            40024580 f   ui_shared.obj
 0001:000235e0       _MenuParse_name            400245e0 f   ui_shared.obj
 0001:00023620       _MenuParse_fullscreen      40024620 f   ui_shared.obj
 0001:00023640       _MenuParse_rect            40024640 f   ui_shared.obj
 0001:00023660       _MenuParse_style           40024660 f   ui_shared.obj
 0001:00023690       _ItemParse_visible         40024690 f   ui_shared.obj
 0001:00023690       _MenuParse_visible         40024690 f   ui_shared.obj
 0001:000236c0       _MenuParse_onOpen          400246c0 f   ui_shared.obj
 0001:000236e0       _MenuParse_onClose         400246e0 f   ui_shared.obj
 0001:00023700       _MenuParse_onAccept        40024700 f   ui_shared.obj
 0001:00023720       _MenuParse_onESC           40024720 f   ui_shared.obj
 0001:00023740       _MenuParse_borderSize      40024740 f   ui_shared.obj
 0001:00023740       _ItemParse_bordersize      40024740 f   ui_shared.obj
 0001:00023760       _MenuParse_backcolor       40024760 f   ui_shared.obj
 0001:000237b0       _MenuParse_descAlignment   400247b0 f   ui_shared.obj
 0001:000237f0       _MenuParse_descX           400247f0 f   ui_shared.obj
 0001:00023810       _MenuParse_descY           40024810 f   ui_shared.obj
 0001:00023830       _MenuParse_descScale       40024830 f   ui_shared.obj
 0001:00023850       _MenuParse_descColor       40024850 f   ui_shared.obj
 0001:000238a0       _MenuParse_forecolor       400248a0 f   ui_shared.obj
 0001:00023910       _MenuParse_bordercolor     40024910 f   ui_shared.obj
 0001:00023960       _MenuParse_focuscolor      40024960 f   ui_shared.obj
 0001:000239b0       _MenuParse_disablecolor    400249b0 f   ui_shared.obj
 0001:00023a00       _MenuParse_ownerdraw       40024a00 f   ui_shared.obj
 0001:00023a20       _MenuParse_popup           40024a20 f   ui_shared.obj
 0001:00023a40       _MenuParse_outOfBounds     40024a40 f   ui_shared.obj
 0001:00023a60       _MenuParse_soundLoop       40024a60 f   ui_shared.obj
 0001:00023a60       _ItemParse_text2           40024a60 f   ui_shared.obj
 0001:00023a80       _MenuParse_fadeClamp       40024a80 f   ui_shared.obj
 0001:00023aa0       _ItemParse_textalignx      40024aa0 f   ui_shared.obj
 0001:00023aa0       _MenuParse_fadeAmount      40024aa0 f   ui_shared.obj
 0001:00023ac0       _ItemParse_align           40024ac0 f   ui_shared.obj
 0001:00023ac0       _MenuParse_fadeCycle       40024ac0 f   ui_shared.obj
 0001:00023ae0       _MenuParse_itemDef         40024ae0 f   ui_shared.obj
 0001:00023be0       _MenuParse_appearanceIncrement 40024be0 f   ui_shared.obj
 0001:00023c00       _Menu_SetupKeywordHash     40024c00 f   ui_shared.obj
 0001:00023c60       _Menu_Parse                40024c60 f   ui_shared.obj
 0001:00023d70       _Menu_Count                40024d70 f   ui_shared.obj
 0001:00023d80       _Menu_Reset                40024d80 f   ui_shared.obj
 0001:00023e60       _Display_CacheAll          40024e60 f   ui_shared.obj
 0001:00023f60       _String_Init               40024f60 f   ui_shared.obj
 0001:00023fc0       _Item_SetScreenCoords      40024fc0 f   ui_shared.obj
 0001:00024040       _Item_UpdatePosition       40025040 f   ui_shared.obj
 0001:000240a0       _Menu_UpdatePosition       400250a0 f   ui_shared.obj
 0001:00024120       _Menu_ClearFocus           40025120 f   ui_shared.obj
 0001:00024190       _Script_SetItemRectCvar    40025190 f   ui_shared.obj
 0001:00024340       _Script_SetItemBackground  40025340 f   ui_shared.obj
 0001:00024400       _Menus_CloseByName         40025400 f   ui_shared.obj
 0001:00024490       _Menus_CloseAll            40025490 f   ui_shared.obj
 0001:00024520       _Script_Close              40025520 f   ui_shared.obj
 0001:00024580       _Menu_TransitionItemByName 40025580 f   ui_shared.obj
 0001:000246f0       _Script_RunDeferred        400256f0 f   ui_shared.obj
 0001:00024720       _Script_Transition         40025720 f   ui_shared.obj
 0001:000247f0       _Menu_OrbitItemByName      400257f0 f   ui_shared.obj
 0001:000248b0       _Script_Disable            400258b0 f   ui_shared.obj
 0001:00024950       _Script_Scale              40025950 f   ui_shared.obj
 0001:00024a90       _Script_Orbit              40025a90 f   ui_shared.obj
 0001:00024ba0       _Script_SetFocus           40025ba0 f   ui_shared.obj
 0001:00024c50       _Script_Transition2        40025c50 f   ui_shared.obj
 0001:00024d20       _Menu_SetItemText          40025d20 f   ui_shared.obj
 0001:00024dd0       _Item_SetFocus             40025dd0 f   ui_shared.obj
 0001:00024ee0       _Item_HandleKey            40025ee0 f   ui_shared.obj
 0001:00025030       _Item_Model_Paint          40026030 f   ui_shared.obj
 0001:000256d0       _Item_TextScroll_Paint     400266d0 f   ui_shared.obj
 0001:000259c0       _Item_Paint                400269c0 f   ui_shared.obj
 0001:00026360       _Menu_HandleMouseMove      40027360 f   ui_shared.obj
 0001:00026520       _Menu_Paint                40027520 f   ui_shared.obj
 0001:000266c0       _Menu_New                  400276c0 f   ui_shared.obj
 0001:00026730       _Menu_PaintAll             40027730 f   ui_shared.obj
 0001:000269f0       _Display_MouseMove         400279f0 f   ui_shared.obj
 0001:00026ab0       _Script_SetItemText        40027ab0 f   ui_shared.obj
 0001:00026b30       _Menu_SetPrevCursorItem    40027b30 f   ui_shared.obj
 0001:00026c20       _Menu_SetNextCursorItem    40027c20 f   ui_shared.obj
 0001:00026d20       _Menus_HandleOOBClick      40027d20 f   ui_shared.obj
 0001:00026e90       _Menus_ActivateByName      40027e90 f   ui_shared.obj
 0001:00026f60       _Menus_OpenByName          40027f60 f   ui_shared.obj
 0001:00026f70       _Script_Open               40027f70 f   ui_shared.obj
 0001:00026fb0       _Item_TextField_HandleKey  40027fb0 f   ui_shared.obj
 0001:00027430       _Menu_HandleKey            40028430 f   ui_shared.obj
 0001:00027960       _dllEntry                  40028960 f   ui_syscalls.obj
 0001:00027970       _trap_Print                40028970 f   ui_syscalls.obj
 0001:00027990       _trap_Error                40028990 f   ui_syscalls.obj
 0001:000279b0       _trap_Milliseconds         400289b0 f   ui_syscalls.obj
 0001:000279c0       _trap_Cvar_Register        400289c0 f   ui_syscalls.obj
 0001:000279e0       _trap_Cvar_Update          400289e0 f   ui_syscalls.obj
 0001:00027a00       _trap_Cvar_Set             40028a00 f   ui_syscalls.obj
 0001:00027a20       _trap_Cvar_VariableValue   40028a20 f   ui_syscalls.obj
 0001:00027a40       _trap_Cvar_VariableStringBuffer 40028a40 f   ui_syscalls.obj
 0001:00027a60       _trap_Cvar_SetValue        40028a60 f   ui_syscalls.obj
 0001:00027a80       _trap_Argc                 40028a80 f   ui_syscalls.obj
 0001:00027a90       _trap_Argv                 40028a90 f   ui_syscalls.obj
 0001:00027ab0       _trap_Cmd_ExecuteText      40028ab0 f   ui_syscalls.obj
 0001:00027ad0       _trap_FS_FOpenFile         40028ad0 f   ui_syscalls.obj
 0001:00027af0       _trap_FS_Read              40028af0 f   ui_syscalls.obj
 0001:00027b10       _trap_FS_Write             40028b10 f   ui_syscalls.obj
 0001:00027b30       _trap_FS_FCloseFile        40028b30 f   ui_syscalls.obj
 0001:00027b50       _trap_FS_GetFileList       40028b50 f   ui_syscalls.obj
 0001:00027b70       _trap_R_RegisterModel      40028b70 f   ui_syscalls.obj
 0001:00027b90       _trap_R_RegisterSkin       40028b90 f   ui_syscalls.obj
 0001:00027bb0       _trap_R_RegisterFont       40028bb0 f   ui_syscalls.obj
 0001:00027bd0       _trap_R_Font_StrLenPixels  40028bd0 f   ui_syscalls.obj
 0001:00027c00       _trap_R_Font_StrLenChars   40028c00 f   ui_syscalls.obj
 0001:00027c20       _trap_R_Font_HeightPixels  40028c20 f   ui_syscalls.obj
 0001:00027c40       _trap_R_Font_DrawString    40028c40 f   ui_syscalls.obj
 0001:00027c80       _trap_Language_IsAsian     40028c80 f   ui_syscalls.obj
 0001:00027c90       _trap_Language_UsesSpaces  40028c90 f   ui_syscalls.obj
 0001:00027ca0       _trap_AnyLanguage_ReadCharFromString 40028ca0 f   ui_syscalls.obj
 0001:00027cc0       _trap_R_RegisterShaderNoMip 40028cc0 f   ui_syscalls.obj
 0001:00027d20       _trap_R_ShaderNameFromIndex 40028d20 f   ui_syscalls.obj
 0001:00027d40       _trap_R_ClearScene         40028d40 f   ui_syscalls.obj
 0001:00027d50       _trap_R_AddRefEntityToScene 40028d50 f   ui_syscalls.obj
 0001:00027d70       _trap_R_RenderScene        40028d70 f   ui_syscalls.obj
 0001:00027d90       _trap_R_SetColor           40028d90 f   ui_syscalls.obj
 0001:00027db0       _trap_R_DrawStretchPic     40028db0 f   ui_syscalls.obj
 0001:00027e30       _trap_R_ModelBounds        40028e30 f   ui_syscalls.obj
 0001:00027e50       _trap_S_StartLocalSound    40028e50 f   ui_syscalls.obj
 0001:00027e70       _trap_S_RegisterSound      40028e70 f   ui_syscalls.obj
 0001:00027e90       _trap_Key_KeynumToStringBuf 40028e90 f   ui_syscalls.obj
 0001:00027eb0       _trap_Key_GetBindingBuf    40028eb0 f   ui_syscalls.obj
 0001:00027ed0       _trap_Key_SetBinding       40028ed0 f   ui_syscalls.obj
 0001:00027ef0       _trap_Key_GetOverstrikeMode 40028ef0 f   ui_syscalls.obj
 0001:00027f00       _trap_Key_SetOverstrikeMode 40028f00 f   ui_syscalls.obj
 0001:00027f20       _trap_Key_ClearStates      40028f20 f   ui_syscalls.obj
 0001:00027f30       _trap_Key_GetCatcher       40028f30 f   ui_syscalls.obj
 0001:00027f40       _trap_Key_SetCatcher       40028f40 f   ui_syscalls.obj
 0001:00027f60       _trap_GetClientState       40028f60 f   ui_syscalls.obj
 0001:00027f80       _trap_GetGlconfig          40028f80 f   ui_syscalls.obj
 0001:00027fa0       _trap_GetConfigString      40028fa0 f   ui_syscalls.obj
 0001:00027fc0       _trap_LAN_GetServerCount   40028fc0 f   ui_syscalls.obj
 0001:00027fe0       _trap_LAN_GetServerAddressString 40028fe0 f   ui_syscalls.obj
 0001:00028000       _trap_LAN_GetServerInfo    40029000 f   ui_syscalls.obj
 0001:00028020       _trap_LAN_GetServerPing    40029020 f   ui_syscalls.obj
 0001:00028040       _trap_LAN_ServerStatus     40029040 f   ui_syscalls.obj
 0001:00028060       _trap_LAN_SaveCachedServers 40029060 f   ui_syscalls.obj
 0001:00028070       _trap_LAN_LoadCachedServers 40029070 f   ui_syscalls.obj
 0001:00028080       _trap_LAN_ResetPings       40029080 f   ui_syscalls.obj
 0001:000280a0       _trap_LAN_MarkServerVisible 400290a0 f   ui_syscalls.obj
 0001:000280c0       _trap_LAN_ServerIsVisible  400290c0 f   ui_syscalls.obj
 0001:000280e0       _trap_LAN_UpdateVisiblePings 400290e0 f   ui_syscalls.obj
 0001:00028100       _trap_LAN_AddServer        40029100 f   ui_syscalls.obj
 0001:00028120       _trap_LAN_RemoveServer     40029120 f   ui_syscalls.obj
 0001:00028140       _trap_LAN_CompareServers   40029140 f   ui_syscalls.obj
 0001:00028170       _trap_PC_LoadSource        40029170 f   ui_syscalls.obj
 0001:00028190       _trap_PC_FreeSource        40029190 f   ui_syscalls.obj
 0001:000281b0       _trap_PC_ReadToken         400291b0 f   ui_syscalls.obj
 0001:000281d0       _trap_PC_SourceFileAndLine 400291d0 f   ui_syscalls.obj
 0001:000281f0       _trap_PC_LoadGlobalDefines 400291f0 f   ui_syscalls.obj
 0001:00028210       _trap_PC_RemoveAllGlobalDefines 40029210 f   ui_syscalls.obj
 0001:00028220       _trap_S_StopBackgroundTrack 40029220 f   ui_syscalls.obj
 0001:00028230       _trap_S_StartBackgroundTrack 40029230 f   ui_syscalls.obj
 0001:00028250       _trap_RealTime             40029250 f   ui_syscalls.obj
 0001:00028270       _trap_CIN_PlayCinematic    40029270 f   ui_syscalls.obj
 0001:000282a0       _trap_CIN_StopCinematic    400292a0 f   ui_syscalls.obj
 0001:000282c0       _trap_CIN_RunCinematic     400292c0 f   ui_syscalls.obj
 0001:000282e0       _trap_CIN_DrawCinematic    400292e0 f   ui_syscalls.obj
 0001:00028300       _trap_CIN_SetExtents       40029300 f   ui_syscalls.obj
 0001:00028330       _trap_SP_GetNumLanguages   40029330 f   ui_syscalls.obj
 0001:00028340       _trap_GetLanguageName      40029340 f   ui_syscalls.obj
 0001:00028360       _trap_SP_GetStringTextString 40029360 f   ui_syscalls.obj
 0001:00028380       _trap_G2_HaveWeGhoul2Models 40029380 f   ui_syscalls.obj
 0001:000283a0       _trap_G2API_GetBoltMatrix  400293a0 f   ui_syscalls.obj
 0001:000283e0       _trap_G2API_InitGhoul2Model 400293e0 f   ui_syscalls.obj
 0001:00028420       _trap_G2API_SetSkin        40029420 f   ui_syscalls.obj
 0001:00028450       _trap_G2API_CleanGhoul2Models 40029450 f   ui_syscalls.obj
 0001:00028470       _trap_G2API_SetBoneAnim    40029470 f   ui_syscalls.obj
 0001:000284d0       _trap_G2API_GetGLAName     400294d0 f   ui_syscalls.obj
 0001:000284f0       _trap_G2API_HasGhoul2ModelOnIndex 400294f0 f   ui_syscalls.obj
 0001:00028510       _trap_G2API_RemoveGhoul2Model 40029510 f   ui_syscalls.obj
 0001:00028530       _trap_G2API_AddBolt        40029530 f   ui_syscalls.obj
 0001:00028550       _trap_G2API_SetTime        40029550 f   ui_syscalls.obj
 0001:00028570       _trap_G2API_AttachG2Model  40029570 f   ui_syscalls.obj
 0001:00028598       __cfltcvt_init             40029598 f   LIBCMT:fpinit.obj
 0001:000285f8       __fpmath                   400295f8 f   LIBCMT:fpinit.obj
 0001:00028616       _atol                      40029616 f   LIBCMT:atox.obj
 0001:00028627       _atoi                      40029627 f   LIBCMT:atox.obj
 0001:00028630       _memset                    40029630 f   LIBCMT:memset.obj
 0001:000286b0       _atan2                     400296b0 f   LIBCMT:87ctriga.obj
 0001:000286ba       __CIatan2                  400296ba f   LIBCMT:87ctriga.obj
 0001:000286d0       _cos                       400296d0 f   LIBCMT:cos.obj
 0001:00028710       __CIcos                    40029710 f   LIBCMT:cos.obj
 0001:0002874b       __CIcos_default            4002974b f   LIBCMT:cos.obj
 0001:0002875f       __cos_default              4002975f     LIBCMT:cos.obj
 0001:00028800       _sin                       40029800 f   LIBCMT:sin.obj
 0001:00028840       __CIsin                    40029840 f   LIBCMT:sin.obj
 0001:0002887b       __CIsin_default            4002987b f   LIBCMT:sin.obj
 0001:0002888f       __sin_default              4002988f     LIBCMT:sin.obj
 0001:00028940       _strchr                    40029940 f   LIBCMT:strchr.obj
 0001:00028946       ___from_strstr_to_strchr   40029946     LIBCMT:strchr.obj
 0001:00028a00       __alloca_probe             40029a00     LIBCMT:chkstk.obj
 0001:00028a00       __chkstk                   40029a00 f   LIBCMT:chkstk.obj
 0001:00028a2b       ??0_LocaleUpdate@@QAE@PAUlocaleinfo_struct@@@Z 40029a2b f i LIBCMT:atof.obj
 0001:00028aad       __atof_l                   40029aad f   LIBCMT:atof.obj
 0001:00028b56       _atof                      40029b56 f   LIBCMT:atof.obj
 0001:00028b70       __CIsqrt                   40029b70 f   LIBCMT:sqrt.obj
 0001:00028b84       _sqrt                      40029b84     LIBCMT:sqrt.obj
 0001:00028c30       _fmod                      40029c30 f   LIBCMT:87fmod.obj
 0001:00028c3a       __CIfmod                   40029c3a f   LIBCMT:87fmod.obj
 0001:00028c70       __ftol2_sse                40029c70 f   LIBCMT:ftol2.obj
 0001:00028c79       __ftol2_pentium4           40029c79 f   LIBCMT:ftol2.obj
 0001:00028c8c       __ftol2_sse_excpt          40029c8c f   LIBCMT:ftol2.obj
 0001:00028ca6       __ftol2                    40029ca6 f   LIBCMT:ftol2.obj
 0001:00028d20       _acos                      40029d20 f   LIBCMT:acos.obj
 0001:00028d60       __CIacos                   40029d60 f   LIBCMT:acos.obj
 0001:00028d9b       __CIacos_default           40029d9b f   LIBCMT:acos.obj
 0001:00028daf       __acos_default             40029daf     LIBCMT:acos.obj
 0001:00028e66       __vsprintf_l               40029e66 f   LIBCMT:vsprintf.obj
 0001:00028ee2       _vsprintf                  40029ee2 f   LIBCMT:vsprintf.obj
 0001:00028f00       _strncpy                   40029f00 f   LIBCMT:strncpy.obj
 0001:00029024       __tolower_l                4002a024 f   LIBCMT:tolower.obj
 0001:0002913b       _tolower                   4002a13b f   LIBCMT:tolower.obj
 0001:00029162       __toupper_l                4002a162 f   LIBCMT:toupper.obj
 0001:0002927a       _toupper                   4002a27a f   LIBCMT:toupper.obj
 0001:000292a1       __vsnprintf_l              4002a2a1 f   LIBCMT:vsnprint.obj
 0001:00029352       __vsnprintf                4002a352 f   LIBCMT:vsnprint.obj
 0001:00029370       _memcpy                    4002a370 f   LIBCMT:memcpy.obj
 0001:000296e0       _strstr                    4002a6e0 f   LIBCMT:strstr.obj
 0001:00029770       _ceil                      4002a770 f   LIBCMT:ceil_pentium4.obj
 0001:000297b0       __ceil_pentium4            4002a7b0 f   LIBCMT:ceil_pentium4.obj
 0001:00029890       _floor                     4002a890 f   LIBCMT:floor_pentium4.obj
 0001:000298d0       __floor_pentium4           4002a8d0 f   LIBCMT:floor_pentium4.obj
 0001:00029a80       _qsort                     4002aa80 f   LIBCMT:qsort.obj
 0001:00029d30       _strrchr                   4002ad30 f   LIBCMT:strrchr.obj
 0001:00029d60       _strncat                   4002ad60 f   LIBCMT:strncat.obj
 0001:00029e95       _sprintf                   4002ae95 f   LIBCMT:sprintf.obj
 0001:00029f10       _V6_HeapAlloc              4002af10 f   LIBCMT:malloc.obj
 0001:00029f5f       _malloc                    4002af5f f   LIBCMT:malloc.obj
 0001:0002a022       _free                      4002b022 f   LIBCMT:free.obj
 0001:0002a0b0       _realloc                   4002b0b0 f   LIBCMT:realloc.obj
 0001:0002a2cb       __strtod_l                 4002b2cb f   LIBCMT:strtod.obj
 0001:0002a3e6       _strtod                    4002b3e6 f   LIBCMT:strtod.obj
 0001:0002a3f9       _rand                      4002b3f9 f   LIBCMT:rand.obj
 0001:0002a420       _tan                       4002b420 f   LIBCMT:tan.obj
 0001:0002a460       __CItan                    4002b460 f   LIBCMT:tan.obj
 0001:0002a49b       __CItan_default            4002b49b f   LIBCMT:tan.obj
 0001:0002a4af       __tan_default              4002b4af     LIBCMT:tan.obj
 0001:0002a550       _memmove                   4002b550 f   LIBCMT:memmove.obj
 0001:0002a8b5       __CRT_INIT@12              4002b8b5 f   LIBCMT:dllcrt0.obj
 0001:0002ab84       __DllMainCRTStartup@12     4002bb84 f   LIBCMT:dllcrt0.obj
 0001:0002aba5       __forcdecpt_l              4002bba5 f   LIBCMT:cvt.obj
 0001:0002ac16       __cropzeros_l              4002bc16 f   LIBCMT:cvt.obj
 0001:0002ac96       __positive                 4002bc96 f   LIBCMT:cvt.obj
 0001:0002acac       __fassign_l                4002bcac f   LIBCMT:cvt.obj
 0001:0002acec       __fassign                  4002bcec f   LIBCMT:cvt.obj
 0001:0002ad20       __forcdecpt                4002bd20 f   LIBCMT:cvt.obj
 0001:0002ad2e       __cropzeros                4002bd2e f   LIBCMT:cvt.obj
 0001:0002aea9       __cftoe_l                  4002bea9 f   LIBCMT:cvt.obj
 0001:0002af77       __cftoe                    4002bf77 f   LIBCMT:cvt.obj
 0001:0002af95       __cftoa_l                  4002bf95 f   LIBCMT:cvt.obj
 0001:0002b3fb       __cftof_l                  4002c3fb f   LIBCMT:cvt.obj
 0001:0002b4b4       __cftog_l                  4002c4b4 f   LIBCMT:cvt.obj
 0001:0002b5ac       __cfltcvt_l                4002c5ac f   LIBCMT:cvt.obj
 0001:0002b632       __cfltcvt                  4002c632 f   LIBCMT:cvt.obj
 0001:0002b653       __initp_misc_cfltcvt_tab   4002c653 f   LIBCMT:cmiscdat.obj
 0001:0002b672       __setdefaultprecision      4002c672 f   LIBCMT:fp8.obj
 0001:0002b69b       __ms_p5_test_fdiv          4002c69b f   LIBCMT:testfdiv.obj
 0001:0002b6d7       __ms_p5_mp_test_fdiv       4002c6d7 f   LIBCMT:testfdiv.obj
 0001:0002b92b       _strtol                    4002c92b f   LIBCMT:strtol.obj
 0001:0002b9ab       __VEC_memzero              4002c9ab f   LIBCMT:p4_memset.obj
 0001:0002ba3a       __sse2_mathfcns_init       4002ca3a f   LIBCMT:mathfcns.obj
 0001:0002ba6c       __fFATN2                   4002ca6c     LIBCMT:87triga.obj
 0001:0002babc       __rtpiby2                  4002cabc     LIBCMT:87triga.obj
 0001:0002bb00       __cintrindisp2             4002cb00 f   LIBCMT:87cdisp.obj
 0001:0002bb3e       __cintrindisp1             4002cb3e f   LIBCMT:87cdisp.obj
 0001:0002bb7b       __ctrandisp2               4002cb7b f   LIBCMT:87cdisp.obj
 0001:0002bd11       __ctrandisp1               4002cd11 f   LIBCMT:87cdisp.obj
 0001:0002bd44       __fload                    4002cd44 f   LIBCMT:87cdisp.obj
 0001:0002bd80       __CIcos_pentium4           4002cd80 f   LIBCMT:cos_pentium4.obj
 0001:0002bd98       __cos_pentium4             4002cd98     LIBCMT:cos_pentium4.obj
 0001:0002bf30       __trandisp1                4002cf30 f   LIBCMT:87disp.obj
 0001:0002bf97       __trandisp2                4002cf97 f   LIBCMT:87disp.obj
 0001:0002c023       __rttospopde               4002d023     LIBCMT:87disp.obj
 0001:0002c028       __rttospop                 4002d028     LIBCMT:87disp.obj
 0001:0002c02a       __rtnospop                 4002d02a     LIBCMT:87disp.obj
 0001:0002c02c       __rttosnpop                4002d02c     LIBCMT:87disp.obj
 0001:0002c02d       __rtnospopde               4002d02d     LIBCMT:87disp.obj
 0001:0002c034       __rtzeropop                4002d034     LIBCMT:87disp.obj
 0001:0002c036       __rtzeronpop               4002d036     LIBCMT:87disp.obj
 0001:0002c03b       __rtonepop                 4002d03b     LIBCMT:87disp.obj
 0001:0002c03d       __rtonenpop                4002d03d     LIBCMT:87disp.obj
 0001:0002c042       __tosnan1                  4002d042     LIBCMT:87disp.obj
 0001:0002c06d       __nosnan2                  4002d06d     LIBCMT:87disp.obj
 0001:0002c06f       __tosnan2                  4002d06f     LIBCMT:87disp.obj
 0001:0002c097       __nan2                     4002d097     LIBCMT:87disp.obj
 0001:0002c0d6       __rtindfpop                4002d0d6     LIBCMT:87disp.obj
 0001:0002c0d8       __rtindfnpop               4002d0d8     LIBCMT:87disp.obj
 0001:0002c0e9       __rttosnpopde              4002d0e9     LIBCMT:87disp.obj
 0001:0002c0f3       __rtchsifneg               4002d0f3     LIBCMT:87disp.obj
 0001:0002c100       __twoToTOS                 4002d100 f   LIBCMT:common.obj
 0001:0002c115       __load_CW                  4002d115 f   LIBCMT:common.obj
 0001:0002c12c       __convertTOStoQNaN         4002d12c f   LIBCMT:common.obj
 0001:0002c145       __fload_withFB             4002d145 f   LIBCMT:common.obj
 0001:0002c188       __checkTOS_withFB          4002d188 f   LIBCMT:common.obj
 0001:0002c19e       __fast_exit                4002d19e f   LIBCMT:common.obj
 0001:0002c1ab       __math_exit                4002d1ab f   LIBCMT:common.obj
 0001:0002c1d5       __check_overflow_exit      4002d1d5 f   LIBCMT:common.obj
 0001:0002c1e9       __check_range_exit         4002d1e9 f   LIBCMT:common.obj
 0001:0002c290       __startTwoArgErrorHandling 4002d290 f   LIBCMT:genexcep.obj
 0001:0002c2a7       __startOneArgErrorHandling 4002d2a7 f   LIBCMT:genexcep.obj
 0001:0002c2f0       __CIsin_pentium4           4002d2f0 f   LIBCMT:sin_pentium4.obj
 0001:0002c308       __sin_pentium4             4002d308     LIBCMT:sin_pentium4.obj
 0001:0002c6c6       ___updatetmbcinfo          4002d6c6 f   LIBCMT:mbctype.obj
 0001:0002c7e4       __setmbcp_nolock           4002d7e4 f   LIBCMT:mbctype.obj
 0001:0002c98f       __setmbcp                  4002d98f f   LIBCMT:mbctype.obj
 0001:0002cb29       ___initmbctable            4002db29 f   LIBCMT:mbctype.obj
 0001:0002cb47       ___freetlocinfo            4002db47 f   LIBCMT:setlocal.obj
 0001:0002cc87       ___addlocaleref            4002dc87 f   LIBCMT:setlocal.obj
 0001:0002cd0d       ___removelocaleref         4002dd0d f   LIBCMT:setlocal.obj
 0001:0002cdd7       ___updatetlocinfo          4002ddd7 f   LIBCMT:setlocal.obj
 0001:0002ce4d       __encode_pointer           4002de4d f   LIBCMT:tidtable.obj
 0001:0002ceb0       __encoded_null             4002deb0 f   LIBCMT:tidtable.obj
 0001:0002ceb9       __decode_pointer           4002deb9 f   LIBCMT:tidtable.obj
 0001:0002cf1c       ___crtTlsAlloc@4           4002df1c f   LIBCMT:tidtable.obj
 0001:0002cf25       ___set_flsgetvalue         4002df25 f   LIBCMT:tidtable.obj
 0001:0002cf4f       __mtterm                   4002df4f f   LIBCMT:tidtable.obj
 0001:0002cf8c       __initptd                  4002df8c f   LIBCMT:tidtable.obj
 0001:0002d040       __getptd_noexit            4002e040 f   LIBCMT:tidtable.obj
 0001:0002d0c3       __getptd                   4002e0c3 f   LIBCMT:tidtable.obj
 0001:0002d0db       __freefls@4                4002e0db f   LIBCMT:tidtable.obj
 0001:0002d1fc       __freeptd                  4002e1fc f   LIBCMT:tidtable.obj
 0001:0002d265       __mtinit                   4002e265 f   LIBCMT:tidtable.obj
 0001:0002d3e9       __fltin2                   4002e3e9 f   LIBCMT:cfin.obj
 0001:0002d490       _strlen                    4002e490 f   LIBCMT:strlen.obj
 0001:0002d51b       __isctype_l                4002e51b f   LIBCMT:isctype.obj
 0001:0002d5d1       __initp_misc_invarg        4002e5d1 f   LIBCMT:invarg.obj
 0001:0002d5db       __invoke_watson            4002e5db f   LIBCMT:invarg.obj
 0001:0002d6d7       __invalid_parameter        4002e6d7 f   LIBCMT:invarg.obj
 0001:0002d6fb       __get_errno_from_oserr     4002e6fb f   LIBCMT:dosmap.obj
 0001:0002d736       __errno                    4002e736 f   LIBCMT:dosmap.obj
 0001:0002d749       ___doserrno                4002e749 f   LIBCMT:dosmap.obj
 0001:0002d75c       __dosmaperr                4002e75c f   LIBCMT:dosmap.obj
 0001:0002d77a       ___strgtold12_l            4002e77a f   LIBCMT:strgtold.obj
 0001:0002de40       _fdiv_main_routine         4002ee40 f   LIBCMT:adj_fdiv.obj
 0001:0002df57       __adj_fdiv_r               4002ef57 f   LIBCMT:adj_fdiv.obj
 0001:0002e3f6       __fdivp_sti_st             4002f3f6 f   LIBCMT:adj_fdiv.obj
 0001:0002e409       __fdivrp_sti_st            4002f409 f   LIBCMT:adj_fdiv.obj
 0001:0002e41c       __adj_fdiv_m32             4002f41c f   LIBCMT:adj_fdiv.obj
 0001:0002e468       __adj_fdiv_m64             4002f468 f   LIBCMT:adj_fdiv.obj
 0001:0002e4b4       __adj_fdiv_m16i            4002f4b4 f   LIBCMT:adj_fdiv.obj
 0001:0002e4e8       __adj_fdiv_m32i            4002f4e8 f   LIBCMT:adj_fdiv.obj
 0001:0002e51c       __adj_fdivr_m32            4002f51c f   LIBCMT:adj_fdiv.obj
 0001:0002e568       __adj_fdivr_m64            4002f568 f   LIBCMT:adj_fdiv.obj
 0001:0002e5b4       __adj_fdivr_m16i           4002f5b4 f   LIBCMT:adj_fdiv.obj
 0001:0002e5e8       __adj_fdivr_m32i           4002f5e8 f   LIBCMT:adj_fdiv.obj
 0001:0002e61c       __safe_fdiv                4002f61c f   LIBCMT:adj_fdiv.obj
 0001:0002e631       __safe_fdivr               4002f631 f   LIBCMT:adj_fdiv.obj
 0001:0002e646       __fprem_common             4002f646 f   LIBCMT:adj_fdiv.obj
 0001:0002e84c       __adj_fprem                4002f84c f   LIBCMT:adj_fdiv.obj
 0001:0002e8fe       __fprem1_common            4002f8fe f   LIBCMT:adj_fdiv.obj
 0001:0002eb04       __adj_fprem1               4002fb04 f   LIBCMT:adj_fdiv.obj
 0001:0002ebb9       __safe_fprem               4002fbb9 f   LIBCMT:adj_fdiv.obj
 0001:0002ebbf       __safe_fprem1              4002fbbf f   LIBCMT:adj_fdiv.obj
 0001:0002ebc5       __adj_fpatan               4002fbc5 f   LIBCMT:adj_fdiv.obj
 0001:0002ebc8       __adj_fptan                4002fbc8 f   LIBCMT:adj_fdiv.obj
 0001:0002ebd0       __CIacos_pentium4          4002fbd0 f   LIBCMT:acos_pentium4.obj
 0001:0002ebe8       __acos_pentium4            4002fbe8     LIBCMT:acos_pentium4.obj
 0001:0002f124       __flsbuf                   40030124 f   LIBCMT:_flsbuf.obj
 0001:0002f325       __output_l                 40030325 f   LIBCMT:output.obj
 0001:0002fcbd       __freea                    40030cbd f i LIBCMT:a_map.obj
 0001:0003007a       ___crtLCMapStringA         4003107a f   LIBCMT:a_map.obj
 0001:000300bd       __isleadbyte_l             400310bd f i LIBCMT:_wctype.obj
 0001:000300f3       _isleadbyte                400310f3 f i LIBCMT:_wctype.obj
 0001:00030188       __VEC_memcpy               40031188 f   LIBCMT:p4_memcpy.obj
 0001:0003026b       ___libm_error_support      4003126b f   LIBCMT:libm_error.obj
 0001:0003051b       __ceil_default             4003151b f   LIBCMT:ceil.obj
 0001:000305ec       __floor_default            400315ec f   LIBCMT:floor.obj
 0001:000306bd       __mtinitlocks              400316bd f   LIBCMT:mlock.obj
 0001:00030706       __mtdeletelocks            40031706 f   LIBCMT:mlock.obj
 0001:0003075b       __unlock                   4003175b f   LIBCMT:mlock.obj
 0001:00030770       __mtinitlocknum            40031770 f   LIBCMT:mlock.obj
 0001:00030833       __lock                     40031833 f   LIBCMT:mlock.obj
 0001:00030864       ___sbh_heap_init           40031864 f   LIBCMT:sbheap.obj
 0001:000308ac       ___sbh_find_block          400318ac f   LIBCMT:sbheap.obj
 0001:000308d7       ___sbh_free_block          400318d7 f   LIBCMT:sbheap.obj
 0001:00030beb       ___sbh_alloc_new_region    40031beb f   LIBCMT:sbheap.obj
 0001:00030c9b       ___sbh_alloc_new_group     40031c9b f   LIBCMT:sbheap.obj
 0001:00030da1       ___sbh_resize_block        40031da1 f   LIBCMT:sbheap.obj
 0001:00031080       ___sbh_alloc_block         40032080 f   LIBCMT:sbheap.obj
 0001:00031364       __SEH_prolog4              40032364 f   LIBCMT:sehprolg4.obj
 0001:000313a9       __SEH_epilog4              400323a9 f   LIBCMT:sehprolg4.obj
 0001:000313c0       __except_handler4          400323c0 f   LIBCMT:chandler4.obj
 0001:00031556       ___heap_select             40032556 f   LIBCMT:heapinit.obj
 0001:000315b1       __heap_init                400325b1 f   LIBCMT:heapinit.obj
 0001:0003160b       __heap_term                4003260b f   LIBCMT:heapinit.obj
 0001:0003167f       __amsg_exit                4003267f f   LIBCMT:crt0dat.obj
 0001:000316a3       ___crtCorExitProcess       400326a3 f   LIBCMT:crt0dat.obj
 0001:000316c9       ___crtExitProcess          400326c9 f   LIBCMT:crt0dat.obj
 0001:000316de       __lockexit                 400326de f   LIBCMT:crt0dat.obj
 0001:000316e7       __unlockexit               400326e7 f   LIBCMT:crt0dat.obj
 0001:00031708       __initterm_e               40032708 f   LIBCMT:crt0dat.obj
 0001:00031728       __get_osplatform           40032728 f   LIBCMT:crt0dat.obj
 0001:0003175f       __get_winmajor             4003275f f   LIBCMT:crt0dat.obj
 0001:0003179b       __cinit                    4003279b f   LIBCMT:crt0dat.obj
 0001:000318fb       __exit                     400328fb f   LIBCMT:crt0dat.obj
 0001:0003190c       __cexit                    4003290c f   LIBCMT:crt0dat.obj
 0001:0003191b       __init_pointers            4003291b f   LIBCMT:crt0dat.obj
 0001:00031967       __NMSG_WRITE               40032967 f   LIBCMT:crt0msg.obj
 0001:00031b07       __FF_MSGBANNER             40032b07 f   LIBCMT:crt0msg.obj
 0001:00031b40       __initp_heap_handler       40032b40 f   LIBCMT:handler.obj
 0001:00031b4a       __callnewh                 40032b4a f   LIBCMT:handler.obj
 0001:00031b70       __CItan_pentium4           40032b70 f   LIBCMT:tan_pentium4.obj
 0001:00031b88       __tan_pentium4             40032b88     LIBCMT:tan_pentium4.obj
 0001:00031dd0       __malloc_crt               40032dd0 f   LIBCMT:crtheap.obj
 0001:00031e10       __calloc_crt               40032e10 f   LIBCMT:crtheap.obj
 0001:00031e58       __realloc_crt              40032e58 f   LIBCMT:crtheap.obj
 0001:00031ea3       __ioinit                   40032ea3 f   LIBCMT:ioinit.obj
 0001:000320e3       __ioterm                   400330e3 f   LIBCMT:ioinit.obj
 0001:0003212f       __setenvp                  4003312f f   LIBCMT:stdenvp.obj
 0001:000323a2       __setargv                  400333a2 f   LIBCMT:stdargv.obj
 0001:0003245b       ___crtGetEnvironmentStringsA 4003345b f   LIBCMT:a_env.obj
 0001:00032590       __RTC_Initialize           40033590 f   LIBCMT:initsect.obj
 0001:000325b4       __RTC_Terminate            400335b4 f   LIBCMT:initsect.obj
 0001:000325d8       __fpclear                  400335d8 f   LIBCMT:fpinit.obj
 0001:000325d8       __initp_misc_winxfltr      400335d8 f   LIBCMT:winxfltr.obj
 0001:000325d9       __XcptFilter               400335d9 f   LIBCMT:winxfltr.obj
 0001:00032748       ___CppXcptFilter           40033748 f   LIBCMT:winxfltr.obj
 0001:00032763       _DllMain@12                40033763 f   LIBCMT:dllmain.obj
 0001:00032769       ___security_init_cookie    40033769 f   LIBCMT:gs_support.obj
 0001:000327fd       __isdigit_l                400337fd f i LIBCMT:_ctype.obj
 0001:0003284c       _isdigit                   4003384c f i LIBCMT:_ctype.obj
 0001:00032875       __atodbl_l                 40033875 f   LIBCMT:atodbl.obj
 0001:0003291b       __atoflt_l                 4003391b f   LIBCMT:atodbl.obj
 0001:000329c1       _strcpy_s                  400339c1 f   LIBCMT:strcpy_s.obj
 0001:00032a26       __fptostr                  40033a26 f   LIBCMT:_fptostr.obj
 0001:00032ae3       ___dtold                   40033ae3 f   LIBCMT:cfout.obj
 0001:00032b9e       __fltout2                  40033b9e f   LIBCMT:cfout.obj
 0001:00032c2c       @__security_check_cookie@4 40033c2c f   LIBCMT:secchk.obj
 0001:00032c40       __alldvrm                  40033c40 f   LIBCMT:lldvrm.obj
 0001:00032d20       __aullshr                  40033d20 f   LIBCMT:ullshr.obj
 0001:00032d3f       __fptrap                   40033d3f f   LIBCMT:crt0fp.obj
 0001:00032d48       __controlfp_s              40033d48 f   LIBCMT:contrlfp.obj
 0001:00032dc0       __allmul                   40033dc0 f   LIBCMT:llmul.obj
 0001:00032e00       __aulldvrm                 40033e00 f   LIBCMT:ulldvrm.obj
 0001:00032ee5       __get_sse2_info            40033ee5 f   LIBCMT:cpu_disp.obj
 0001:00032f45       ___sse2_available_init     40033f45 f   LIBCMT:cpu_disp.obj
 0001:00032f52       __87except                 40033f52 f   LIBCMT:87except.obj
 0001:00033206       ___crtGetStringTypeA       40034206 f   LIBCMT:a_str.obj
 0001:00033246       ___free_lc_time            40034246 f   LIBCMT:inittime.obj
 0001:000333d6       ___free_lconv_num          400343d6 f   LIBCMT:initnum.obj
 0001:00033416       ___free_lconv_mon          40034416 f   LIBCMT:initmon.obj
 0001:0003349f       _strcat_s                  4003449f f   LIBCMT:strcat_s.obj
 0001:00033510       _strcspn                   40034510 f   LIBCMT:strcspn.obj
 0001:00033556       _strncpy_s                 40034556 f   LIBCMT:strncpy_s.obj
 0001:00033610       _strcmp                    40034610 f   LIBCMT:strcmp.obj
 0001:000336a0       _strpbrk                   400346a0 f   LIBCMT:strpbrk.obj
 0001:000336e0       __ld12tod                  400346e0 f   LIBCMT:intrncvt.obj
 0001:00033c22       __ld12tof                  40034c22 f   LIBCMT:intrncvt.obj
 0001:00034164       __crt_debugger_hook        40035164 f   LIBCMT:dbghook.obj
 0001:0003416c       ___mtold12                 4003516c f   LIBCMT:mantold.obj
 0001:00034338       __lseeki64_nolock          40035338 f   LIBCMT:lseeki64.obj
 0001:000343bb       __lseeki64                 400353bb f   LIBCMT:lseeki64.obj
 0001:000344d4       __write_nolock             400354d4 f   LIBCMT:write.obj
 0001:00034a9a       __write                    40035a9a f   LIBCMT:write.obj
 0001:00034b76       __getbuf                   40035b76 f   LIBCMT:_getbuf.obj
 0001:00034bba       __isatty                   40035bba f   LIBCMT:isatty.obj
 0001:00034c18       ___iob_func                40035c18 f   LIBCMT:_file.obj
 0001:00034c1e       ___initstdio               40035c1e f   LIBCMT:_file.obj
 0001:00034ccf       ___endstdio                40035ccf f   LIBCMT:_file.obj
 0001:00034cef       __lock_file                40035cef f   LIBCMT:_file.obj
 0001:00034d1e       __lock_file2               40035d1e f   LIBCMT:_file.obj
 0001:00034d41       __unlock_file              40035d41 f   LIBCMT:_file.obj
 0001:00034d70       __unlock_file2             40035d70 f   LIBCMT:_file.obj
 0001:00034d93       __fileno                   40035d93 f   LIBCMT:fileno.obj
 0001:00034dc0       __get_printf_count_output  40035dc0 f   LIBCMT:printf.obj
 0001:00034dd6       __wctomb_s_l               40035dd6 f   LIBCMT:wctomb.obj
 0001:00034f35       _wctomb_s                  40035f35 f   LIBCMT:wctomb.obj
 0001:00034f50       ___ansicp                  40035f50 f   LIBCMT:convrtcp.obj
 0001:00034f97       ___convertcp               40035f97 f   LIBCMT:convrtcp.obj
 0001:00035150       __alloca_probe_16          40036150 f   LIBCMT:alloca16.obj
 0001:00035166       __alloca_probe_8           40036166     LIBCMT:alloca16.obj
 0001:0003517c       __matherr                  4003617c f   LIBCMT:matherr.obj
 0001:0003517f       __raise_exc_ex             4003617f f   LIBCMT:fpexcept.obj
 0001:00035459       __raise_exc                40036459 f   LIBCMT:fpexcept.obj
 0001:0003547a       __handle_exc               4003647a f   LIBCMT:fpexcept.obj
 0001:0003565b       __set_errno_from_matherr   4003665b f   LIBCMT:fpexcept.obj
 0001:00035683       __errcode                  40036683 f   LIBCMT:fpexcept.obj
 0001:000356b0       __umatherr                 400366b0 f   LIBCMT:fpexcept.obj
 0001:0003574e       __handle_qnan1             4003674e f   LIBCMT:fpexcept.obj
 0001:000357a1       __except1                  400367a1 f   LIBCMT:fpexcept.obj
 0001:0003585b       __frnd                     4003685b f   LIBCMT:frnd.obj
 0001:0003586c       __set_exp                  4003686c f   LIBCMT:util.obj
 0001:00035896       __sptype                   40036896 f   LIBCMT:util.obj
 0001:000358f1       __decomp                   400368f1 f   LIBCMT:util.obj
 0001:000359a0       __statfp                   400369a0 f   LIBCMT:fpctrl.obj
 0001:000359ab       __clrfp                    400369ab f   LIBCMT:fpctrl.obj
 0001:000359b7       __ctrlfp                   400369b7 f   LIBCMT:fpctrl.obj
 0001:000359de       __set_statfp               400369de f   LIBCMT:fpctrl.obj
 0001:00035a34       ___set_fpsr_sse2           40036a34 f   LIBCMT:fpctrl.obj
 0001:00035aa6       __initp_misc_initcrit      40036aa6 f   LIBCMT:initcrit.obj
 0001:00035ac0       ___crtInitCritSecAndSpinCount 40036ac0 f   LIBCMT:initcrit.obj
 0001:00035b88       __local_unwind4            40036b88 f   LIBCMT:exsup4.obj
 0001:00035c5e       __seh_longjmp_unwind4@4    40036c5e f   LIBCMT:exsup4.obj
 0001:00035c7a       @_EH4_CallFilterFunc@8     40036c7a f   LIBCMT:exsup4.obj
 0001:00035c91       @_EH4_TransferToHandler@8  40036c91 f   LIBCMT:exsup4.obj
 0001:00035caa       @_EH4_GlobalUnwind@4       40036caa f   LIBCMT:exsup4.obj
 0001:00035cc4       @_EH4_LocalUnwind@16       40036cc4 f   LIBCMT:exsup4.obj
 0001:00035ce0       __ValidateImageBase        40036ce0 f   LIBCMT:pesect.obj
 0001:00035d10       __FindPESection            40036d10 f   LIBCMT:pesect.obj
 0001:00035d52       __IsNonwritableInCurrentImage 40036d52 f   LIBCMT:pesect.obj
 0001:00035e6b       ___onexitinit              40036e6b f   LIBCMT:onexit.obj
 0001:00035e9a       __onexit                   40036e9a f   LIBCMT:onexit.obj
 0001:00035ed6       _atexit                    40036ed6 f   LIBCMT:onexit.obj
 0001:00035ee8       ?terminate@@YAXXZ          40036ee8 f   LIBCMT:hooks.obj
 0001:00035f21       __initp_eh_hooks           40036f21 f   LIBCMT:hooks.obj
 0001:00035f32       __initp_misc_winsig        40036f32 f   LIBCMT:winsig.obj
 0001:00035f7f       ___get_sigabrt             40036f7f f   LIBCMT:winsig.obj
 0001:00035f8c       _raise                     40036f8c f   LIBCMT:winsig.obj
 0001:0003613c       __initp_misc_rand_s        4003713c f   LIBCMT:rand_s.obj
 0001:00036146       __initp_misc_purevirt      40037146 f   LIBCMT:inithelp.obj
 0001:00036150       ___crtMessageBoxA          40037150 f   LIBCMT:crtmbox.obj
 0001:000362ee       __set_error_mode           400372ee f   LIBCMT:errmode.obj
 0001:00036334       __calloc_impl              40037334 f   LIBCMT:calloc.obj
 0001:000364a3       __ismbblead                400374a3 f   LIBCMT:ismbbyte.obj
 0001:000364b6       _$I10_OUTPUT               400374b6 f   LIBCMT:x10fout.obj
 0001:00036d7e       ___report_gsfailure        40037d7e f   LIBCMT:gs_report.obj
 0001:00036fb0       __control87                40037fb0 f i LIBCMT:ieee87.obj
 0001:000372b3       ___ascii_stricmp           400382b3 f   LIBCMT:stricmp.obj
 0001:000372e8       __stricmp_l                400382e8 f   LIBCMT:stricmp.obj
 0001:000373bb       __stricmp                  400383bb f   LIBCMT:stricmp.obj
 0001:000373bb       _stricmp                   400383bb f   LIBCMT:stricmp.obj
 0001:0003740b       __strnicmp_l               4003840b f   LIBCMT:strnicmp.obj
 0001:000374fb       _strnicmp                  400384fb f   LIBCMT:strnicmp.obj
 0001:000374fb       __strnicmp                 400384fb f   LIBCMT:strnicmp.obj
 0001:00037557       __free_osfhnd              40038557 f   LIBCMT:osfinfo.obj
 0001:000375d8       __get_osfhandle            400385d8 f   LIBCMT:osfinfo.obj
 0001:00037649       ___lock_fhandle            40038649 f   LIBCMT:osfinfo.obj
 0001:000376e9       __unlock_fhandle           400386e9 f   LIBCMT:osfinfo.obj
 0001:0003770b       __putwch_nolock            4003870b f   LIBCMT:putwch.obj
 0001:000377cd       __mbtowc_l                 400387cd f   LIBCMT:mbtowc.obj
 0001:000378e0       _mbtowc                    400388e0 f   LIBCMT:mbtowc.obj
 0001:000378f7       __fcloseall                400388f7 f   LIBCMT:closeall.obj
 0001:00037996       __flush                    40038996 f   LIBCMT:fflush.obj
 0001:000379f8       __fflush_nolock            400389f8 f   LIBCMT:fflush.obj
 0001:00037b14       __flushall                 40038b14 f   LIBCMT:fflush.obj
 0001:00037b20       __global_unwind2           40038b20 f   LIBCMT:exsup.obj
 0001:00037b85       __local_unwind2            40038b85 f   LIBCMT:exsup.obj
 0001:00037c09       __abnormal_termination     40038c09 f   LIBCMT:exsup.obj
 0001:00037c2c       __NLG_Notify1              40038c2c f   LIBCMT:exsup.obj
 0001:00037c35       __NLG_Notify               40038c35 f   LIBCMT:exsup.obj
 0001:00037c4c       __NLG_Dispatch             40038c4c     LIBCMT:exsup.obj
 0001:00037c4c       __NLG_Dispatch2            40038c4c     LIBCMT:exsup.obj
 0001:00037c54       __NLG_Call                 40038c54 f   LIBCMT:exsup.obj
 0001:00037c56       __NLG_Return2              40038c56     LIBCMT:exsup.obj
 0001:00037c57       __msize                    40038c57 f   LIBCMT:msize.obj
 0001:00037cfa       _abort                     40038cfa f   LIBCMT:abort.obj
 0001:00037df0       ___ascii_strnicmp          40038df0 f   LIBCMT:_strnicm.obj
 0001:00037e51       ___initconout              40038e51 f   LIBCMT:initcon.obj
 0001:00037e70       ___termcon                 40038e70 f   LIBCMT:initcon.obj
 0001:00037e9d       __fclose_nolock            40038e9d f   LIBCMT:fclose.obj
 0001:00037f10       _fclose                    40038f10 f   LIBCMT:fclose.obj
 0001:00037f8c       __commit                   40038f8c f   LIBCMT:commit.obj
 0001:0003806d       _strnlen                   4003906d f   LIBCMT:strlen_s.obj
 0001:00038087       __close_nolock             40039087 f   LIBCMT:close.obj
 0001:0003811b       __close                    4003911b f   LIBCMT:close.obj
 0001:000381e8       __freebuf                  400391e8 f   LIBCMT:_freebuf.obj
 0001:00038214       _RtlUnwind@16              40039214 f   kernel32:KERNEL32.dll
 0001:00038396       __strupr_s_l               40039396 f   LIBCMT:strupr.obj
 0001:000383c9       __strupr                   400393c9 f   LIBCMT:strupr.obj
 0001:000383c9       _strupr                    400393c9 f   LIBCMT:strupr.obj
 0002:00000000       __imp__HeapAlloc@12        4003a000     kernel32:KERNEL32.dll
 0002:00000004       __imp__GetLastError@0      4003a004     kernel32:KERNEL32.dll
 0002:00000008       __imp__HeapFree@12         4003a008     kernel32:KERNEL32.dll
 0002:0000000c       __imp__HeapReAlloc@16      4003a00c     kernel32:KERNEL32.dll
 0002:00000010       __imp__GetCurrentThreadId@0 4003a010     kernel32:KERNEL32.dll
 0002:00000014       __imp__GetCommandLineA@0   4003a014     kernel32:KERNEL32.dll
 0002:00000018       __imp__GetVersionExA@4     4003a018     kernel32:KERNEL32.dll
 0002:0000001c       __imp__GetProcessHeap@0    4003a01c     kernel32:KERNEL32.dll
 0002:00000020       __imp__GetProcAddress@8    4003a020     kernel32:KERNEL32.dll
 0002:00000024       __imp__GetModuleHandleA@4  4003a024     kernel32:KERNEL32.dll
 0002:00000028       __imp__GetCPInfo@8         4003a028     kernel32:KERNEL32.dll
 0002:0000002c       __imp__InterlockedIncrement@4 4003a02c     kernel32:KERNEL32.dll
 0002:00000030       __imp__InterlockedDecrement@4 4003a030     kernel32:KERNEL32.dll
 0002:00000034       __imp__GetACP@0            4003a034     kernel32:KERNEL32.dll
 0002:00000038       __imp__GetOEMCP@0          4003a038     kernel32:KERNEL32.dll
 0002:0000003c       __imp__TlsGetValue@4       4003a03c     kernel32:KERNEL32.dll
 0002:00000040       __imp__TlsAlloc@0          4003a040     kernel32:KERNEL32.dll
 0002:00000044       __imp__TlsSetValue@8       4003a044     kernel32:KERNEL32.dll
 0002:00000048       __imp__TlsFree@4           4003a048     kernel32:KERNEL32.dll
 0002:0000004c       __imp__SetLastError@4      4003a04c     kernel32:KERNEL32.dll
 0002:00000050       __imp__TerminateProcess@8  4003a050     kernel32:KERNEL32.dll
 0002:00000054       __imp__GetCurrentProcess@0 4003a054     kernel32:KERNEL32.dll
 0002:00000058       __imp__UnhandledExceptionFilter@4 4003a058     kernel32:KERNEL32.dll
 0002:0000005c       __imp__SetUnhandledExceptionFilter@4 4003a05c     kernel32:KERNEL32.dll
 0002:00000060       __imp__IsDebuggerPresent@0 4003a060     kernel32:KERNEL32.dll
 0002:00000064       __imp__LCMapStringA@24     4003a064     kernel32:KERNEL32.dll
 0002:00000068       __imp__WideCharToMultiByte@32 4003a068     kernel32:KERNEL32.dll
 0002:0000006c       __imp__MultiByteToWideChar@24 4003a06c     kernel32:KERNEL32.dll
 0002:00000070       __imp__LCMapStringW@24     4003a070     kernel32:KERNEL32.dll
 0002:00000074       __imp__DeleteCriticalSection@4 4003a074     kernel32:KERNEL32.dll
 0002:00000078       __imp__LeaveCriticalSection@4 4003a078     kernel32:KERNEL32.dll
 0002:0000007c       __imp__EnterCriticalSection@4 4003a07c     kernel32:KERNEL32.dll
 0002:00000080       __imp__VirtualFree@12      4003a080     kernel32:KERNEL32.dll
 0002:00000084       __imp__VirtualAlloc@16     4003a084     kernel32:KERNEL32.dll
 0002:00000088       __imp__HeapDestroy@4       4003a088     kernel32:KERNEL32.dll
 0002:0000008c       __imp__HeapCreate@12       4003a08c     kernel32:KERNEL32.dll
 0002:00000090       __imp__ExitProcess@4       4003a090     kernel32:KERNEL32.dll
 0002:00000094       __imp__WriteFile@20        4003a094     kernel32:KERNEL32.dll
 0002:00000098       __imp__GetStdHandle@4      4003a098     kernel32:KERNEL32.dll
 0002:0000009c       __imp__GetModuleFileNameA@12 4003a09c     kernel32:KERNEL32.dll
 0002:000000a0       __imp__Sleep@4             4003a0a0     kernel32:KERNEL32.dll
 0002:000000a4       __imp__SetHandleCount@4    4003a0a4     kernel32:KERNEL32.dll
 0002:000000a8       __imp__GetFileType@4       4003a0a8     kernel32:KERNEL32.dll
 0002:000000ac       __imp__GetStartupInfoA@4   4003a0ac     kernel32:KERNEL32.dll
 0002:000000b0       __imp__FreeEnvironmentStringsA@4 4003a0b0     kernel32:KERNEL32.dll
 0002:000000b4       __imp__GetEnvironmentStrings@0 4003a0b4     kernel32:KERNEL32.dll
 0002:000000b8       __imp__FreeEnvironmentStringsW@4 4003a0b8     kernel32:KERNEL32.dll
 0002:000000bc       __imp__GetEnvironmentStringsW@0 4003a0bc     kernel32:KERNEL32.dll
 0002:000000c0       __imp__QueryPerformanceCounter@4 4003a0c0     kernel32:KERNEL32.dll
 0002:000000c4       __imp__GetTickCount@0      4003a0c4     kernel32:KERNEL32.dll
 0002:000000c8       __imp__GetCurrentProcessId@0 4003a0c8     kernel32:KERNEL32.dll
 0002:000000cc       __imp__GetSystemTimeAsFileTime@4 4003a0cc     kernel32:KERNEL32.dll
 0002:000000d0       __imp__GetStringTypeA@20   4003a0d0     kernel32:KERNEL32.dll
 0002:000000d4       __imp__GetStringTypeW@16   4003a0d4     kernel32:KERNEL32.dll
 0002:000000d8       __imp__GetLocaleInfoA@16   4003a0d8     kernel32:KERNEL32.dll
 0002:000000dc       __imp__SetFilePointer@16   4003a0dc     kernel32:KERNEL32.dll
 0002:000000e0       __imp__GetConsoleCP@0      4003a0e0     kernel32:KERNEL32.dll
 0002:000000e4       __imp__GetConsoleMode@8    4003a0e4     kernel32:KERNEL32.dll
 0002:000000e8       __imp__RaiseException@16   4003a0e8     kernel32:KERNEL32.dll
 0002:000000ec       __imp__InitializeCriticalSection@4 4003a0ec     kernel32:KERNEL32.dll
 0002:000000f0       __imp__RtlUnwind@16        4003a0f0     kernel32:KERNEL32.dll
 0002:000000f4       __imp__LoadLibraryA@4      4003a0f4     kernel32:KERNEL32.dll
 0002:000000f8       __imp__SetStdHandle@8      4003a0f8     kernel32:KERNEL32.dll
 0002:000000fc       __imp__WriteConsoleA@20    4003a0fc     kernel32:KERNEL32.dll
 0002:00000100       __imp__GetConsoleOutputCP@0 4003a100     kernel32:KERNEL32.dll
 0002:00000104       __imp__WriteConsoleW@20    4003a104     kernel32:KERNEL32.dll
 0002:00000108       __imp__HeapSize@12         4003a108     kernel32:KERNEL32.dll
 0002:0000010c       __imp__CreateFileA@28      4003a10c     kernel32:KERNEL32.dll
 0002:00000110       __imp__CloseHandle@4       4003a110     kernel32:KERNEL32.dll
 0002:00000114       __imp__FlushFileBuffers@4  4003a114     kernel32:KERNEL32.dll
 0002:00000118       \177KERNEL32_NULL_THUNK_DATA 4003a118     kernel32:KERNEL32.dll
 0002:0000011c       ___xc_a                    4003a11c     LIBCMT:crt0init.obj
 0002:00000120       ___xc_z                    4003a120     LIBCMT:crt0init.obj
 0002:00000124       ___xi_a                    4003a124     LIBCMT:crt0init.obj
[...]
 0003:003fcaa0       _ui_sab1_b                 4044caa0     <common>
 0003:003fcbc0       _ui_blueteam7              4044cbc0     <common>
 0003:003fcce0       _ui_redteam8               4044cce0     <common>
 0003:003fce00       _ui_scoreGauntlets         4044ce00     <common>
 0003:003fcf20       _uiInfo                    4044cf20     <common>
 0003:00451f60       _ui_lastServerRefresh_2    404a1f60     <common>
 0003:00452080       _ui_recordSPDemo           404a2080     <common>
 0003:004521a0       _ui_dedicated              404a21a0     <common>
 0003:004522c0       _ui_sab2_b                 404a22c0     <common>
 0003:004523e0       _ui_char_anim              404a23e0     <common>
 0003:00452500       _ui_scoreSkillBonus        404a2500     <common>
 0003:00452620       _ui_selectedModelIndex     404a2620     <common>
 0003:00452740       _ui_actualNetGameType      404a2740     <common>
 0003:00452860       _ui_char_skin_torso        404a2860     <common>
 0003:00452980       _ui_fragLimit              404a2980     <common>
 0003:00452aa0       _ui_serverStatusTimeOut    404a2aa0     <common>
 0003:00452bc0       _ui_redteam1               404a2bc0     <common>
 0003:00452ce0       _se_language               404a2ce0     <common>
 0003:00452e00       _ui_siegeStruct            404a2e00     <common>
 0003:00453e00       _ui_browserShowFull        404a3e00     <common>
 0003:00453f20       _ui_singlePlayerActive     404a3f20     <common>
 0003:00454040       _ui_saber                  404a4040     <common>
 0003:00454160       _ui_scoreTeam              404a4160     <common>
 0003:00454280       _ui_menuFiles              404a4280     <common>
 0003:004543a0       _ui_bottype                404a43a0     <common>
 0003:004544c0       _ui_realCaptureLimit       404a44c0     <common>
 0003:004545e0       _ui_botsFile               404a45e0     <common>
 0003:00454700       _ui_lastServerRefresh_1    404a4700     <common>
 0003:00454820       _ui_scoreScore             404a4820     <common>
 0003:00454940       _ui_scoreImpressives       404a4940     <common>
 0003:00454a60       _ui_char_model             404a4a60     <common>
 0003:00454b80       _ui_sab2_r                 404a4b80     <common>
 0003:00454ca0       _ui_drawCrosshairNames     404a4ca0     <common>
 0003:00454dc0       _ui_team_fraglimit         404a4dc0     <common>
 0003:00454ee0       _ui_scorePerfect           404a4ee0     <common>
 0003:00455000       _ui_redteam3               404a5000     <common>
 0003:00455120       _ui_scoreTime              404a5120     <common>
 0003:00455240       _ui_ctf_timelimit          404a5240     <common>
 0003:00455360       _ui_sab2_g                 404a5360     <common>
 0003:00455470       _ui_numBots                404a5470     <common>
 0003:00455480       _ui_forcePowerDisable      404a5480     <common>
 0003:004555a0       _ui_freeSaber              404a55a0     <common>
 0003:004556c0       _uiForceStarShaders        404a56c0     <common>
 0003:00455720       _uiSaberColorShaders       404a5720     <common>
 0003:00455760       _bgSiegeClasses            404a5760     <common>
 0003:00485d60       _bgSiegeTeams              404d5d60     <common>
 0003:004881e0       _siege_info                404d81e0     <common>
 0003:0048c1e0       ___piob                    404dc1e0     <common>
 0003:0048c200       __bufin                    404dc200     <common>
 0003:0048d200       __nstream                  404dd200     <common>
 0003:0048d204       __debugger_hook_dummy      404dd204     <common>
 0003:0048d208       __nhandle                  404dd208     <common>
 0003:0048d220       ___pioinfo                 404dd220     <common>
 0003:0048d320       ___env_initialized         404dd320     <common>
 0003:0048d324       ___onexitend               404dd324     <common>
 0003:0048d328       ___onexitbegin             404dd328     <common>
 0003:0048d32c       ___mbctype_initialized     404dd32c     <common>
 0003:0048d330       ___dyn_tls_init_callback   404dd330     <common>
 0003:0048d334       ___active_heap             404dd334     <common>
 0003:0048d338       __pDestructExceptionObject 404dd338     <common>
 0003:0048d33c       ___sbh_cntHeaderList       404dd33c     <common>
 0003:0048d340       ___sbh_pHeaderList         404dd340     <common>
 0003:0048d344       ___sbh_threshold           404dd344     <common>
 0003:0048d348       ___sbh_pHeaderScan         404dd348     <common>
 0003:0048d34c       ___sbh_sizeHeaderList      404dd34c     <common>
 0003:0048d350       ___sbh_indGroupDefer       404dd350     <common>
 0003:0048d354       __pmatherr                 404dd354     <common>
 0003:0048d358       ___use_sse2_mathfcns       404dd358     <common>
 0003:0048d35c       ___sse2_available          404dd35c     <common>
 0003:0048d360       __acmdln                   404dd360     <common>

 entry point at        0001:0002ab84

 Static symbols

 0001:000032a0       _UI_Cache_f                400042a0 f   ui_atoms.obj
 0001:000032f0       _UI_CalcPostGameStats      400042f0 f   ui_atoms.obj
 0001:00005490       _UI_LoadArenasFromFile     40006490 f   ui_gameinfo.obj
 0001:00005950       _UI_LoadBotsFromFile       40006950 f   ui_gameinfo.obj
 0001:00006780       _Text_Paint_Limit          40007780 f   ui_main.obj
 0001:00007450       _UI_DrawHandicap           40008450 f   ui_main.obj
 0001:000074e0       _UI_DrawClanName           400084e0 f   ui_main.obj
 0001:00007520       _UI_GetGameTypeName        40008520 f   ui_main.obj
 0001:00007650       _UI_DrawGameType           40008650 f   ui_main.obj
 0001:000076a0       _UI_DrawNetGameType        400086a0 f   ui_main.obj
 0001:00007720       _UI_DrawAutoSwitch         40008720 f   ui_main.obj
 0001:000077c0       _UI_DrawJoinGameType       400087c0 f   ui_main.obj
 0001:00007830       _UI_TeamIndexFromName      40008830 f   ui_main.obj
 0001:00007880       _UI_DrawClanLogo           40008880 f   ui_main.obj
 0001:00007960       _UI_DrawClanCinematic      40008960 f   ui_main.obj
 0001:00007ad0       _UI_DrawPreviewCinematic   40008ad0 f   ui_main.obj
 0001:00007b70       _UI_DrawSkill              40008b70 f   ui_main.obj
 0001:00007c00       _UI_DrawGenericNum         40008c00 f   ui_main.obj
 0001:00007c70       _UI_DrawForceMastery       40008c70 f   ui_main.obj
 0001:00007cf0       _UI_DrawSkinColor          40008cf0 f   ui_main.obj
 0001:00007d80       _UI_DrawForceSide          40008d80 f   ui_main.obj
 0001:00008060       _UI_AllForceDisabled       40009060 f   ui_main.obj
 0001:00008160       _UI_DrawJediNonJedi        40009160 f   ui_main.obj
 0001:00008210       _UI_DrawTeamName           40009210 f   ui_main.obj
 0001:000082b0       _UI_DrawTeamMember         400092b0 f   ui_main.obj
 0001:00008400       _UI_DrawEffects            40009400 f   ui_main.obj
 0001:00008440       _UI_DrawMapPreview         40009440 f   ui_main.obj
 0001:00008500       _UI_DrawMapTimeToBeat      40009500 f   ui_main.obj
 0001:000085b0       _UI_DrawMapCinematic       400095b0 f   ui_main.obj
 0001:000086b0       _UI_SetForceDisabled       400096b0 f   ui_main.obj
 0001:00008ad0       _UI_DrawNetMapPreview      40009ad0 f   ui_main.obj
 0001:00008b10       _UI_DrawNetMapCinematic    40009b10 f   ui_main.obj
 0001:00008bd0       _UI_DrawNetFilter          40009bd0 f   ui_main.obj
 0001:00008c70       _UI_DrawTier               40009c70 f   ui_main.obj
 0001:00008ce0       _UI_DrawTierMap            40009ce0 f   ui_main.obj
 0001:00008d70       _UI_EnglishMapName         40009d70 f   ui_main.obj
 0001:00008dc0       _UI_DrawTierMapName        40009dc0 f   ui_main.obj
 0001:00008e50       _UI_DrawTierGameType       40009e50 f   ui_main.obj
 0001:00008ee0       _UI_AIFromName             40009ee0 f   ui_main.obj
 0001:00008f30       _UI_NextOpponent           40009f30 f   ui_main.obj
 0001:00008fa0       _UI_PriorOpponent          40009fa0 f   ui_main.obj
 0001:00009010       _UI_DrawPlayerLogo         4000a010 f   ui_main.obj
 0001:000090e0       _UI_DrawPlayerLogoMetal    4000a0e0 f   ui_main.obj
 0001:000091b0       _UI_DrawPlayerLogoName     4000a1b0 f   ui_main.obj
 0001:00009280       _UI_DrawOpponentLogo       4000a280 f   ui_main.obj
 0001:00009350       _UI_DrawOpponentLogoMetal  4000a350 f   ui_main.obj
 0001:00009420       _UI_DrawOpponentLogoName   4000a420 f   ui_main.obj
 0001:000094f0       _UI_DrawAllMapsSelection   4000a4f0 f   ui_main.obj
 0001:00009550       _UI_DrawOpponentName       4000a550 f   ui_main.obj
 0001:00009590       _UI_DrawBotName            4000a590 f   ui_main.obj
 0001:000095f0       _UI_DrawBotSkill           4000a5f0 f   ui_main.obj
 0001:00009670       _UI_DrawRedBlue            4000a670 f   ui_main.obj
 0001:00009720       _UI_DrawCrosshair          4000a720 f   ui_main.obj
 0001:00009780       _UI_BuildPlayerList        4000a780 f   ui_main.obj
 0001:00009a00       _UI_DrawSelectedPlayer     4000aa00 f   ui_main.obj
 0001:00009a70       _UI_DrawServerRefreshDate  4000aa70 f   ui_main.obj
 0001:00009bd0       _UI_DrawServerMOTD         4000abd0 f   ui_main.obj
 0001:00009e20       _UI_DrawKeyBindStatus      4000ae20 f   ui_main.obj
 0001:00009e90       _UI_DrawGLInfo             4000ae90 f   ui_main.obj
 0001:0000a180       _UI_Version                4000b180 f   ui_main.obj
 0001:0000a1e0       _UI_OwnerDrawVisible       4000b1e0 f   ui_main.obj
 0001:0000a440       _UI_Handicap_HandleKey     4000b440 f   ui_main.obj
 0001:0000a4e0       _UI_Effects_HandleKey      4000b4e0 f   ui_main.obj
 0001:0000a580       _UI_Chat_Main_HandleKey    4000b580 f   ui_main.obj
 0001:0000a620       _UI_Chat_Attack_HandleKey  4000b620 f   ui_main.obj
 0001:0000a680       _UI_Chat_Defend_HandleKey  4000b680 f   ui_main.obj
 0001:0000a700       _UI_Chat_Request_HandleKey 4000b700 f   ui_main.obj
 0001:0000a7a0       _UI_Chat_Reply_HandleKey   4000b7a0 f   ui_main.obj
 0001:0000a830       _UI_Chat_Spot_HandleKey    4000b830 f   ui_main.obj
 0001:0000a8b0       _UI_Chat_Tactical_HandleKey 4000b8b0 f   ui_main.obj
 0001:0000a950       _UI_AutoSwitch_HandleKey   4000b950 f   ui_main.obj
 0001:0000a9c0       _UI_Skill_HandleKey        4000b9c0 f   ui_main.obj
 0001:0000aa40       _UI_TeamName_HandleKey     4000ba40 f   ui_main.obj
 0001:0000aad0       _UI_TeamMember_HandleKey   4000bad0 f   ui_main.obj
 0001:0000aba0       _UI_OpponentName_HandleKey 4000bba0 f   ui_main.obj
 0001:0000abe0       _UI_BotName_HandleKey      4000bbe0 f   ui_main.obj
 0001:0000ac50       _UI_BotSkill_HandleKey     4000bc50 f   ui_main.obj
 0001:0000acc0       _UI_Crosshair_HandleKey    4000bcc0 f   ui_main.obj
 0001:0000ad30       _UI_SelectedPlayer_HandleKey 4000bd30 f   ui_main.obj
 0001:0000ade0       _UI_GetValue               4000bde0 f   ui_main.obj
 0001:0000adf0       _UI_ServersQsortCompare    4000bdf0 f   ui_main.obj
 0001:0000ae20       _UI_LoadMods               4000be20 f   ui_main.obj
 0001:0000aee0       _UI_LoadMovies             4000bee0 f   ui_main.obj
 0001:0000af90       _UI_LoadDemos              4000bf90 f   ui_main.obj
 0001:0000b0d0       _UI_SetNextMap             4000c0d0 f   ui_main.obj
 0001:0000b120       _UI_Update                 4000c120 f   ui_main.obj
 0001:0000b6d0       _UI_DeferMenuScript        4000c6d0 f   ui_main.obj
 0001:0000bbf0       _UI_SetBotButton           4000cbf0 f   ui_main.obj
 0001:0000bc50       _UI_UpdateCharacterCvars   4000cc50 f   ui_main.obj
 0001:0000bd40       _UI_GetCharacterCvars      4000cd40 f   ui_main.obj
 0001:0000c290       _UI_UpdateSaberCvars       4000d290 f   ui_main.obj
 0001:0000c340       _UI_SetSaberBoxesandHilts  4000d340 f   ui_main.obj
 0001:0000c470       _UI_UpdateSaberType        4000d470 f   ui_main.obj
 0001:0000c4d0       _UI_UpdateSaberHilt        4000d4d0 f   ui_main.obj
 0001:0000c5c0       _UI_UpdateSaberColor       4000d5c0 f   ui_main.obj
 0001:0000c650       _UI_GetSaberCvars          4000d650 f   ui_main.obj
 0001:0000c9c0       _UI_ResetCharacterListBoxes 4000d9c0 f   ui_main.obj
 0001:0000ca70       _UI_GetTeamColor           4000da70 f   ui_main.obj
 0001:0000cc30       _UI_MapCountByGameType     4000dc30 f   ui_main.obj
 0001:0000ccb0       _UI_HeadCountByColor       4000dcb0 f   ui_main.obj
 0001:0000cd20       _UI_InsertServerIntoDisplayList 4000dd20 f   ui_main.obj
 0001:0000cd70       _UI_RemoveServerFromDisplayList 4000dd70 f   ui_main.obj
 0001:0000cdc0       _UI_BinaryServerInsertion  4000ddc0 f   ui_main.obj
 0001:0000ce40       _UI_BuildServerDisplayList 4000de40 f   ui_main.obj
 0001:0000d110       _UI_SortServerStatusInfo   4000e110 f   ui_main.obj
 0001:0000d210       _UI_CheckPassword          4000e210 f   ui_main.obj
 0001:0000d280       _UI_JoinServer             4000e280 f   ui_main.obj
 0001:0000d310       _UI_CheckServerName        4000e310 f   ui_main.obj
 0001:0000d380       _UI_GetServerStatusInfo    4000e380 f   ui_main.obj
 0001:0000d670       _stristr                   4000e670 f   ui_main.obj
 0001:0000d6f0       _UI_BuildServerStatus      4000e6f0 f   ui_main.obj
 0001:0000dac0       _UI_FeederCount            4000eac0 f   ui_main.obj
 0001:0000dee0       _UI_SelectedMap            4000eee0 f   ui_main.obj
 0001:0000df20       _UI_SelectedTeamHead       4000ef20 f   ui_main.obj
 0001:0000dfa0       _UI_GetIndexFromSelection  4000efa0 f   ui_main.obj
 0001:0000dfd0       _UI_FeederItemText         4000efd0 f   ui_main.obj
 0001:0000e920       _UI_FeederItemImage        4000f920 f   ui_main.obj
 0001:0000fea0       _GameType_Parse            40010ea0 f   ui_main.obj
 0001:00010000       _MapList_Parse             40011000 f   ui_main.obj
 0001:000101f0       _UI_ParseGameInfo          400111f0 f   ui_main.obj
 0001:000102c0       _UI_Pause                  400112c0 f   ui_main.obj
 0001:00010310       _UI_PlayCinematic          40011310 f   ui_main.obj
 0001:00010350       _UI_StopCinematic          40011350 f   ui_main.obj
 0001:00010420       _UI_DrawCinematic          40011420 f   ui_main.obj
 0001:00010460       _UI_RunCinematicFrame      40011460 f   ui_main.obj
 0001:000105c0       _bIsImageFile              400115c0 f   ui_main.obj
 0001:00010670       _UI_BuildQ3Model_List      40011670 f   ui_main.obj
 0001:00010970       _UI_ParseColorData         40011970 f   ui_main.obj
 0001:00010a70       _UI_BuildPlayerModel_List  40011a70 f   ui_main.obj
 0001:00011260       _UI_ReadableSize           40012260 f   ui_main.obj
 0001:000113b0       _UI_PrintTime              400123b0 f   ui_main.obj
 0001:00011550       _UI_StopServerRefresh      40012550 f   ui_main.obj
 0001:000115c0       _UI_DoServerRefresh        400125c0 f   ui_main.obj
 0001:000116b0       _GetCRDelineatedString     400126b0 f   ui_main.obj
 0001:00011730       _GetNetSourceString        40012730 f   ui_main.obj
 0001:00011850       _UI_DrawNetSource          40012850 f   ui_main.obj
 0001:000118f0       _UI_OwnerDrawWidth         400128f0 f   ui_main.obj
 0001:00011e20       _UI_OwnerDraw              40012e20 f   ui_main.obj
 0001:00012760       _UI_GameType_HandleKey     40013760 f   ui_main.obj
 0001:00012880       _UI_NetGameType_HandleKey  40013880 f   ui_main.obj
 0001:00012940       _UI_JoinGameType_HandleKey 40013940 f   ui_main.obj
 0001:000129c0       _UI_NetFilter_HandleKey    400139c0 f   ui_main.obj
 0001:00012a40       _UI_StartSkirmish          40013a40 f   ui_main.obj
 0001:00013250       _UI_UpdateCharacter        40014250 f   ui_main.obj
 0001:00013330       _UI_SiegeClassCnt          40014330 f   ui_main.obj
 0001:00013400       _UI_BuildFindPlayerList    40014400 f   ui_main.obj
 0001:00013880       _UI_DisplayDownloadInfo    40014880 f   ui_main.obj
 0001:000145f0       _UI_StartServerRefresh     400155f0 f   ui_main.obj
 0001:000149c0       _UI_NetSource_HandleKey    400159c0 f   ui_main.obj
 0001:00014a60       _UI_OwnerDrawHandleKey     40015a60 f   ui_main.obj
 0001:00014dd0       _UI_RunMenuScript          40015dd0 f   ui_main.obj
 0001:0001a0f0       _hashForString             4001b0f0 f   ui_shared.obj
 0001:0001da20       _Scroll_TextScroll_AutoFunc 4001ea20 f   ui_shared.obj
 0001:0001da90       _Scroll_TextScroll_ThumbFunc 4001ea90 f   ui_shared.obj
 0001:0001dbc0       _Scroll_ListBox_AutoFunc   4001ebc0 f   ui_shared.obj
 0001:0001dc30       _Scroll_ListBox_ThumbFunc  4001ec30 f   ui_shared.obj
 0001:0001de50       _Scroll_Slider_ThumbFunc   4001ee50 f   ui_shared.obj
 0001:0001e3e0       _Menu_CloseCinematics      4001f3e0 f   ui_shared.obj
 0001:0001f650       _Controls_GetKeyAssignment 40020650 f   ui_shared.obj
 0001:00023320       _Item_TextScroll_BuildLines 40024320 f   ui_shared.obj
 0001:00023d90       _Menu_CacheContents        40024d90 f   ui_shared.obj
 0001:00023e90       _Menu_OverActiveItem       40024e90 f   ui_shared.obj
 0001:000243c0       _Menu_RunCloseScript       400253c0 f   ui_shared.obj
 0001:000299c0       _swap                      4002a9c0 f   LIBCMT:qsort.obj
 0001:000299f0       _shortsort                 4002a9f0 f   LIBCMT:qsort.obj
 0001:0002aa8e       ___DllMainCRTStartup       4002ba8e f   LIBCMT:dllcrt0.obj
 0001:0002ad03       __shift                    4002bd03 f   LIBCMT:cvt.obj
 0001:0002ad3c       __cftoe2_l                 4002bd3c f   LIBCMT:cvt.obj
 0001:0002b306       __cftof2_l                 4002c306 f   LIBCMT:cvt.obj
 0001:0002b700       ?strtoxl@@YAKPAUlocaleinfo_struct@@PBDPAPBDHH@Z 4002c700 f   LIBCMT:strtol.obj
 0001:0002b954       _fastzero_I                4002c954 f   LIBCMT:p4_memset.obj
 0001:0002c4b8       ?CPtoLCID@@YAHH@Z          4002d4b8 f   LIBCMT:mbctype.obj
 0001:0002c4e7       ?setSBCS@@YAXPAUthreadmbcinfostruct@@@Z 4002d4e7 f   LIBCMT:mbctype.obj
 0001:0002c53c       ?setSBUpLow@@YAXPAUthreadmbcinfostruct@@@Z 4002d53c f   LIBCMT:mbctype.obj
 0001:0002c76a       ?getSystemCP@@YAHH@Z       4002d76a f   LIBCMT:mbctype.obj
 0001:0002cd99       __updatetlocinfoEx_nolock  4002dd99 f   LIBCMT:setlocal.obj
 0001:0002f284       _write_char                40030284 f   LIBCMT:output.obj
 0001:0002f2b7       _write_multi_char          400302b7 f   LIBCMT:output.obj
 0001:0002f2db       _write_string              400302db f   LIBCMT:output.obj
 0001:0002fcd8       ?__crtLCMapStringA_stat@@YAHPAUlocaleinfo_struct@@KKPBDHPADHHH@Z 40030cd8 f   LIBCMT:a_map.obj
 0001:00030101       _fastcopy_I                40031101 f   LIBCMT:p4_memcpy.obj
 0001:000316f0       __initterm                 400326f0 f   LIBCMT:crt0dat.obj
 0001:0003182d       _doexit                    4003282d f   LIBCMT:crt0dat.obj
 0001:0003220a       _parse_cmdline             4003320a f   LIBCMT:stdargv.obj
 0001:00032e95       _has_osfxsr_set            40033e95 f   LIBCMT:cpu_disp.obj
 0001:0003304e       ?__crtGetStringTypeA_stat@@YAHPAUlocaleinfo_struct@@KPBDHPAGHHH@Z 4003404e f   LIBCMT:a_str.obj
 0001:00035ab0       ___crtInitCritSecNoSpinCount@8 40036ab0 f   LIBCMT:initcrit.obj
 0001:00035c18       __unwind_handler4          40036c18 f   LIBCMT:exsup4.obj
 0001:00035dbe       __onexit_nolock            40036dbe f   LIBCMT:onexit.obj
 0001:00035f4b       _siglookup                 40036f4b f   LIBCMT:winsig.obj
 0001:00036452       ?x_ismbbtype_l@@YAHPAUlocaleinfo_struct@@IHH@Z 40037452 f   LIBCMT:ismbbyte.obj
 0001:00036e82       __hw_cw                    40037e82 f   LIBCMT:ieee87.obj
 0001:00036f10       ___hw_cw_sse2              40037f10 f   LIBCMT:ieee87.obj
 0001:00037a3a       _flsall                    40038a3a f   LIBCMT:fflush.obj
 0001:00037b40       __unwind_handler           40038b40 f   LIBCMT:exsup.obj
 0001:0003821a       ?_strupr_s_l_stat@@YAHPADIPAUlocaleinfo_struct@@@Z 4003921a f   LIBCMT:strupr.obj
