 cgamex86

 Timestamp is 468e59a7 (Fri Jul 06 17:03:03 2007)

 Preferred load address is 30000000

 Start         Length     Name                   Class
 0001:00000000 0008c910H .text                   CODE
 0002:00000000 00000120H .idata$5                DATA
 0002:00000120 00000004H .CRT$XCA                DATA
 0002:00000124 00000004H .CRT$XCZ                DATA
 0002:00000128 00000004H .CRT$XIA                DATA
 0002:0000012c 00000014H .CRT$XIC                DATA
 0002:00000140 00000004H .CRT$XIZ                DATA
 0002:00000144 00000004H .CRT$XPA                DATA
 0002:00000148 00000004H .CRT$XPX                DATA
 0002:0000014c 00000004H .CRT$XPXA               DATA
 0002:00000150 00000004H .CRT$XPZ                DATA
 0002:00000154 00000004H .CRT$XTA                DATA
 0002:00000158 00000004H .CRT$XTZ                DATA
 0002:00000160 00020de0H .rdata                  DATA
 0002:00020f40 0000000cH .rdata$sxdata           DATA
 0002:00020f4c 00000004H .rtc$IAA                DATA
 0002:00020f50 00000004H .rtc$IZZ                DATA
 0002:00020f54 00000004H .rtc$TAA                DATA
 0002:00020f58 00000004H .rtc$TZZ                DATA
 0002:00020f60 000003ccH .xdata$x                DATA
 0002:0002132c 00000014H .idata$2                DATA
 0002:00021340 00000014H .idata$3                DATA
 0002:00021354 00000120H .idata$4                DATA
 0002:00021474 00000508H .idata$6                DATA
 0002:00021980 00000059H .edata                  DATA
 0003:00000000 0000c838H .data                   DATA
 0003:0000c840 00aa72a4H .bss                    DATA

  Address         Publics by Value              Rva+Base       Lib:Object

 0000:00000000       __except_list              00000000     <absolute>
 0000:00000003       ___safe_se_handler_count   00000003     <absolute>
 0000:00000000       ___ImageBase               30000000     <linker-defined>
 0001:00000350       _G_SetAnimalVehicleFunctions 30001350 f   AnimalNPC.obj
 0001:00000380       _BG_AttachToRancor         30001380 f   bg_g2_utils.obj
 0001:000005a0       _BG_GetRootSurfNameWithVariant 300015a0 f   bg_g2_utils.obj
 0001:000006a0       _BG_FileExists             300016a0 f   bg_misc.obj
 0001:000006e0       _BG_ParseField             300016e0 f   bg_misc.obj
 0001:00000820       _vectoyaw                  30001820 f   bg_misc.obj
 0001:000008b0       _BG_HasYsalamiri           300018b0 f   bg_misc.obj
 0001:000008f0       _BG_CanUseFPNow            300018f0 f   bg_misc.obj
 0001:000009e0       _BG_FindItemForPowerup     300019e0 f   bg_misc.obj
 0001:00000a30       _BG_FindItemForHoldable    30001a30 f   bg_misc.obj
 0001:00000a80       _BG_FindItemForWeapon      30001a80 f   bg_misc.obj
 0001:00000ac0       _BG_ProperForceIndex       30001ac0 f   bg_misc.obj
 0001:00000ae0       _BG_CycleForce             30001ae0 f   bg_misc.obj
 0001:00000bc0       _BG_GetItemIndexByTag      30001bc0 f   bg_misc.obj
 0001:00000c00       _BG_IsItemSelectable       30001c00 f   bg_misc.obj
 0001:00000c20       _BG_CycleInven             30001c20 f   bg_misc.obj
 0001:00000ce0       _BG_CanItemBeGrabbed       30001ce0 f   bg_misc.obj
 0001:00001040       _BG_EvaluateTrajectory     30002040 f   bg_misc.obj
 0001:00001250       _BG_EvaluateTrajectoryDelta 30002250 f   bg_misc.obj
 0001:00001430       _BG_AddPredictableEventToPlayerstate 30002430 f   bg_misc.obj
 0001:00001470       _BG_TouchJumpPad           30002470 f   bg_misc.obj
 0001:000014f0       _BG_EmplacedView           300024f0 f   bg_misc.obj
 0001:000015e0       _BG_IsValidCharacterModel  300025e0 f   bg_misc.obj
 0001:00001650       _BG_ValidateSkinForTeam    30002650 f   bg_misc.obj
 0001:00001880       _BG_PlayerStateToEntityState 30002880 f   bg_misc.obj
 0001:00001c50       _BG_ModelCache             30002c50 f   bg_misc.obj
 0001:00001c80       _BG_Alloc                  30002c80 f   bg_misc.obj
 0001:00001cd0       _BG_TempAlloc              30002cd0 f   bg_misc.obj
 0001:00001d10       _BG_TempFree               30002d10 f   bg_misc.obj
 0001:00001d50       _BG_IsWhiteSpace           30002d50 f   bg_misc.obj
 0001:00001d70       _BG_PlayerTouchesItem      30002d70 f   bg_misc.obj
 0001:00001e20       _BG_CrouchAnim             30002e20 f   bg_panimate.obj
 0001:00001f40       _BG_InSaberStandAnim       30002f40 f   bg_panimate.obj
 0001:00001f70       _BG_InReboundJump          30002f70 f   bg_panimate.obj
 0001:00001f90       _BG_InReboundHold          30002f90 f   bg_panimate.obj
 0001:00001fb0       _BG_InBackFlip             30002fb0 f   bg_panimate.obj
 0001:00001fd0       _BG_SaberInAttack          30002fd0 f   bg_panimate.obj
 0001:00001ff0       _BG_SaberInKata            30002ff0 f   bg_panimate.obj
 0001:00002010       _BG_InKataAnim             30003010 f   bg_panimate.obj
 0001:00002030       _PM_LockedAnim             30003030 f   bg_panimate.obj
 0001:00002080       _BG_SaberInSpecial         30003080 f   bg_panimate.obj
 0001:000020a0       _BG_KickMove               300030a0 f   bg_panimate.obj
 0001:000020c0       _BG_SaberInIdle            300030c0 f   bg_panimate.obj
 0001:000020e0       _BG_FlippingAnim           300030e0 f   bg_panimate.obj
 0001:000021b0       _BG_SpinningSaberAnim      300031b0 f   bg_panimate.obj
 0001:00002410       _BG_SaberInSpecialAttack   30003410 f   bg_panimate.obj
 0001:00002570       _BG_KickingAnim            30003570 f   bg_panimate.obj
 0001:000025d0       _BG_InGrappleMove          300035d0 f   bg_panimate.obj
 0001:00002620       _BG_InRoll                 30003620 f   bg_panimate.obj
 0001:000026b0       _BG_InDeathAnim            300036b0 f   bg_panimate.obj
 0001:000026f0       _BG_InKnockDownOnly        300036f0 f   bg_panimate.obj
 0001:00002710       _BG_InSaberLockOld         30003710 f   bg_panimate.obj
 0001:00002750       _BG_InSaberLock            30003750 f   bg_panimate.obj
 0001:00002810       _PM_SaberBounceForAttack   30003810 f   bg_panimate.obj
 0001:00002880       _PM_SaberInParry           30003880 f   bg_panimate.obj
 0001:000028a0       _PM_SaberInKnockaway       300038a0 f   bg_panimate.obj
 0001:000028c0       _PM_SaberInReflect         300038c0 f   bg_panimate.obj
 0001:000028e0       _PM_SaberInStart           300038e0 f   bg_panimate.obj
 0001:00002900       _PM_SaberInReturn          30003900 f   bg_panimate.obj
 0001:00002920       _PM_InSaberAnim            30003920 f   bg_panimate.obj
 0001:00002940       _PM_InKnockDown            30003940 f   bg_panimate.obj
 0001:000029a0       _PM_PainAnim               300039a0 f   bg_panimate.obj
 0001:000029c0       _PM_JumpingAnim            300039c0 f   bg_panimate.obj
 0001:000029e0       _PM_LandingAnim            300039e0 f   bg_panimate.obj
 0001:00002a30       _PM_InOnGroundAnim         30003a30 f   bg_panimate.obj
 0001:00002a70       _PM_InRollComplete         30003a70 f   bg_panimate.obj
 0001:00002aa0       _PM_CanRollFromSoulCal     30003aa0 f   bg_panimate.obj
 0001:00002ad0       _BG_SuperBreakLoseAnim     30003ad0 f   bg_panimate.obj
 0001:00002b60       _BG_SuperBreakWinAnim      30003b60 f   bg_panimate.obj
 0001:00002bf0       _BG_SaberLockBreakAnim     30003bf0 f   bg_panimate.obj
 0001:00002cb0       _BG_FullBodyTauntAnim      30003cb0 f   bg_panimate.obj
 0001:00002cf0       _BG_AnimLength             30003cf0 f   bg_panimate.obj
 0001:00002d40       _PM_AnimLength             30003d40 f   bg_panimate.obj
 0001:00002db0       _PM_SaberInTransition      30003db0 f   bg_panimate.obj
 0001:00002dd0       _BG_SaberInTransitionAny   30003dd0 f   bg_panimate.obj
 0001:00002e00       _BG_InitAnimsets           30003e00 f   bg_panimate.obj
 0001:00002e20       _BG_AnimsetAlloc           30003e20 f   bg_panimate.obj
 0001:00002e50       _BG_ParseAnimationFile     30003e50 f   bg_panimate.obj
 0001:000031b0       _PM_ContinueLegsAnim       300041b0 f   bg_panimate.obj
 0001:000031e0       _PM_StartTorsoAnim         300041e0 f   bg_panimate.obj
 0001:00003210       _BG_SaberStartTransAnim    30004210 f   bg_panimate.obj
 0001:00003310       _BG_SetAnimFinal           30004310 f   bg_panimate.obj
 0001:000035e0       _BG_SetAnim                300045e0 f   bg_panimate.obj
 0001:000036f0       _PM_SetAnim                300046f0 f   bg_panimate.obj
 0001:00003720       _BG_GetTorsoAnimPoint      30004720 f   bg_panimate.obj
 0001:00003830       _BG_GetLegsAnimPoint       30004830 f   bg_panimate.obj
 0001:00003940       _BG_InSpecialJump          30004940 f   bg_panimate.obj
 0001:00003a40       _PM_ForceLegsAnim          30004a40 f   bg_panimate.obj
 0001:00003b30       _PM_BGEntForNum            30004b30 f   bg_pmove.obj
 0001:00003b60       _BG_SabersOff              30004b60 f   bg_pmove.obj
 0001:00003b90       _BG_KnockDownable          30004b90 f   bg_pmove.obj
 0001:00003bc0       _PM_GetSaberStance         30004bc0 f   bg_pmove.obj
 0001:00003cb0       _PM_pitch_roll_for_slope   30004cb0 f   bg_pmove.obj
 0001:00003fe0       _PM_SetSpecialMoveValues   30004fe0 f   bg_pmove.obj
 0001:000043f0       _BG_VehicleTurnRateForSpeed 300053f0 f   bg_pmove.obj
 0001:000044b0       _PM_AddEvent               300054b0 f   bg_pmove.obj
 0001:000044d0       _PM_AddEventWithParm       300054d0 f   bg_pmove.obj
 0001:000044f0       _PM_AddTouchEnt            300054f0 f   bg_pmove.obj
 0001:00004540       _PM_ClipVelocity           30005540 f   bg_pmove.obj
 0001:00004bf0       _PM_ForceJumpingUp         30005bf0 f   bg_pmove.obj
 0001:00004d40       _PM_SetPMViewAngle         30005d40 f   bg_pmove.obj
 0001:00004db0       _PM_AdjustAngleForWallRun  30005db0 f   bg_pmove.obj
 0001:000051a0       _PM_AdjustAngleForWallRunUp 300061a0 f   bg_pmove.obj
 0001:000055b0       _PM_AdjustAngleForWallJump 300065b0 f   bg_pmove.obj
 0001:000059f0       _PM_SetForceJumpZStart     300069f0 f   bg_pmove.obj
 0001:00005a30       _PM_GrabWallForJump        30006a30 f   bg_pmove.obj
 0001:000094f0       _PM_CheckDualForwardJumpDuck 3000a4f0 f   bg_pmove.obj
 0001:00009580       _PM_CheckFixMins           3000a580 f   bg_pmove.obj
 0001:00009b50       _PM_Use                    3000ab50 f   bg_pmove.obj
 0001:00009bb0       _PM_WalkingAnim            3000abb0 f   bg_pmove.obj
 0001:00009c10       _PM_RunningAnim            3000ac10 f   bg_pmove.obj
 0001:00009c60       _PM_SwimmingAnim           3000ac60 f   bg_pmove.obj
 0001:00009c80       _PM_FootSlopeTrace         3000ac80 f   bg_pmove.obj
 0001:00009ea0       _BG_InSlopeAnim            3000aea0 f   bg_pmove.obj
 0001:00009ec0       _PM_AdjustStandAnimForSlope 3000aec0 f   bg_pmove.obj
 0001:0000a3a0       _PM_LegsSlopeBackTransition 3000b3a0 f   bg_pmove.obj
 0001:0000ad90       _BG_ClearRocketLock        3000bd90 f   bg_pmove.obj
 0001:0000adc0       _PM_BeginWeaponChange      3000bdc0 f   bg_pmove.obj
 0001:0000ae70       _PM_FinishWeaponChange     3000be70 f   bg_pmove.obj
 0001:0000aef0       _BG_VehTraceFromCamPos     3000bef0 f   bg_pmove.obj
 0001:0000b0d0       _PM_RocketLock             3000c0d0 f   bg_pmove.obj
 0001:0000b9e0       _PM_VehicleWeaponAnimate   3000c9e0 f   bg_pmove.obj
 0001:0000d3c0       _BG_UnrestrainedPitchRoll  3000e3c0 f   bg_pmove.obj
 0001:0000d400       _PM_UpdateViewAngles       3000e400 f   bg_pmove.obj
 0001:0000d4f0       _PM_AdjustAttackStates     3000e4f0 f   bg_pmove.obj
 0001:0000d7c0       _BG_CmdForRoll             3000e7c0 f   bg_pmove.obj
 0001:0000d9d0       _BG_AdjustClientSpeed      3000e9d0 f   bg_pmove.obj
 0001:0000dd30       _BG_InRollAnim             3000ed30 f   bg_pmove.obj
 0001:0000dd50       _BG_InKnockDown            3000ed50 f   bg_pmove.obj
 0001:0000dda0       _BG_InRollES               3000eda0 f   bg_pmove.obj
 0001:0000ddc0       _BG_IK_MoveArm             3000edc0 f   bg_pmove.obj
 0001:0000e280       _BG_ClassHasBadBones       3000f280 f   bg_pmove.obj
 0001:0000e2c0       _BG_BoneOrientationsForClass 3000f2c0 f   bg_pmove.obj
 0001:0000e410       _BG_UpdateLookAngles       3000f410 f   bg_pmove.obj
 0001:0000f050       _BG_InRoll2                30010050 f   bg_pmove.obj
 0001:0000f0e0       _BG_G2PlayerAngles         300100e0 f   bg_pmove.obj
 0001:0000fdd0       _BG_G2ATSTAngles           30010dd0 f   bg_pmove.obj
 0001:00010130       _PM_VehicleViewAngles      30011130 f   bg_pmove.obj
 0001:00010330       _PM_WeaponOkOnVehicle      30011330 f   bg_pmove.obj
 0001:00010350       _PM_GetOkWeaponForVehicle  30011350 f   bg_pmove.obj
 0001:00010390       _PM_VehForcedTurning       30011390 f   bg_pmove.obj
 0001:00010530       _PM_VehFaceHyperspacePoint 30011530 f   bg_pmove.obj
 0001:000107f0       _BG_VehicleAdjustBBoxForOrientation 300117f0 f   bg_pmove.obj
 0001:00010d20       _PM_MoveForKata            30011d20 f   bg_pmove.obj
 0001:00010e70       _PM_HoverTrace             30011e70 f   bg_pmove.obj
 0001:00011310       _PmoveSingle               30012310 f   bg_pmove.obj
 0001:00012900       _Pmove                     30013900 f   bg_pmove.obj
 0001:000129b0       _PM_irand_timesync         300139b0 f   bg_saber.obj
 0001:00012a00       _BG_ForcePowerDrain        30013a00 f   bg_saber.obj
 0001:00012af0       _BG_EnoughForcePowerForMove 30013af0 f   bg_saber.obj
 0001:00012b20       _PM_SaberMoveQuadrantForMovement 30013b20 f   bg_saber.obj
 0001:00012b80       _PM_SaberInBounce          30013b80 f   bg_saber.obj
 0001:00012bb0       _PM_SaberAttackChainAngle  30013bb0 f   bg_saber.obj
 0001:00012bf0       _PM_SaberKataDone          30013bf0 f   bg_saber.obj
 0001:00012d40       _PM_SaberLockWinAnim       30013d40 f   bg_saber.obj
 0001:00012eb0       _PM_SaberLockLoseAnim      30013eb0 f   bg_saber.obj
 0001:00012f70       _PM_SaberLockResultAnim    30013f70 f   bg_saber.obj
 0001:00013050       _PM_SaberLockBreak         30014050 f   bg_saber.obj
 0001:000132f0       _BG_CheckIncrementLockAnim 300142f0 f   bg_saber.obj
 0001:000133a0       _PM_SaberLocked            300143a0 f   bg_saber.obj
 0001:00013700       _PM_SaberInBrokenParry     30014700 f   bg_saber.obj
 0001:00013730       _PM_BrokenParryForParry    30014730 f   bg_saber.obj
 0001:00013830       _PM_CanBackstab            30014830 f   bg_saber.obj
 0001:00013960       _PM_GroundDistance         30014960 f   bg_saber.obj
 0001:00013a20       _PM_WalkableGroundDistance 30014a20 f   bg_saber.obj
 0001:00013af0       _PM_KickMoveForConditions  30014af0 f   bg_saber.obj
 0001:00013b30       _PM_SaberPowerCheck        30014b30 f   bg_saber.obj
 0001:00013b80       _PM_SaberDroidWeapon       30014b80 f   bg_saber.obj
 0001:00013d40       _BG_MySaber                30014d40 f   bg_saber.obj
 0001:00013da0       _PM_SaberAnimTransitionAnim 30014da0 f   bg_saber.obj
 0001:00013f20       _PM_CheckStabDown          30014f20 f   bg_saber.obj
 0001:000140c0       _PM_SaberFlipOverAttackMove 300150c0 f   bg_saber.obj
 0001:000141e0       _PM_SaberBackflipAttackMove 300151e0 f   bg_saber.obj
 0001:00014270       _PM_SaberLungeAttackMove   30015270 f   bg_saber.obj
 0001:00014390       _PM_SaberJumpAttackMove2   30015390 f   bg_saber.obj
 0001:00014420       _PM_SaberJumpAttackMove    30015420 f   bg_saber.obj
 0001:000145c0       _PM_SaberAttackForMovement 300155c0 f   bg_saber.obj
 0001:000153c0       _PM_CanDoKata              300163c0 f   bg_saber.obj
 0001:000154f0       _PM_CheckAltKickAttack     300164f0 f   bg_saber.obj
 0001:00015590       _PM_CanDoRollStab          30016590 f   bg_saber.obj
 0001:000155f0       _PM_SetSaberMove           300165f0 f   bg_saber.obj
 0001:00015d00       _PM_WeaponLightsaber       30016d00 f   bg_saber.obj
 0001:00016df0       _BG_ParseLiteral           30017df0 f   bg_saberLoad.obj
 0001:00016e50       _TranslateSaberColor       30017e50 f   bg_saberLoad.obj
 0001:00016f10       _TranslateSaberStyle       30017f10 f   bg_saberLoad.obj
 0001:00016fd0       _WP_SaberBladeUseSecondBladeStyle 30017fd0 f   bg_saberLoad.obj
 0001:00017000       _WP_SaberSetDefaults       30018000 f   bg_saberLoad.obj
 0001:00017340       _WP_SaberParseParms        30018340 f   bg_saberLoad.obj
 0001:00019b40       _WP_SaberParseParm         3001ab40 f   bg_saberLoad.obj
 0001:00019c80       _WP_SaberValidForPlayerInMP 3001ac80 f   bg_saberLoad.obj
 0001:00019ce0       _WP_SaberLoadParms         3001ace0 f   bg_saberLoad.obj
 0001:00019e30       _BG_SI_Deactivate          3001ae30 f   bg_saberLoad.obj
 0001:00019e70       _BG_SI_SetLength           3001ae70 f   bg_saberLoad.obj
 0001:00019ea0       _BG_SI_SetDesiredLength    3001aea0 f   bg_saberLoad.obj
 0001:00019ef0       _BG_SI_SetLengthGradual    3001aef0 f   bg_saberLoad.obj
 0001:0001a080       _WP_RemoveSaber            3001b080 f   bg_saberLoad.obj
 0001:0001a0f0       _WP_SetSaber               3001b0f0 f   bg_saberLoad.obj
 0001:0001a1b0       _BG_SiegeStripTabs         3001b1b0 f   bg_saga.obj
 0001:0001a1f0       _BG_SiegeGetValueGroup     3001b1f0 f   bg_saga.obj
 0001:0001a540       _BG_SiegeGetPairedValue    3001b540 f   bg_saga.obj
 0001:0001a7c0       _BG_SiegeTranslateForcePowers 3001b7c0 f   bg_saga.obj
 0001:0001a9b0       _BG_SiegeTranslateGenericTable 3001b9b0 f   bg_saga.obj
 0001:0001aab0       _BG_SiegeParseClassFile    3001bab0 f   bg_saga.obj
 0001:0001b390       _BG_SiegeLoadClasses       3001c390 f   bg_saga.obj
 0001:0001b4b0       _BG_SiegeFindClassByName   3001c4b0 f   bg_saga.obj
 0001:0001b500       _BG_SiegeParseTeamFile     3001c500 f   bg_saga.obj
 0001:0001b740       _BG_SiegeLoadTeams         3001c740 f   bg_saga.obj
 0001:0001b840       _BG_SiegeFindThemeForTeam  3001c840 f   bg_saga.obj
 0001:0001b870       _BG_PrecacheSabersForSiegeTeam 3001c870 f   bg_saga.obj
 0001:0001b950       _BG_SiegeFindTeamForTheme  3001c950 f   bg_saga.obj
 0001:0001b9a0       _BG_SiegeSetTeamTheme      3001c9a0 f   bg_saga.obj
 0001:0001b9d0       _BG_SiegeFindClassIndexByName 3001c9d0 f   bg_saga.obj
 0001:0001ba60       _PM_VehicleImpact          3001ca60 f   bg_slidemove.obj
 0001:0001c0b0       _PM_GroundSlideOkay        3001d0b0 f   bg_slidemove.obj
 0001:0001c130       _PM_SlideMove              3001d130 f   bg_slidemove.obj
 0001:0001c900       _PM_StepSlideMove          3001d900 f   bg_slidemove.obj
 0001:0001d180       _VEH_LoadVehWeapon         3001e180 f   bg_vehicleLoad.obj
 0001:0001d380       _VEH_VehWeaponIndexForName 3001e380 f   bg_vehicleLoad.obj
 0001:0001d420       _BG_SetSharedVehicleFunctions 3001e420 f   bg_vehicleLoad.obj
 0001:0001d470       _BG_VehicleSetDefaults     3001e470 f   bg_vehicleLoad.obj
 0001:0001d4e0       _BG_VehicleClampData       3001e4e0 f   bg_vehicleLoad.obj
 0001:0001d840       _BG_VehWeaponLoadParms     3001e840 f   bg_vehicleLoad.obj
 0001:0001d9e0       _BG_VehicleUnloadParms     3001e9e0 f   bg_vehicleLoad.obj
 0001:0001da00       _BG_VehicleLoadParms       3001ea00 f   bg_vehicleLoad.obj
 0001:0001dd30       _AttachRidersGeneric       3001ed30 f   bg_vehicleLoad.obj
 0001:0001dde0       _VEH_LoadVehicle           3001ede0 f   bg_vehicleLoad.obj
 0001:0001e630       _VEH_VehicleIndexForName   3001f630 f   bg_vehicleLoad.obj
 0001:0001e6d0       _BG_VehicleGetIndex        3001f6d0 f   bg_vehicleLoad.obj
 0001:0001e6e0       _BG_GetVehicleModelName    3001f6e0 f   bg_vehicleLoad.obj
 0001:0001e730       _BG_GetVehicleSkinName     3001f730 f   bg_vehicleLoad.obj
 0001:0001e790       _BG_GetNextValueGroup      3001f790 f   bg_weaponsdat.obj
 0001:0001e840       _BG_LoadWeaponsData        3001f840 f   bg_weaponsdat.obj
 0001:0001eb50       _CGCam_Enable              3001fb50 f   cg_camera.obj
 0001:0001ebc0       _CGCam_Disable             3001fbc0 f   cg_camera.obj
 0001:0001ec50       _CGCam_Zoom                3001fc50 f   cg_camera.obj
 0001:0001eca0       _CGCam_SetFade             3001fca0 f   cg_camera.obj
 0001:0001ed00       _CGCam_Fade                3001fd00 f   cg_camera.obj
 0001:0001ed90       _CGCam_FollowDisable       3001fd90 f   cg_camera.obj
 0001:0001ee00       _CGCam_Follow              3001fe00 f   cg_camera.obj
 0001:0001ee80       _CGCam_FollowUpdate        3001fe80 f   cg_camera.obj
 0001:0001f250       _CGCam_TrackUpdate         30020250 f   cg_camera.obj
 0001:0001f5e0       _CGCam_UpdateBarFade       300205e0 f   cg_camera.obj
 0001:0001f680       _CGCam_UpdateFade          30020680 f   cg_camera.obj
 0001:0001f760       _CGCam_Shake               30020760 f   cg_camera.obj
 0001:0001f7a0       _CGCam_UpdateShake         300207a0 f   cg_camera.obj
 0001:0001f8d0       _CGCam_UpdateSmooth        300208d0 f   cg_camera.obj
 0001:0001fa20       _CGCam_DoFade              30020a20 f   cg_camera.obj
 0001:0001fa90       _CGCam_Move                30020a90 f   cg_camera.obj
 0001:0001fb50       _CGCam_Pan                 30020b50 f   cg_camera.obj
 0001:0001fd20       _CGCam_Update              30020d20 f   cg_camera.obj
 0001:00020200       _CGCam_RenderScene         30021200 f   cg_camera.obj
 0001:00020220       _CG_CameraParse            30021220 f   cg_camera.obj
 0001:00020520       _CG_TargetCommand_f        30021520 f   cg_consolecmds.obj
 0001:000209f0       _CG_ConsoleCommand         300219f0 f   cg_consolecmds.obj
 0001:00020a40       _CG_InitConsoleCommands    30021a40 f   cg_consolecmds.obj
 0001:00020c70       _CG_Text_Width             30021c70 f   cg_draw.obj
 0001:00020cc0       _CG_Text_Height            30021cc0 f   cg_draw.obj
 0001:00020d30       _CG_Text_Paint             30021d30 f   cg_draw.obj
 0001:00021620       _CG_Draw3DModel            30022620 f   cg_draw.obj
 0001:00021780       _CG_DrawFlagModel          30022780 f   cg_draw.obj
 0001:00021920       _CG_DrawHealth             30022920 f   cg_draw.obj
 0001:00021a80       _CG_DrawArmor              30022a80 f   cg_draw.obj
 0001:00022020       _CG_DrawForcePower         30023020 f   cg_draw.obj
 0001:00022260       _CG_DrawHUD                30023260 f   cg_draw.obj
 0001:000226d0       _CG_DrawForceSelect        300236d0 f   cg_draw.obj
 0001:00022a60       _CG_DrawInvenSelect        30023a60 f   cg_draw.obj
 0001:00022e70       _CG_CheckTargetVehicle     30023e70 f   cg_draw.obj
 0001:00022fa0       _CG_DrawVehicleShields     30023fa0 f   cg_draw.obj
 0001:00023130       _CG_DrawVehicleAmmo        30024130 f   cg_draw.obj
 0001:000232f0       _CG_DrawVehicleAmmoUpper   300242f0 f   cg_draw.obj
 0001:000234b0       _CG_DrawVehicleAmmoLower   300244b0 f   cg_draw.obj
 0001:00023670       _CG_DrawVehicleTurboRecharge 30024670 f   cg_draw.obj
 0001:00023760       _CG_DrawVehicleWeaponsLinked 30024760 f   cg_draw.obj
 0001:00023820       _CG_DrawVehicleSpeed       30024820 f   cg_draw.obj
 0001:00023a20       _CG_DrawVehicleArmor       30024a20 f   cg_draw.obj
 0001:00023ba0       _CG_DrawVehicleDamage      30024ba0 f   cg_draw.obj
 0001:00023d00       _CG_DrawVehicleDamageHUD   30024d00 f   cg_draw.obj
 0001:00023f80       _CG_DrawVehicleHud         30024f80 f   cg_draw.obj
 0001:00024240       _CG_DrawTeamBackground     30025240 f   cg_draw.obj
 0001:000245b0       _CG_DrawHealthBarRough     300255b0 f   cg_draw.obj
 0001:000246f0       _CG_DrawDuelistHealth      300256f0 f   cg_draw.obj
 0001:000247c0       _CG_DrawRadar              300257c0 f   cg_draw.obj
 0001:00025f10       _CG_AddLagometerFrameInfo  30026f10 f   cg_draw.obj
 0001:00025f40       _CG_AddLagometerSnapshotInfo 30026f40 f   cg_draw.obj
 0001:000264a0       _CG_DrawSiegeMessage       300274a0 f   cg_draw.obj
 0001:000264e0       _CG_CenterPrint            300274e0 f   cg_draw.obj
 0001:00026700       _CG_DrawSiegeInfo          30027700 f   cg_draw.obj
 0001:00026a90       _CG_DrawHealthBar          30027a90 f   cg_draw.obj
 0001:00026c30       _CG_DrawHaqrBar            30027c30 f   cg_draw.obj
 0001:00026e00       _CG_DrawGenericTimerBar    30027e00 f   cg_draw.obj
 0001:00026f70       _CG_WorldCoordToScreenCoordFloat 30027f70 f   cg_draw.obj
 0001:000270b0       _CG_WorldCoordToScreenCoord 300280b0 f   cg_draw.obj
 0001:00027100       _CG_SaberClashFlare        30028100 f   cg_draw.obj
 0001:000272c0       _CG_DottedLine             300282c0 f   cg_draw.obj
 0001:000273c0       _CG_BracketEntity          300283c0 f   cg_draw.obj
 0001:000279c0       _CG_InFighter              300289c0 f   cg_draw.obj
 0001:00027a00       _CG_InATST                 30028a00 f   cg_draw.obj
 0001:00027a40       _CG_DrawBracketedEntities  30028a40 f   cg_draw.obj
 0001:00028180       _CG_CalcVehicleMuzzlePoint 30029180 f   cg_draw.obj
 0001:00028390       _CG_CalcEWebMuzzlePoint    30029390 f   cg_draw.obj
 0001:00028480       _CG_SanitizeString         30029480 f   cg_draw.obj
 0001:000296c0       _CG_DrawFlagStatus         3002a6c0 f   cg_draw.obj
 0001:000297d0       _CG_DrawJetpackFuel        3002a7d0 f   cg_draw.obj
 0001:00029920       _CG_DrawEWebHealth         3002a920 f   cg_draw.obj
 0001:00029ac0       _CG_DrawCloakFuel          3002aac0 f   cg_draw.obj
 0001:00029fb0       _CG_ChatBox_StrInsert      3002afb0 f   cg_draw.obj
 0001:0002a030       _CG_ChatBox_AddString      3002b030 f   cg_draw.obj
 0001:0002a1c0       _CG_ChatBox_ArrayInsert    3002b1c0 f   cg_draw.obj
 0001:0002b600       _CG_DrawSiegeMessageNonMenu 3002c600 f   cg_draw.obj
 0001:0002ccb0       _CG_DrawActive             3002dcb0 f   cg_draw.obj
 0001:0002cdf0       _CG_GetColorForHealth      3002ddf0 f   cg_drawtools.obj
 0001:0002cea0       _CG_DrawSides              3002dea0 f   cg_drawtools.obj
 0001:0002cf50       _CG_DrawTopBottom          3002df50 f   cg_drawtools.obj
 0001:0002d000       _CG_FillRect               3002e000 f   cg_drawtools.obj
 0001:0002d060       _CG_DrawPic                3002e060 f   cg_drawtools.obj
 0001:0002d0b0       _CG_DrawRotatePic          3002e0b0 f   cg_drawtools.obj
 0001:0002d100       _CG_DrawRotatePic2         3002e100 f   cg_drawtools.obj
 0001:0002d150       _CG_DrawChar               3002e150 f   cg_drawtools.obj
 0001:0002d200       _CG_DrawStringExt          3002e200 f   cg_drawtools.obj
 0001:0002d3c0       _CG_DrawBigString          3002e3c0 f   cg_drawtools.obj
 0001:0002d400       _CG_DrawSmallString        3002e400 f   cg_drawtools.obj
 0001:0002d440       _CG_DrawStrlen             3002e440 f   cg_drawtools.obj
 0001:0002d520       _CG_TileClear              3002e520 f   cg_drawtools.obj
 0001:0002d5d0       _CG_FadeColor              3002e5d0 f   cg_drawtools.obj
 0001:0002d630       _CG_ColorForGivenHealth    3002e630 f   cg_drawtools.obj
 0001:0002d6a0       _CG_ColorForHealth         3002e6a0 f   cg_drawtools.obj
 0001:0002d710       _CG_DrawNumField           3002e710 f   cg_drawtools.obj
 0001:0002d9f0       _UI_DrawProportionalString 3002e9f0 f   cg_drawtools.obj
 0001:0002da90       _UI_DrawScaledProportionalString 3002ea90 f   cg_drawtools.obj
 0001:0002db30       _CG_DrawRect               3002eb30 f   cg_drawtools.obj
 0001:0002dba0       _CG_SmokePuff              3002eba0 f   cg_effects.obj
 0001:0002dd70       _CGDEBUG_SaberColor        3002ed70 f   cg_effects.obj
 0001:0002ddc0       _CG_TestLine               3002edc0 f   cg_effects.obj
 0001:0002e730       _CG_InitGlass              3002f730 f   cg_effects.obj
 0001:0002e7c0       _CG_DoGlass                3002f7c0 f   cg_effects.obj
 0001:0002ec20       _CG_GlassShatter           3002fc20 f   cg_effects.obj
 0001:0002ec80       _CG_MiscModelExplosion     3002fc80 f   cg_effects.obj
 0001:0002eec0       _CG_Chunks                 3002fec0 f   cg_effects.obj
 0001:0002f590       _CG_ScorePlum              30030590 f   cg_effects.obj
 0001:0002f6b0       _CG_PositionEntityOnTag    300306b0 f   cg_ents.obj
 0001:0002f790       _CG_PositionRotatedEntityOnTag 30030790 f   cg_ents.obj
 0001:0002f880       _CG_SetEntitySoundPosition 30030880 f   cg_ents.obj
 0001:0002f900       _CG_S_AddLoopingSound      30030900 f   cg_ents.obj
 0001:0002f9c0       _CG_S_AddRealLoopingSound  300309c0 f   cg_ents.obj
 0001:0002f9d0       _CG_S_StopLoopingSound     300309d0 f   cg_ents.obj
 0001:0002fa70       _CG_S_UpdateLoopingSounds  30030a70 f   cg_ents.obj
 0001:0002fcd0       _FX_AddOrientedLine        30030cd0 f   cg_ents.obj
 0001:0002fdf0       _FX_DrawPortableShield     30030df0 f   cg_ents.obj
 0001:0002ff90       _CG_Special                30030f90 f   cg_ents.obj
 0001:0002ffc0       _CG_SetGhoul2Info          30030fc0 f   cg_ents.obj
 0001:00030030       _ScaleModelAxis            30031030 f   cg_ents.obj
 0001:00030110       _CG_Disintegration         30031110 f   cg_ents.obj
 0001:00030490       _CG_AddRadarEnt            30031490 f   cg_ents.obj
 0001:000304c0       _CG_AddBracketedEnt        300314c0 f   cg_ents.obj
 0001:000325d0       _CG_GreyItem               300335d0 f   cg_ents.obj
 0001:000337e0       _CG_PlayDoorLoopSound      300347e0 f   cg_ents.obj
 0001:000338a0       _CG_PlayDoorSound          300348a0 f   cg_ents.obj
 0001:00033be0       _CG_Beam                   30034be0 f   cg_ents.obj
 0001:00033db0       _CG_AdjustPositionForMover 30034db0 f   cg_ents.obj
 0001:00033fe0       _CG_CalcEntityLerpPositions 30034fe0 f   cg_ents.obj
 0001:00034490       _CG_ManualEntityRender     30035490 f   cg_ents.obj
 0001:000344a0       _CG_AddPacketEntities      300354a0 f   cg_ents.obj
 0001:00034790       _CG_ROFF_NotetrackCallback 30035790 f   cg_ents.obj
 0001:00034bb0       _CG_Cube                   30035bb0 f   cg_ents.obj
 0001:00034d70       _CG_PlaceString            30035d70 f   cg_event.obj
 0001:000359d0       _CG_ToggleBinoculars       300369d0 f   cg_event.obj
 0001:00035a60       _CG_LocalTimingBar         30036a60 f   cg_event.obj
 0001:00035cf0       _CG_PainEvent              30036cf0 f   cg_event.obj
 0001:00035d60       _CG_ReattachLimb           30036d60 f   cg_event.obj
 0001:00035dc0       _CG_PrintCTFMessage        30036dc0 f   cg_event.obj
 0001:00035f70       _CG_GetCTFMessageEvent     30036f70 f   cg_event.obj
 0001:00035fe0       _DoFall                    30036fe0 f   cg_event.obj
 0001:00036180       _CG_InClientBitflags       30037180 f   cg_event.obj
 0001:00036220       _CG_TryPlayCustomSound     30037220 f   cg_event.obj
 0001:00036250       _CG_G2MarkEvent            30037250 f   cg_event.obj
 0001:000364c0       _CG_CalcVehMuzzle          300374c0 f   cg_event.obj
 0001:000365c0       _CG_VehMuzzleFireFX        300375c0 f   cg_event.obj
 0001:000366d0       _CG_GetStringForVoiceSound 300376d0 f   cg_event.obj
 0001:00036730       _CG_EntityEvent            30037730 f   cg_event.obj
 0001:0003a9f0       _CG_CheckEvents            3003b9f0 f   cg_event.obj
 0001:0003aa80       _InitHolsterData           3003ba80 f   cg_holster.obj
 0001:0003aae0       _CG_LoadHolsterData        3003bae0 f   cg_holster.obj
 0001:0003adf0       _CG_LoadingString          3003bdf0 f   cg_info.obj
 0001:0003ae50       _CG_LoadingItem            3003be50 f   cg_info.obj
 0001:0003aeb0       _CG_LoadingClient          3003beb0 f   cg_info.obj
 0001:0003af00       _CG_LoadBar                3003bf00 f   cg_info.obj
 0001:0003b010       _CG_DrawInformation        3003c010 f   cg_info.obj
 0001:0003ba00       _CG_RunLightStyles         3003ca00 f   cg_light.obj
 0001:0003baa0       _CG_SetLightstyle          3003caa0 f   cg_light.obj
 0001:0003bb70       _CG_ClearLightStyles       3003cb70 f   cg_light.obj
 0001:0003bbb0       _CG_InitLocalEntities      3003cbb0 f   cg_localents.obj
 0001:0003bc00       _CG_FreeLocalEntity        3003cc00 f   cg_localents.obj
 0001:0003bc40       _CG_AllocLocalEntity       3003cc40 f   cg_localents.obj
 0001:0003bcc0       _CG_BloodTrail             3003ccc0 f   cg_localents.obj
 0001:0003bd90       _CG_FragmentBounceMark     3003cd90 f   cg_localents.obj
 0001:0003bdc0       _CG_FragmentBounceSound    3003cdc0 f   cg_localents.obj
 0001:0003be50       _CG_ReflectVelocity        3003ce50 f   cg_localents.obj
 0001:0003bf90       _CG_AddFragment            3003cf90 f   cg_localents.obj
 0001:0003c200       _CG_AddFadeRGB             3003d200 f   cg_localents.obj
 0001:0003cc30       _CG_AddRefEntity           3003dc30 f   cg_localents.obj
 0001:0003cc90       _CG_AddScorePlum           3003dc90 f   cg_localents.obj
 0001:0003cf90       _CG_AddOLine               3003df90 f   cg_localents.obj
 0001:0003d0c0       _CG_AddLocalEntities       3003e0c0 f   cg_localents.obj
 0001:0003d210       _CG_NoUseableForce         3003e210 f   cg_main.obj
 0001:0003d750       _CG_DrawMiscEnts           3003e750 f   cg_main.obj
 0001:0003d860       _CG_RegisterCvars          3003e860 f   cg_main.obj
 0001:0003db50       _CG_CrosshairPlayer        3003eb50 f   cg_main.obj
 0001:0003db70       _CG_LastAttacker           3003eb70 f   cg_main.obj
 0001:0003db90       _CG_Printf                 3003eb90 f   cg_main.obj
 0001:0003dbc0       _CG_Error                  3003ebc0 f   cg_main.obj
 0001:0003dbf0       _Com_Error                 3003ebf0 f   cg_main.obj
 0001:0003dc30       _Com_Printf                3003ec30 f   cg_main.obj
 0001:0003dc70       _CG_Argv                   3003ec70 f   cg_main.obj
 0001:0003dc90       _BG_GetTime                3003ec90 f   cg_main.obj
 0001:0003dde0       _CG_ParseWeatherEffect     3003ede0 f   cg_main.obj
 0001:0003ddf0       _CG_ParseSiegeState        3003edf0 f   cg_main.obj
 0001:0003df80       _CG_GetStringEdString      3003ef80 f   cg_main.obj
 0001:0003e010       _CG_SiegeCountCvars        3003f010 f   cg_main.obj
 0001:0003e250       _CG_BuildSpectatorString   3003f250 f   cg_main.obj
 0001:0003e2d0       _CG_ConfigString           3003f2d0 f   cg_main.obj
 0001:0003e300       _CG_StartMusic             3003f300 f   cg_main.obj
 0001:0003e3b0       _CG_Asset_Parse            3003f3b0 f   cg_main.obj
 0001:0003e830       _CG_ParseMenu              3003f830 f   cg_main.obj
 0001:0003e8e0       _CG_Load_Menu              3003f8e0 f   cg_main.obj
 0001:0003e9e0       _CG_SetScoreSelection      3003f9e0 f   cg_main.obj
 0001:0003ed20       _ItemParse_isSaber2        3003fd20 f   ui_shared.obj
 0001:0003ed20       _CG_DeferMenuScript        3003fd20 f   cg_newDraw.obj
 0001:0003ed20       _ItemParse_isSaber         3003fd20 f   ui_shared.obj
 0001:0003ee00       _CG_Text_PaintWithCursor   3003fe00 f   cg_main.obj
 0001:0003efc0       _CG_LoadMenus              3003ffc0 f   cg_main.obj
 0001:0003f0f0       _CG_LoadHudMenu            300400f0 f   cg_main.obj
 0001:0003f320       _CG_AssetCache             30040320 f   cg_main.obj
 0001:0003f430       _CG_TransitionPermanent    30040430 f   cg_main.obj
 0001:0003f4e0       _CG_NewString              300404e0 f   cg_main.obj
 0001:0003f580       _CG_CreateWeatherZoneFromSpawnEnt 30040580 f   cg_main.obj
 0001:0003f5b0       _CG_CreateModelFromSpawnEnt 300405b0 f   cg_main.obj
 0001:0003f780       _CG_ParseSpawnVars         30040780 f   cg_main.obj
 0001:0003f940       _CG_SpawnCGameEntFromVars  30040940 f   cg_main.obj
 0001:0003faf0       _CG_SpawnCGameOnlyEnts     30040af0 f   cg_main.obj
 0001:0003fb40       _CG_GetLocationString      30040b40 f   cg_main.obj
 0001:0003fb70       _CG_DestroyAllGhoul2       30040b70 f   cg_main.obj
 0001:0003fbe0       _CG_Shutdown               30040be0 f   cg_main.obj
 0001:0003fc20       _CG_NextInventory_f        30040c20 f   cg_main.obj
 0001:0003fcb0       _CG_PrevInventory_f        30040cb0 f   cg_main.obj
 0001:0003fe50       _CG_MiscEnt                30040e50 f   cg_main.obj
 0001:0003fff0       _CG_UpdateCvars            30040ff0 f   cg_main.obj
 0001:00041df0       _CG_Init                   30042df0 f   cg_main.obj
 0001:00042270       _CG_NextForcePower_f       30043270 f   cg_main.obj
 0001:00042320       _CG_PrevForcePower_f       30043320 f   cg_main.obj
 0001:000423d0       _vmMain                    300433d0 f   cg_main.obj
 0001:00042760       _CG_InitMarkPolys          30043760 f   cg_marks.obj
 0001:000427b0       _CG_AllocMark              300437b0 f   cg_marks.obj
 0001:00042840       _CG_ImpactMark             30043840 f   cg_marks.obj
 0001:00042d10       _CG_AddMarks               30043d10 f   cg_marks.obj
 0001:00042f60       _CG_ClearParticles         30043f60 f   cg_marks.obj
 0001:00042fd0       _CG_AddParticleToScene     30043fd0 f   cg_marks.obj
 0001:00044b40       _CG_AddParticles           30045b40 f   cg_marks.obj
 0001:00044e50       _CG_GetSelectedPlayer      30045e50 f   cg_newDraw.obj
 0001:00044e70       _CG_StatusHandle           30045e70 f   cg_newDraw.obj
 0001:00044ed0       _CG_GetValue               30045ed0 f   cg_newDraw.obj
 0001:00045000       _CG_OtherTeamHasFlag       30046000 f   cg_newDraw.obj
 0001:00045040       _CG_YourTeamHasFlag        30046040 f   cg_newDraw.obj
 0001:00045080       _CG_OwnerDrawVisible       30046080 f   cg_newDraw.obj
 0001:000451c0       _CG_GetKillerText          300461c0 f   cg_newDraw.obj
 0001:00045200       _CG_GetGameStatusText      30046200 f   cg_newDraw.obj
 0001:00045310       _CG_GameTypeString         30046310 f   cg_newDraw.obj
 0001:00045380       _CG_MouseEvent             30046380 f   cg_newDraw.obj
 0001:00045470       _CG_EventHandling          30046470 f   cg_newDraw.obj
 0001:000454a0       _CG_KeyEvent               300464a0 f   cg_newDraw.obj
 0001:00045550       _CG_RunMenuScript          30046550 f   cg_newDraw.obj
 0001:00045550       _BG_ClearAnimsets          30046550 f   bg_panimate.obj
 0001:00045550       _CG_OwnerDraw              30046550 f   cg_newDraw.obj
 0001:00045560       _CG_GetTeamColor           30046560 f   cg_newDraw.obj
 0001:00045650       _CheckAnimFrameForEventType 30046650 f   cg_players.obj
 0001:00045690       _ParseAnimationEvtBlock    30046690 f   cg_players.obj
 0001:00045f80       _CG_ParseAnimationEvtFile  30046f80 f   cg_players.obj
 0001:00046350       _CG_CustomSound            30047350 f   cg_players.obj
 0001:000466a0       _CG_ParseSurfsFile         300476a0 f   cg_players.obj
 0001:00047070       _CG_G2SkelForModel         30048070 f   cg_players.obj
 0001:000470f0       _CG_LoadCISounds           300480f0 f   cg_players.obj
 0001:00047b60       _CG_LoadDeferredPlayers    30048b60 f   cg_players.obj
 0001:00048060       _CG_PlayerAnimEventDo      30049060 f   cg_players.obj
 0001:00048450       _CG_PlayerAnimEvents       30049450 f   cg_players.obj
 0001:000487a0       _CG_PlayerAmbientEvents    300497a0 f   cg_players.obj
 0001:00048900       _CG_TriggerAnimSounds      30049900 f   cg_players.obj
 0001:000493b0       _CG_RagDoll                3004a3b0 f   cg_players.obj
 0001:0004a350       _CG_G2ServerBoneAngles     3004b350 f   cg_players.obj
 0001:0004a650       _CG_G2PlayerHeadAnims      3004b650 f   cg_players.obj
 0001:0004ba80       _CG_PlayerShieldHit        3004ca80 f   cg_players.obj
 0001:0004bb10       _CG_DrawPlayerShield       3004cb10 f   cg_players.obj
 0001:0004bc80       _CG_PlayerHitFX            3004cc80 f   cg_players.obj
 0001:0004bcd0       _RGB_LerpColor             3004ccd0 f   cg_players.obj
 0001:0004bd40       _ParseRGBSaber             3004cd40 f   cg_players.obj
 0001:0004bd90       _CG_ParseScriptedSaber     3004cd90 f   cg_players.obj
 0001:0004be90       _RGB_AdjustSciptedSaberColor 3004ce90 f   cg_players.obj
 0001:0004bfa0       _RGB_RandomRGB             3004cfa0 f   cg_players.obj
 0001:0004c000       _RGB_AdjustPimpSaberColor  3004d000 f   cg_players.obj
 0001:0004c7d0       _CG_DoSaber                3004d7d0 f   cg_players.obj
 0001:0004cd60       _CG_DoSFXSaber             3004dd60 f   cg_players.obj
 0001:0004e380       _CG_CreateSaberMarks       3004f380 f   cg_players.obj
 0001:0004eb30       _CG_G2TraceCollide         3004fb30 f   cg_players.obj
 0001:0004ed10       _CG_G2SaberEffects         3004fd10 f   cg_players.obj
 0001:0004ee30       _CG_AddGhoul2Mark          3004fe30 f   cg_players.obj
 0001:0004efd0       _CG_SaberCompWork          3004ffd0 f   cg_players.obj
 0001:0004f440       _CG_AddSaberBlade          30050440 f   cg_players.obj
 0001:00050b10       _CG_IsMindTricked          30051b10 f   cg_players.obj
 0001:00050bb0       _CG_DrawPlayerSphere       30051bb0 f   cg_players.obj
 0001:00050ed0       _CG_ThereIsAMaster         30051ed0 f   cg_players.obj
 0001:00050f00       _CG_HandleAppendedSkin     30051f00 f   cg_players.obj
 0001:00050fd0       _CG_CacheG2AnimInfo        30051fd0 f   cg_players.obj
 0001:000511a0       _CG_G2AnimEntModelLoad     300521a0 f   cg_players.obj
 0001:00051b70       _CG_VehicleShouldDrawShields 30052b70 f   cg_players.obj
 0001:00051bb0       _CG_VehicleAttachDroidUnit 30052bb0 f   cg_players.obj
 0001:00051ce0       _FindGender                30052ce0 f   cg_players.obj
 0001:00051de0       _CG_CreateNPCClient        30052de0 f   cg_players.obj
 0001:00051e00       _CG_DestroyNPCClient       30052e00 f   cg_players.obj
 0001:00052490       _CG_InitJetpackGhoul2      30053490 f   cg_players.obj
 0001:000524f0       _CG_CleanJetpackGhoul2     300534f0 f   cg_players.obj
 0001:00052d40       _CG_RadiusForCent          30053d40 f   cg_players.obj
 0001:00052d90       _CG_CheckThirdPersonAlpha  30053d90 f   cg_players.obj
 0001:00053020       _SmoothTrueView            30054020 f   cg_players.obj
 0001:00053820       _ApplyAxisRotation         30054820 f   cg_players.obj
 0001:00053a40       _CG_HolsteredWeaponRender  30054a40 f   cg_players.obj
 0001:00053eb0       _CG_VisualWeaponsUpdate    30054eb0 f   cg_players.obj
 0001:00054d50       _CG_ResetPlayerEntity      30055d50 f   cg_players.obj
 0001:000551c0       _CG_LoadClientInfo         300561c0 f   cg_players.obj
 0001:00055680       _CG_NewClientInfo          30056680 f   cg_players.obj
 0001:00056320       _CG_ActualLoadDeferredPlayers 30057320 f   cg_players.obj
 0001:00056750       _CG_AddRefEntityWithPowerups 30057750 f   cg_players.obj
 0001:000567a0       _CG_Player                 300577a0 f   cg_players.obj
 0001:0005b3b0       _CG_G2Animated             3005c3b0 f   cg_players.obj
 0001:0005b590       _CG_DamageFeedback         3005c590 f   cg_playerstate.obj
 0001:0005b890       _CG_Respawn                3005c890 f   cg_playerstate.obj
 0001:0005b8c0       _CG_CheckPlayerstateEvents 3005c8c0 f   cg_playerstate.obj
 0001:0005b9b0       _CG_CheckLocalSounds       3005c9b0 f   cg_playerstate.obj
 0001:0005bbf0       _CG_TransitionPlayerState  3005cbf0 f   cg_playerstate.obj
 0001:0005bd30       _CG_BuildSolidList         3005cd30 f   cg_predict.obj
 0001:0005c3c0       _CG_Trace                  3005d3c0 f   cg_predict.obj
 0001:0005c440       _CG_G2Trace                3005d440 f   cg_predict.obj
 0001:0005c4c0       _CG_PointContents          3005d4c0 f   cg_predict.obj
 0001:0005ca80       _CG_PmoveClientPointerUpdate 3005da80 f   cg_predict.obj
 0001:0005cb20       _CG_UsingEWeb              3005db20 f   cg_predict.obj
 0001:0005cb50       _CG_PredictPlayerState     3005db50 f   cg_predict.obj
 0001:0005e200       _siege_Cvar_Set            3005f200 f   cg_saga.obj
 0001:0005e350       _siege_Cvar_VariableStringBuffer 3005f350 f   cg_saga.obj
 0001:0005e420       _siegecvarlist             3005f420 f   cg_saga.obj
 0001:0005e4c0       _CG_PrecacheSiegeObjectiveAssetsForTeam 3005f4c0 f   cg_saga.obj
 0001:0005e6a0       _CG_PrecachePlayersForSiegeTeam 3005f6a0 f   cg_saga.obj
 0001:0005e860       _CG_SiegeRoundOver         3005f860 f   cg_saga.obj
 0001:0005e9d0       _CG_SiegeGetObjectiveDescription 3005f9d0 f   cg_saga.obj
 0001:0005ea80       _CG_SiegeGetObjectiveFinal 3005fa80 f   cg_saga.obj
 0001:0005eb40       _CG_SiegeBriefingDisplay   3005fb40 f   cg_saga.obj
 0001:0005efa0       _CG_SiegeObjectiveCompleted 3005ffa0 f   cg_saga.obj
 0001:0005f170       _CG_ParseSiegeExtendedDataEntry 30060170 f   cg_saga.obj
 0001:0005f2e0       _CG_ParseSiegeExtendedData 300602e0 f   cg_saga.obj
 0001:0005f310       _CG_SetSiegeTimerCvar      30060310 f   cg_saga.obj
 0001:0005f380       _CG_TrueViewInit           30060380 f   cg_saga.obj
 0001:0005f410       _CG_AdjustEyePos           30060410 f   cg_saga.obj
 0001:0005f490       _CG_InitSiegeMode          30060490 f   cg_saga.obj
 0001:0005fb80       _CG_ParseSiegeObjectiveStatus 30060b80 f   cg_saga.obj
 0001:00060450       _CG_GetClassCount          30061450 f   cg_scoreboard.obj
 0001:000604b0       _CG_GetTeamNonScoreCount   300614b0 f   cg_scoreboard.obj
 0001:000604f0       _CG_GetTeamCount           300614f0 f   cg_scoreboard.obj
 0001:00060540       _CG_DrawOldScoreboard      30061540 f   cg_scoreboard.obj
 0001:00061200       _CG_ParseServerinfo        30062200 f   cg_servercmds.obj
 0001:000615d0       _CG_SetConfigValues        300625d0 f   cg_servercmds.obj
 0001:00061710       _CG_ShaderStateChanged     30062710 f   cg_servercmds.obj
 0001:00061860       _SetCustomSoundForType     30062860 f   cg_servercmds.obj
 0001:00061a40       _CG_PrecacheNPCSounds      30062a40 f   cg_servercmds.obj
 0001:00061b60       _CG_HandleNPCSounds        30062b60 f   cg_servercmds.obj
 0001:00062060       _SetDuelistHealthsFromConfigString 30063060 f   cg_servercmds.obj
 0001:000626b0       _CG_KillCEntityG2          300636b0 f   cg_servercmds.obj
 0001:00062830       _CG_KillCEntityInstances   30063830 f   cg_servercmds.obj
 0001:000629b0       _CG_CheckSVStringEdRef     300639b0 f   cg_servercmds.obj
 0001:00063800       _CG_ExecuteNewServerCommands 30064800 f   cg_servercmds.obj
 0001:000638d0       _CG_SetInitialSnapshot     300648d0 f   cg_snapshot.obj
 0001:00063e00       _CG_ProcessSnapshots       30064e00 f   cg_snapshot.obj
 0001:00063f20       _strap_G2API_GetBoltMatrix 30064f20 f   cg_strap.obj
 0001:00063f30       _strap_G2API_GetBoltMatrix_NoRecNoRot 30064f30 f   cg_strap.obj
 0001:00063f40       _strap_G2API_SetBoneAngles 30064f40 f   cg_strap.obj
 0001:00063f50       _strap_G2API_SetBoneAnim   30064f50 f   cg_strap.obj
 0001:00063fa0       _strap_G2API_GetBoneAnim   30064fa0 f   cg_strap.obj
 0001:00063fb0       _strap_G2API_AnimateG2Models 30064fb0 f   cg_strap.obj
 0001:00063fc0       _strap_G2API_SetBoneIKState 30064fc0 f   cg_strap.obj
 0001:00063fd0       _strap_G2API_IKMove        30064fd0 f   cg_strap.obj
 0001:00063fe0       _dllEntry                  30064fe0 f   cg_syscalls.obj
 0001:00063ff0       _trap_Print                30064ff0 f   cg_syscalls.obj
 0001:00064010       _trap_Error                30065010 f   cg_syscalls.obj
 0001:00064030       _trap_Milliseconds         30065030 f   cg_syscalls.obj
 0001:00064040       _trap_Cvar_Register        30065040 f   cg_syscalls.obj
 0001:00064060       _trap_Cvar_Update          30065060 f   cg_syscalls.obj
 0001:00064080       _trap_Cvar_Set             30065080 f   cg_syscalls.obj
 0001:000640a0       _trap_Cvar_VariableStringBuffer 300650a0 f   cg_syscalls.obj
 0001:000640c0       _trap_Argc                 300650c0 f   cg_syscalls.obj
 0001:000640d0       _trap_Argv                 300650d0 f   cg_syscalls.obj
 0001:000640f0       _trap_Args                 300650f0 f   cg_syscalls.obj
 0001:00064110       _trap_FS_FOpenFile         30065110 f   cg_syscalls.obj
 0001:00064130       _trap_FS_Read              30065130 f   cg_syscalls.obj
 0001:00064150       _trap_FS_FCloseFile        30065150 f   cg_syscalls.obj
 0001:00064170       _trap_FS_GetFileList       30065170 f   cg_syscalls.obj
 0001:00064190       _trap_SendConsoleCommand   30065190 f   cg_syscalls.obj
 0001:000641b0       _trap_AddCommand           300651b0 f   cg_syscalls.obj
 0001:000641d0       _trap_SendClientCommand    300651d0 f   cg_syscalls.obj
 0001:000641f0       _trap_UpdateScreen         300651f0 f   cg_syscalls.obj
 0001:00064200       _trap_CM_LoadMap           30065200 f   cg_syscalls.obj
 0001:00064220       _trap_CM_NumInlineModels   30065220 f   cg_syscalls.obj
 0001:00064230       _trap_CM_InlineModel       30065230 f   cg_syscalls.obj
 0001:00064250       _trap_CM_TempBoxModel      30065250 f   cg_syscalls.obj
 0001:00064270       _trap_CM_PointContents     30065270 f   cg_syscalls.obj
 0001:00064290       _trap_CM_TransformedPointContents 30065290 f   cg_syscalls.obj
 0001:000642b0       _trap_CM_BoxTrace          300652b0 f   cg_syscalls.obj
 0001:000642e0       _trap_CM_TransformedBoxTrace 300652e0 f   cg_syscalls.obj
 0001:00064320       _trap_CM_MarkFragments     30065320 f   cg_syscalls.obj
 0001:00064350       _trap_S_GetVoiceVolume     30065350 f   cg_syscalls.obj
 0001:00064370       _trap_S_MuteSound          30065370 f   cg_syscalls.obj
 0001:00064390       _trap_S_StartSound         30065390 f   cg_syscalls.obj
 0001:000643b0       _trap_S_StartLocalSound    300653b0 f   cg_syscalls.obj
 0001:000643d0       _trap_S_ClearLoopingSounds 300653d0 f   cg_syscalls.obj
 0001:000643e0       _trap_S_AddLoopingSound    300653e0 f   cg_syscalls.obj
 0001:00064400       _trap_S_UpdateEntityPosition 30065400 f   cg_syscalls.obj
 0001:00064420       _trap_S_AddRealLoopingSound 30065420 f   cg_syscalls.obj
 0001:00064440       _trap_S_Respatialize       30065440 f   cg_syscalls.obj
 0001:00064460       _trap_S_ShutUp             30065460 f   cg_syscalls.obj
 0001:00064480       _trap_S_RegisterSound      30065480 f   cg_syscalls.obj
 0001:000644a0       _trap_S_StartBackgroundTrack 300654a0 f   cg_syscalls.obj
 0001:000644c0       _trap_S_UpdateAmbientSet   300654c0 f   cg_syscalls.obj
 0001:000644e0       _trap_AS_ParseSets         300654e0 f   cg_syscalls.obj
 0001:000644f0       _trap_AS_AddPrecacheEntry  300654f0 f   cg_syscalls.obj
 0001:00064510       _trap_S_AddLocalSet        30065510 f   cg_syscalls.obj
 0001:00064540       _trap_AS_GetBModelSound    30065540 f   cg_syscalls.obj
 0001:00064560       _trap_R_LoadWorldMap       30065560 f   cg_syscalls.obj
 0001:00064580       _trap_R_RegisterModel      30065580 f   cg_syscalls.obj
 0001:000645a0       _trap_R_RegisterSkin       300655a0 f   cg_syscalls.obj
 0001:000645c0       _trap_R_RegisterShader     300655c0 f   cg_syscalls.obj
 0001:000645e0       _trap_R_RegisterShaderNoMip 300655e0 f   cg_syscalls.obj
 0001:00064600       _trap_R_RegisterFont       30065600 f   cg_syscalls.obj
 0001:00064620       _trap_R_Font_StrLenPixels  30065620 f   cg_syscalls.obj
 0001:00064650       _trap_R_Font_StrLenChars   30065650 f   cg_syscalls.obj
 0001:00064670       _trap_R_Font_HeightPixels  30065670 f   cg_syscalls.obj
 0001:00064690       _trap_R_Font_DrawString    30065690 f   cg_syscalls.obj
 0001:000646d0       _trap_Language_IsAsian     300656d0 f   cg_syscalls.obj
 0001:000646e0       _trap_Language_UsesSpaces  300656e0 f   cg_syscalls.obj
 0001:000646f0       _trap_AnyLanguage_ReadCharFromString 300656f0 f   cg_syscalls.obj
 0001:00064710       _trap_R_ClearScene         30065710 f   cg_syscalls.obj
 0001:00064720       _trap_R_ClearDecals        30065720 f   cg_syscalls.obj
 0001:00064730       _trap_R_AddRefEntityToScene 30065730 f   cg_syscalls.obj
 0001:00064750       _trap_R_AddPolyToScene     30065750 f   cg_syscalls.obj
 0001:00064770       _trap_R_AddDecalToScene    30065770 f   cg_syscalls.obj
 0001:000647f0       _trap_R_AddLightToScene    300657f0 f   cg_syscalls.obj
 0001:00064840       _trap_R_RenderScene        30065840 f   cg_syscalls.obj
 0001:00064860       _trap_R_SetColor           30065860 f   cg_syscalls.obj
 0001:00064880       _trap_R_DrawStretchPic     30065880 f   cg_syscalls.obj
 0001:00064900       _trap_R_ModelBounds        30065900 f   cg_syscalls.obj
 0001:00064920       _trap_R_LerpTag            30065920 f   cg_syscalls.obj
 0001:00064960       _trap_R_DrawRotatePic      30065960 f   cg_syscalls.obj
 0001:000649f0       _trap_R_DrawRotatePic2     300659f0 f   cg_syscalls.obj
 0001:00064a80       _trap_R_SetRangeFog        30065a80 f   cg_syscalls.obj
 0001:00064aa0       _trap_R_SetRefractProp     30065aa0 f   cg_syscalls.obj
 0001:00064ae0       _trap_R_RemapShader        30065ae0 f   cg_syscalls.obj
 0001:00064b00       _trap_R_SetLightStyle      30065b00 f   cg_syscalls.obj
 0001:00064b20       _trap_R_GetBModelVerts     30065b20 f   cg_syscalls.obj
 0001:00064b40       _trap_R_GetDistanceCull    30065b40 f   cg_syscalls.obj
 0001:00064b60       _trap_R_GetRealRes         30065b60 f   cg_syscalls.obj
 0001:00064b80       _trap_R_AutomapElevAdj     30065b80 f   cg_syscalls.obj
 0001:00064ba0       _trap_R_InitWireframeAutomap 30065ba0 f   cg_syscalls.obj
 0001:00064bb0       _trap_FX_AddLine           30065bb0 f   cg_syscalls.obj
 0001:00064c40       _trap_GetGlconfig          30065c40 f   cg_syscalls.obj
 0001:00064c60       _trap_GetGameState         30065c60 f   cg_syscalls.obj
 0001:00064c80       _trap_GetCurrentSnapshotNumber 30065c80 f   cg_syscalls.obj
 0001:00064ca0       _trap_GetSnapshot          30065ca0 f   cg_syscalls.obj
 0001:00064cc0       _trap_GetDefaultState      30065cc0 f   cg_syscalls.obj
 0001:00064ce0       _trap_GetServerCommand     30065ce0 f   cg_syscalls.obj
 0001:00064d00       _trap_GetCurrentCmdNumber  30065d00 f   cg_syscalls.obj
 0001:00064d10       _trap_GetUserCmd           30065d10 f   cg_syscalls.obj
 0001:00064d30       _trap_SetUserCmdValue      30065d30 f   cg_syscalls.obj
 0001:00064d90       _trap_SetClientForceAngle  30065d90 f   cg_syscalls.obj
 0001:00064db0       _trap_OpenUIMenu           30065db0 f   cg_syscalls.obj
 0001:00064dd0       _trap_Key_GetCatcher       30065dd0 f   cg_syscalls.obj
 0001:00064de0       _trap_Key_SetCatcher       30065de0 f   cg_syscalls.obj
 0001:00064e00       _trap_PC_LoadSource        30065e00 f   cg_syscalls.obj
 0001:00064e20       _trap_PC_FreeSource        30065e20 f   cg_syscalls.obj
 0001:00064e40       _trap_PC_ReadToken         30065e40 f   cg_syscalls.obj
 0001:00064e60       _trap_PC_SourceFileAndLine 30065e60 f   cg_syscalls.obj
 0001:00064e80       _trap_S_StopBackgroundTrack 30065e80 f   cg_syscalls.obj
 0001:00064e90       _trap_SnapVector           30065e90 f   cg_syscalls.obj
 0001:00064eb0       _trap_CIN_PlayCinematic    30065eb0 f   cg_syscalls.obj
 0001:00064ee0       _trap_CIN_StopCinematic    30065ee0 f   cg_syscalls.obj
 0001:00064f00       _trap_CIN_RunCinematic     30065f00 f   cg_syscalls.obj
 0001:00064f20       _trap_CIN_DrawCinematic    30065f20 f   cg_syscalls.obj
 0001:00064f40       _trap_CIN_SetExtents       30065f40 f   cg_syscalls.obj
 0001:00064f70       _trap_GetEntityToken       30065f70 f   cg_syscalls.obj
 0001:00064f90       _trap_R_inPVS              30065f90 f   cg_syscalls.obj
 0001:00064fb0       _trap_FX_RegisterEffect    30065fb0 f   cg_syscalls.obj
 0001:00064fd0       _trap_FX_PlayEffectID      30065fd0 f   cg_syscalls.obj
 0001:00065000       _trap_FX_PlayPortalEffectID 30066000 f   cg_syscalls.obj
 0001:00065020       _trap_FX_PlayEntityEffectID 30066020 f   cg_syscalls.obj
 0001:00065060       _trap_FX_PlayBoltedEffectID 30066060 f   cg_syscalls.obj
 0001:000650a0       _trap_FX_AddScheduledEffects 300660a0 f   cg_syscalls.obj
 0001:000650c0       _trap_FX_InitSystem        300660c0 f   cg_syscalls.obj
 0001:000650e0       _trap_FX_FreeSystem        300660e0 f   cg_syscalls.obj
 0001:000650f0       _trap_FX_AdjustTime        300660f0 f   cg_syscalls.obj
 0001:00065110       _trap_FX_AddPoly           30066110 f   cg_syscalls.obj
 0001:00065130       _trap_FX_AddBezier         30066130 f   cg_syscalls.obj
 0001:00065150       _trap_FX_AddPrimitive      30066150 f   cg_syscalls.obj
 0001:00065170       _trap_FX_AddSprite         30066170 f   cg_syscalls.obj
 0001:00065190       _trap_FX_AddElectricity    30066190 f   cg_syscalls.obj
 0001:000651b0       _trap_SP_GetStringTextString 300661b0 f   cg_syscalls.obj
 0001:000651d0       _trap_ROFF_Clean           300661d0 f   cg_syscalls.obj
 0001:000651e0       _trap_ROFF_UpdateEntities  300661e0 f   cg_syscalls.obj
 0001:000651f0       _trap_ROFF_Play            300661f0 f   cg_syscalls.obj
 0001:00065210       _trap_TrueMalloc           30066210 f   cg_syscalls.obj
 0001:00065230       _trap_TrueFree             30066230 f   cg_syscalls.obj
 0001:00065250       _trap_G2_HaveWeGhoul2Models 30066250 f   cg_syscalls.obj
 0001:00065270       _trap_G2API_GetBoltMatrix  30066270 f   cg_syscalls.obj
 0001:000652b0       _trap_G2API_GetBoltMatrix_NoRecNoRot 300662b0 f   cg_syscalls.obj
 0001:000652f0       _trap_G2API_InitGhoul2Model 300662f0 f   cg_syscalls.obj
 0001:00065330       _trap_G2API_SetSkin        30066330 f   cg_syscalls.obj
 0001:00065360       _trap_G2API_CollisionDetect 30066360 f   cg_syscalls.obj
 0001:000653c0       _trap_G2API_CollisionDetectCache 300663c0 f   cg_syscalls.obj
 0001:00065420       _trap_G2API_CleanGhoul2Models 30066420 f   cg_syscalls.obj
 0001:00065440       _trap_G2API_SetBoneAngles  30066440 f   cg_syscalls.obj
 0001:00065490       _trap_G2API_SetBoneAnim    30066490 f   cg_syscalls.obj
 0001:000654f0       _trap_G2API_GetBoneAnim    300664f0 f   cg_syscalls.obj
 0001:00065540       _trap_G2API_GetBoneFrame   30066540 f   cg_syscalls.obj
 0001:00065570       _trap_G2API_GetGLAName     30066570 f   cg_syscalls.obj
 0001:00065590       _trap_G2API_CopySpecificGhoul2Model 30066590 f   cg_syscalls.obj
 0001:000655c0       _trap_G2API_DuplicateGhoul2Instance 300665c0 f   cg_syscalls.obj
 0001:000655e0       _trap_G2API_HasGhoul2ModelOnIndex 300665e0 f   cg_syscalls.obj
 0001:00065600       _trap_G2API_RemoveGhoul2Model 30066600 f   cg_syscalls.obj
 0001:00065620       _trap_G2API_SkinlessModel  30066620 f   cg_syscalls.obj
 0001:00065640       _trap_G2API_GetNumGoreMarks 30066640 f   cg_syscalls.obj
 0001:00065660       _trap_G2API_AddSkinGore    30066660 f   cg_syscalls.obj
 0001:00065680       _trap_G2API_ClearSkinGore  30066680 f   cg_syscalls.obj
 0001:000656a0       _trap_G2API_AddBolt        300666a0 f   cg_syscalls.obj
 0001:000656c0       _trap_G2API_SetBoltInfo    300666c0 f   cg_syscalls.obj
 0001:000656e0       _trap_G2API_SetRootSurface 300666e0 f   cg_syscalls.obj
 0001:00065700       _trap_G2API_SetSurfaceOnOff 30066700 f   cg_syscalls.obj
 0001:00065720       _trap_G2API_SetNewOrigin   30066720 f   cg_syscalls.obj
 0001:00065740       _trap_G2API_GetSurfaceRenderStatus 30066740 f   cg_syscalls.obj
 0001:00065760       _trap_G2API_AbsurdSmoothing 30066760 f   cg_syscalls.obj
 0001:00065780       _trap_G2API_SetRagDoll     30066780 f   cg_syscalls.obj
 0001:000657a0       _trap_G2API_AnimateG2Models 300667a0 f   cg_syscalls.obj
 0001:000657c0       _trap_G2API_RagPCJConstraint 300667c0 f   cg_syscalls.obj
 0001:000657f0       _trap_G2API_RagPCJGradientSpeed 300667f0 f   cg_syscalls.obj
 0001:00065820       _trap_G2API_RagEffectorGoal 30066820 f   cg_syscalls.obj
 0001:00065840       _trap_G2API_RagEffectorKick 30066840 f   cg_syscalls.obj
 0001:00065860       _trap_G2API_RagForceSolve  30066860 f   cg_syscalls.obj
 0001:00065880       _trap_G2API_SetBoneIKState 30066880 f   cg_syscalls.obj
 0001:000658b0       _trap_G2API_IKMove         300668b0 f   cg_syscalls.obj
 0001:000658d0       _trap_G2API_AttachInstanceToEntNum 300668d0 f   cg_syscalls.obj
 0001:000658f0       _trap_G2API_ClearAttachedInstance 300668f0 f   cg_syscalls.obj
 0001:00065910       _trap_CG_RegisterSharedMemory 30066910 f   cg_syscalls.obj
 0001:00065930       _trap_R_WeatherContentsOverride 30066930 f   cg_syscalls.obj
 0001:00065950       _trap_R_WorldEffectCommand 30066950 f   cg_syscalls.obj
 0001:00065970       _trap_WE_AddWeatherZone    30066970 f   cg_syscalls.obj
 0001:00065990       _CreepToPosition           30066990 f   cg_turret.obj
 0001:00065b60       _TurretClientRun           30066b60 f   cg_turret.obj
 0001:00065f30       _CG_TestModel_f            30066f30 f   cg_view.obj
 0001:00066050       _CG_TestGun_f              30067050 f   cg_view.obj
 0001:00066070       _CG_TestModelNextFrame_f   30067070 f   cg_view.obj
 0001:00066090       _CG_TestModelPrevFrame_f   30067090 f   cg_view.obj
 0001:000660c0       _CG_TestModelNextSkin_f    300670c0 f   cg_view.obj
 0001:000660e0       _CG_TestModelPrevSkin_f    300670e0 f   cg_view.obj
 0001:00066280       _CG_CalcVrect              30067280 f   cg_view.obj
 0001:000670d0       _CG_GetVehicleCamPos       300680d0 f   cg_view.obj
 0001:000677a0       _CG_CalcFOVFromX           300687a0 f   cg_view.obj
 0001:00068180       _CG_CheckPassengerTurretView 30069180 f   cg_view.obj
 0001:00068230       _CG_DrawSkyBoxPortal       30069230 f   cg_view.obj
 0001:000686b0       _CG_AddBufferedSound       300696b0 f   cg_view.obj
 0001:00068760       _CG_UpdateSoundTrackers    30069760 f   cg_view.obj
 0001:00068810       _CG_SE_UpdateMusic         30069810 f   cg_view.obj
 0001:00068950       _CG_DoCameraShake          30069950 f   cg_view.obj
 0001:000689e0       _CGCam_SetMusicMult        300699e0 f   cg_view.obj
 0001:00068a40       _CG_EmplacedView           30069a40 f   cg_view.obj
 0001:00068c10       _CG_AddRadarAutomapEnts    30069c10 f   cg_view.obj
 0001:00068c70       _CG_DrawAutoMap            30069c70 f   cg_view.obj
 0001:000691a0       _CheckCameraLocation       3006a1a0 f   cg_view.obj
 0001:00069570       _CG_DrawActiveFrame        3006a570 f   cg_view.obj
 0001:00069be0       _CG_RegisterWeapon         3006abe0 f   cg_weaponinit.obj
 0001:0006abb0       _CG_RegisterItemVisuals    3006bbb0 f   cg_weapons.obj
 0001:0006b010       _CG_AddPlayerWeapon        3006c010 f   cg_weapons.obj
 0001:0006b930       _CG_AddViewWeapon          3006c930 f   cg_weapons.obj
 0001:0006bc40       _CG_DrawIconBackground     3006cc40 f   cg_weapons.obj
 0001:0006be50       _CG_DrawWeaponSelect       3006ce50 f   cg_weapons.obj
 0001:0006c370       _CG_NextWeapon_f           3006d370 f   cg_weapons.obj
 0001:0006c430       _CG_PrevWeapon_f           3006d430 f   cg_weapons.obj
 0001:0006c500       _CG_Weapon_f               3006d500 f   cg_weapons.obj
 0001:0006c640       _CG_WeaponClean_f          3006d640 f   cg_weapons.obj
 0001:0006c770       _CG_OutOfAmmoChange        3006d770 f   cg_weapons.obj
 0001:0006c830       _CG_GetClientWeaponMuzzleBoltPoint 3006d830 f   cg_weapons.obj
 0001:0006c8d0       _CG_FireWeapon             3006d8d0 f   cg_weapons.obj
 0001:0006cb00       _CG_VehicleWeaponImpact    3006db00 f   cg_weapons.obj
 0001:0006cb80       _CG_MissileHitWall         3006db80 f   cg_weapons.obj
 0001:0006cdb0       _CG_MissileHitPlayer       3006ddb0 f   cg_weapons.obj
 0001:0006cfb0       _CG_CalcMuzzlePoint        3006dfb0 f   cg_weapons.obj
 0001:0006d2d0       _CG_InitG2Weapons          3006e2d0 f   cg_weapons.obj
 0001:0006d3a0       _CG_ShutDownG2Weapons      3006e3a0 f   cg_weapons.obj
 0001:0006d3d0       _CG_G2WeaponInstance       3006e3d0 f   cg_weapons.obj
 0001:0006d430       _CG_G2HolsterWeaponInstance 3006e430 f   cg_weapons.obj
 0001:0006d4b0       _CG_CopyG2WeaponInstance   3006e4b0 f   cg_weapons.obj
 0001:0006d610       _CG_CheckPlayerG2Weapons   3006e610 f   cg_weapons.obj
 0001:0006d8a0       _BG_FighterUpdate          3006e8a0 f   FighterNPC.obj
 0001:0006da30       _FighterOverValidLandingSurface 3006ea30 f   FighterNPC.obj
 0001:0006da60       _FighterIsLanded           3006ea60 f   FighterNPC.obj
 0001:0006daa0       _FighterIsLanding          3006eaa0 f   FighterNPC.obj
 0001:0006db00       _FighterIsLaunching        3006eb00 f   FighterNPC.obj
 0001:0006e970       _FighterYawAdjust          3006f970 f   FighterNPC.obj
 0001:0006ea70       _FighterPitchAdjust        3006fa70 f   FighterNPC.obj
 0001:0006f350       _G_SetFighterVehicleFunctions 30070350 f   FighterNPC.obj
 0001:0006f380       _FX_BlasterProjectileThink 30070380 f   fx_blaster.obj
 0001:0006f3d0       _FX_BlasterWeaponHitWall   300703d0 f   fx_blaster.obj
 0001:0006f3f0       _FX_BlasterWeaponHitPlayer 300703f0 f   fx_blaster.obj
 0001:0006f420       _FX_BowcasterHitPlayer     30070420 f   fx_bowcaster.obj
 0001:0006f420       _FX_BowcasterHitWall       30070420 f   fx_bowcaster.obj
 0001:0006f440       _FX_BowcasterAltProjectileThink 30070440 f   fx_bowcaster.obj
 0001:0006f440       _FX_BowcasterProjectileThink 30070440 f   fx_bowcaster.obj
 0001:0006f490       _FX_BryarProjectileThink   30070490 f   fx_bryarpistol.obj
 0001:0006f4e0       _FX_TurretHitWall          300704e0 f   fx_bryarpistol.obj
 0001:0006f4e0       _FX_BryarHitWall           300704e0 f   fx_bryarpistol.obj
 0001:0006f500       _FX_BryarAltProjectileThink 30070500 f   fx_bryarpistol.obj
 0001:0006f590       _FX_BryarAltHitWall        30070590 f   fx_bryarpistol.obj
 0001:0006f5f0       _FX_TurretProjectileThink  300705f0 f   fx_bryarpistol.obj
 0001:0006f640       _FX_BryarAltHitPlayer      30070640 f   fx_bryarpistol.obj
 0001:0006f640       _FX_TurretHitPlayer        30070640 f   fx_bryarpistol.obj
 0001:0006f640       _FX_BryarHitPlayer         30070640 f   fx_bryarpistol.obj
 0001:0006f670       _FX_ConcussionHitPlayer    30070670 f   fx_bryarpistol.obj
 0001:0006f670       _FX_ConcussionHitWall      30070670 f   fx_bryarpistol.obj
 0001:0006f690       _FX_ConcussionProjectileThink 30070690 f   fx_bryarpistol.obj
 0001:0006f6e0       _FX_ConcAltShot            300706e0 f   fx_bryarpistol.obj
 0001:0006f7b0       _FX_DEMP2_ProjectileThink  300707b0 f   fx_demp2.obj
 0001:0006f800       _FX_DEMP2_HitWall          30070800 f   fx_demp2.obj
 0001:0006f820       _FX_DEMP2_HitPlayer        30070820 f   fx_demp2.obj
 0001:0006f840       _FX_DEMP2_AltDetonate      30070840 f   fx_demp2.obj
 0001:0006f8e0       _FX_DisruptorMainShot      300708e0 f   fx_disruptor.obj
 0001:0006f950       _FX_DisruptorAltShot       30070950 f   fx_disruptor.obj
 0001:0006fa40       _FX_DisruptorAltMiss       30070a40 f   fx_disruptor.obj
 0001:0006fc20       _FX_DisruptorAltHit        30070c20 f   fx_disruptor.obj
 0001:0006fc40       _FX_DisruptorHitWall       30070c40 f   fx_disruptor.obj
 0001:0006fc60       _FX_DisruptorHitPlayer     30070c60 f   fx_disruptor.obj
 0001:0006fc80       _FX_FlechetteProjectileThink 30070c80 f   fx_flechette.obj
 0001:0006fcd0       _FX_FlechetteWeaponHitWall 30070cd0 f   fx_flechette.obj
 0001:0006fcf0       _FX_FlechetteWeaponHitPlayer 30070cf0 f   fx_flechette.obj
 0001:0006fd10       _FX_FlechetteAltProjectileThink 30070d10 f   fx_flechette.obj
 0001:0006fd60       _FX_RepeaterProjectileThink 30070d60 f   fx_heavyrepeater.obj
 0001:0006fdb0       _FX_RepeaterHitWall        30070db0 f   fx_heavyrepeater.obj
 0001:0006fdd0       _FX_RepeaterHitPlayer      30070dd0 f   fx_heavyrepeater.obj
 0001:0006ffe0       _FX_RepeaterAltProjectileThink 30070fe0 f   fx_heavyrepeater.obj
 0001:00070040       _FX_RepeaterAltHitPlayer   30071040 f   fx_heavyrepeater.obj
 0001:00070040       _FX_RepeaterAltHitWall     30071040 f   fx_heavyrepeater.obj
 0001:00070060       _FX_RocketHitPlayer        30071060 f   fx_rocketlauncher.obj
 0001:00070060       _FX_RocketHitWall          30071060 f   fx_rocketlauncher.obj
 0001:00070080       _FX_RocketAltProjectileThink 30071080 f   fx_rocketlauncher.obj
 0001:00070080       _FX_RocketProjectileThink  30071080 f   fx_rocketlauncher.obj
 0001:000700d0       _Q_random                  300710d0 f   q_math.obj
 0001:00070100       _ByteToDir                 30071100 f   q_math.obj
 0001:00070160       _vectoangles               30071160 f   q_math.obj
 0001:00070280       _AxisClear                 30071280 f   q_math.obj
 0001:000702b0       _AxisCopy                  300712b0 f   q_math.obj
 0001:000702f0       _ProjectPointOnPlane       300712f0 f   q_math.obj
 0001:00070390       _Q_fabs                    30071390 f   q_math.obj
 0001:000703b0       _LerpAngle                 300713b0 f   q_math.obj
 0001:00070430       _AngleSubtract             30071430 f   q_math.obj
 0001:000704c0       _AnglesSubtract            300714c0 f   q_math.obj
 0001:00070520       _AngleMod                  30071520 f   q_math.obj
 0001:00070520       _AngleNormalize360         30071520 f   q_math.obj
 0001:00070550       _AngleNormalize180         30071550 f   q_math.obj
 0001:000705a0       _AngleDelta                300715a0 f   q_math.obj
 0001:00070600       _VectorNormalize           30071600 f   q_math.obj
 0001:00070670       _VectorNormalize2          30071670 f   q_math.obj
 0001:000706f0       _MatrixMultiply            300716f0 f   q_math.obj
 0001:000707e0       _AngleVectors              300717e0 f   q_math.obj
 0001:00070950       _PerpendicularVector       30071950 f   q_math.obj
 0001:00070a50       _flrand                    30071a50 f   q_math.obj
 0001:00070aa0       _Q_irand                   30071aa0 f   q_math.obj
 0001:00070ae0       _RotatePointAroundVector   30071ae0 f   q_math.obj
 0001:00070d20       _RotateAroundDirection     30071d20 f   q_math.obj
 0001:00070db0       _AnglesToAxis              30071db0 f   q_math.obj
 0001:00070e00       _GetStringForID            30071e00 f   q_shared.obj
 0001:00070e40       _COM_StripExtension        30071e40 f   q_shared.obj
 0001:00070e70       _SkipWhitespace            30071e70 f   q_shared.obj
 0001:00070ec0       _COM_Compress              30071ec0 f   q_shared.obj
 0001:00070fd0       _COM_ParseExt              30071fd0 f   q_shared.obj
 0001:00071130       _COM_ParseString           30072130 f   q_shared.obj
 0001:00071160       _COM_ParseInt              30072160 f   q_shared.obj
 0001:000711a0       _COM_ParseFloat            300721a0 f   q_shared.obj
 0001:000711e0       _SkipBracedSection         300721e0 f   q_shared.obj
 0001:00071220       _SkipRestOfLine            30072220 f   q_shared.obj
 0001:00071250       _Q_strrchr                 30072250 f   q_shared.obj
 0001:00071280       _Q_strncpyz                30072280 f   q_shared.obj
 0001:000712e0       _Q_stricmpn                300722e0 f   q_shared.obj
 0001:00071360       _Q_strncmp                 30072360 f   q_shared.obj
 0001:000713b0       _Q_stricmp                 300723b0 f   q_shared.obj
 0001:000713e0       _COM_BitCheck              300723e0 f   q_shared.obj
 0001:00071420       _Q_strupr                  30072420 f   q_shared.obj
 0001:00071450       _Q_strcat                  30072450 f   q_shared.obj
 0001:000714a0       _Q_CleanStr                300724a0 f   q_shared.obj
 0001:000714f0       _Com_sprintf               300724f0 f   q_shared.obj
 0001:00071540       _va                        30072540 f   q_shared.obj
 0001:000715d0       _Info_ValueForKey          300725d0 f   q_shared.obj
 0001:000716f0       _GetIDForString            300726f0 f   q_shared.obj
 0001:00071740       _COM_BeginParseSession     30072740 f   q_shared.obj
 0001:00071770       _COM_Parse                 30072770 f   q_shared.obj
 0001:00071aa0       _ProcessOrientCommands     30072aa0 f   SpeederNPC.obj
 0001:00071bf0       _G_SetSpeederVehicleFunctions 30072bf0 f   SpeederNPC.obj
 0001:00071c20       _UI_Alloc                  30072c20 f   ui_shared.obj
 0001:00071cc0       _String_Alloc              30072cc0 f   ui_shared.obj
 0001:00071dd0       _PC_SourceError            30072dd0 f   ui_shared.obj
 0001:00071e40       _Float_Parse               30072e40 f   ui_shared.obj
 0001:00071e70       _PC_Float_Parse            30072e70 f   ui_shared.obj
 0001:00071f10       _Color_Parse               30072f10 f   ui_shared.obj
 0001:00071f60       _PC_Color_Parse            30072f60 f   ui_shared.obj
 0001:00071fb0       _Int_Parse                 30072fb0 f   ui_shared.obj
 0001:00071fe0       _PC_Int_Parse              30072fe0 f   ui_shared.obj
 0001:00072070       _Rect_Parse                30073070 f   ui_shared.obj
 0001:000720f0       _PC_Rect_Parse             300730f0 f   ui_shared.obj
 0001:00072150       _String_Parse              30073150 f   ui_shared.obj
 0001:00072190       _PC_String_Parse           30073190 f   ui_shared.obj
 0001:00072210       _PC_Script_Parse           30073210 f   ui_shared.obj
 0001:00072330       _Init_Display              30073330 f   ui_shared.obj
 0001:00072340       _IsVisible                 30073340 f   ui_shared.obj
 0001:00072360       _Rect_ContainsPoint        30073360 f   ui_shared.obj
 0001:000723b0       _Menu_ItemsMatchingGroup   300733b0 f   ui_shared.obj
 0001:00072440       _Menu_GetMatchingItemByNumber 30073440 f   ui_shared.obj
 0001:000724c0       _Script_SetColor           300734c0 f   ui_shared.obj
 0001:000725a0       _Script_SetAsset           300735a0 f   ui_shared.obj
 0001:000725d0       _Script_SetBackground      300735d0 f   ui_shared.obj
 0001:00072620       _Menu_FindItemByName       30073620 f   ui_shared.obj
 0001:00072680       _Script_SetTeamColor       30073680 f   ui_shared.obj
 0001:000726d0       _Script_SetItemColor       300736d0 f   ui_shared.obj
 0001:00072860       _Script_SetItemColorCvar   30073860 f   ui_shared.obj
 0001:00072ae0       _Script_SetItemRect        30073ae0 f   ui_shared.obj
 0001:00072ba0       _Menu_ShowItemByName       30073ba0 f   ui_shared.obj
 0001:00072c20       _Menu_FadeItemByName       30073c20 f   ui_shared.obj
 0001:00072c80       _Menus_FindByName          30073c80 f   ui_shared.obj
 0001:00072cd0       _Script_Show               30073cd0 f   ui_shared.obj
 0001:00072d20       _Script_Hide               30073d20 f   ui_shared.obj
 0001:00072d70       _Script_FadeIn             30073d70 f   ui_shared.obj
 0001:00072dc0       _Script_FadeOut            30073dc0 f   ui_shared.obj
 0001:00072e10       _Script_Defer              30073e10 f   ui_shared.obj
 0001:00072e60       _Menu_ItemDisable          30073e60 f   ui_shared.obj
 0001:00072eb0       _Script_SetPlayerModel     30073eb0 f   ui_shared.obj
 0001:00072f00       _ParseRect                 30073f00 f   ui_shared.obj
 0001:00072f60       _Script_SetCvar            30073f60 f   ui_shared.obj
 0001:00072fe0       _Script_SetCvarToCvar      30073fe0 f   ui_shared.obj
 0001:00073080       _Script_Exec               30074080 f   ui_shared.obj
 0001:00073180       _Script_Play               30074180 f   ui_shared.obj
 0001:000731e0       _Script_PlayVoice          300741e0 f   ui_shared.obj
 0001:00073240       _Script_playLooped         30074240 f   ui_shared.obj
 0001:000732a0       _Menu_SetItemBackground    300742a0 f   ui_shared.obj
 0001:00073300       _Item_RunScript            30074300 f   ui_shared.obj
 0001:000733f0       _Item_EnableShowViaCvar    300743f0 f   ui_shared.obj
 0001:00073570       _Item_TextScroll_ThumbPosition 30074570 f   ui_shared.obj
 0001:00073610       _Item_TextScroll_OverLB    30074610 f   ui_shared.obj
 0001:000737a0       _Item_TextScroll_MouseEnter 300747a0 f   ui_shared.obj
 0001:000737e0       _Item_TextScroll_HandleKey 300747e0 f   ui_shared.obj
 0001:00073940       _Item_ListBox_MaxScroll    30074940 f   ui_shared.obj
 0001:000739b0       _Item_ListBox_ThumbPosition 300749b0 f   ui_shared.obj
 0001:00073a90       _Item_Slider_ThumbPosition 30074a90 f   ui_shared.obj
 0001:00073b60       _Item_Slider_OverSlider    30074b60 f   ui_shared.obj
 0001:00073be0       _Item_ListBox_OverLB       30074be0 f   ui_shared.obj
 0001:00073fa0       _Item_ListBox_MouseEnter   30074fa0 f   ui_shared.obj
 0001:00074160       _Item_MouseEnter           30075160 f   ui_shared.obj
 0001:000742e0       _Item_MouseLeave           300752e0 f   ui_shared.obj
 0001:00074320       _Item_OwnerDraw_HandleKey  30075320 f   ui_shared.obj
 0001:000743b0       _Item_ListBox_HandleKey    300753b0 f   ui_shared.obj
 0001:00074780       _Item_YesNo_HandleKey      30075780 f   ui_shared.obj
 0001:00074890       _Item_Multi_FindCvarByValue 30075890 f   ui_shared.obj
 0001:00074960       _Item_Multi_HandleKey      30075960 f   ui_shared.obj
 0001:00074af0       _Leaving_EditField         30075af0 f   ui_shared.obj
 0001:00075060       _Item_StartCapture         30076060 f   ui_shared.obj
 0001:000752e0       _Item_Slider_HandleKey     300762e0 f   ui_shared.obj
 0001:00075490       _Item_HandleAccept         30076490 f   ui_shared.obj
 0001:000754c0       _Item_Action               300764c0 f   ui_shared.obj
 0001:00075580       _Menus_Activate            30076580 f   ui_shared.obj
 0001:00075690       _Controls_GetConfig        30076690 f   ui_shared.obj
 0001:000756d0       _Controls_SetConfig        300766d0 f   ui_shared.obj
 0001:00075720       _BindingIDFromName         30076720 f   ui_shared.obj
 0001:00075760       _Item_Bind_HandleKey       30076760 f   ui_shared.obj
 0001:000759e0       _Menu_Init                 300769e0 f   ui_shared.obj
 0001:00075a60       _Menu_GetFocused           30076a60 f   ui_shared.obj
 0001:00075aa0       _Menu_ScrollFeeder         30076aa0 f   ui_shared.obj
 0001:00075b20       _Menu_SetFeederSelection   30076b20 f   ui_shared.obj
 0001:00075bf0       _Item_ValidateTypeData     30076bf0 f   ui_shared.obj
 0001:00075cf0       _KeywordHash_Key           30076cf0 f   ui_shared.obj
 0001:00075d40       _ItemParse_name            30076d40 f   ui_shared.obj
 0001:00075d60       _ItemParse_focusSound      30076d60 f   ui_shared.obj
 0001:00075db0       _ItemParse_text            30076db0 f   ui_shared.obj
 0001:00075dd0       _ItemParse_descText        30076dd0 f   ui_shared.obj
 0001:00075df0       _MenuParse_soundLoop       30076df0 f   ui_shared.obj
 0001:00075df0       _ItemParse_text2           30076df0 f   ui_shared.obj
 0001:00075e10       _ItemParse_text2alignx     30076e10 f   ui_shared.obj
 0001:00075e30       _ItemParse_text2aligny     30076e30 f   ui_shared.obj
 0001:00075e50       _ItemParse_group           30076e50 f   ui_shared.obj
 0001:00075e70       _UI_CleanupGhoul2          30076e70 f   ui_shared.obj
 0001:00075eb0       _ItemParse_asset_model     30076eb0 f   ui_shared.obj
 0001:00075ee0       _ItemParse_asset_shader    30076ee0 f   ui_shared.obj
 0001:00075f30       _ItemParse_model_origin    30076f30 f   ui_shared.obj
 0001:00075f90       _ItemParse_model_rotation  30076f90 f   ui_shared.obj
 0001:00075fc0       _ItemParse_model_angle     30076fc0 f   ui_shared.obj
 0001:00075ff0       _ItemParse_model_g2mins    30076ff0 f   ui_shared.obj
 0001:00076050       _ItemParse_model_g2maxs    30077050 f   ui_shared.obj
 0001:000760b0       _ItemParse_model_g2scale   300770b0 f   ui_shared.obj
 0001:00076110       _ItemParse_model_g2skin    30077110 f   ui_shared.obj
 0001:00076170       _ItemParse_model_g2anim    30077170 f   ui_shared.obj
 0001:00076220       _ItemParse_rectcvar        30077220 f   ui_shared.obj
 0001:00076350       _ItemParse_rect            30077350 f   ui_shared.obj
 0001:00076370       _ItemParse_flag            30077370 f   ui_shared.obj
 0001:00076410       _ItemParse_style           30077410 f   ui_shared.obj
 0001:00076440       _ItemParse_decoration      30077440 f   ui_shared.obj
 0001:00076450       _ItemParse_notselectable   30077450 f   ui_shared.obj
 0001:00076490       _ItemParse_scrollhidden    30077490 f   ui_shared.obj
 0001:000764d0       _ItemParse_wrapped         300774d0 f   ui_shared.obj
 0001:000764f0       _ItemParse_autowrapped     300774f0 f   ui_shared.obj
 0001:00076510       _ItemParse_horizontalscroll 30077510 f   ui_shared.obj
 0001:00076530       _ItemParse_type            30077530 f   ui_shared.obj
[...]
 0001:00008c90       _PM_CorrectAllSolid        30009c90 f   bg_pmove.obj
 0001:00008e70       _PM_GroundTraceMissed      30009e70 f   bg_pmove.obj
 0001:000090d0       _PM_GroundTrace            3000a0d0 f   bg_pmove.obj
 0001:000093b0       _PM_SetWaterLevel          3000a3b0 f   bg_pmove.obj
 0001:00009790       _PM_CheckDuck              3000a790 f   bg_pmove.obj
 0001:0000a440       _PM_Footsteps              3000b440 f   bg_pmove.obj
 0001:0000acf0       _PM_WaterEvents            3000bcf0 f   bg_pmove.obj
 0001:0000b510       _PM_DoChargedWeapons       3000c510 f   bg_pmove.obj
 0001:0000bd20       _PM_Weapon                 3000cd20 f   bg_pmove.obj
 0001:0000d290       _PM_Animate                3000e290 f   bg_pmove.obj
 0001:0000d330       _PM_DropTimers             3000e330 f   bg_pmove.obj
 0001:0000e620       _BG_G2ClientNeckAngles     3000f620 f   bg_pmove.obj
 0001:0000e9c0       _BG_G2ClientSpineAngles    3000f9c0 f   bg_pmove.obj
 0001:0000ee50       _BG_SwingAngles            3000fe50 f   bg_pmove.obj
 0001:0000fe00       _PM_CmdForSaberMoves       30010e00 f   bg_pmove.obj
 0001:00014540       _PM_CanDoDualDoubleAttacks 30015540 f   bg_saber.obj
 0001:0001ba20       _VectorCompare             3001ca20 f   bg_slidemove.obj
 0001:0001ba20       _VectorCompare             3001ca20 f   bg_slidemove.obj
 0001:0001ba20       _VectorCompare             3001ca20 f   bg_slidemove.obj
 0001:0001ba20       _VectorCompare             3001ca20 f   bg_slidemove.obj
 0001:0001ced0       _BG_ParseVehWeaponParm     3001ded0 f   bg_vehicleLoad.obj
 0001:0001d580       _BG_ParseVehicleParm       3001e580 f   bg_vehicleLoad.obj
 0001:00020560       _CG_SizeUp_f               30021560 f   cg_consolecmds.obj
 0001:00020590       _CG_SizeDown_f             30021590 f   cg_consolecmds.obj
 0001:000205c0       _CG_Viewpos_f              300215c0 f   cg_consolecmds.obj
 0001:00020610       _CG_ScoresDown_f           30021610 f   cg_consolecmds.obj
 0001:00020660       _CG_ScoresUp_f             30021660 f   cg_consolecmds.obj
 0001:00020680       _CG_scrollScoresDown_f     30021680 f   cg_consolecmds.obj
 0001:000206c0       _CG_scrollScoresUp_f       300216c0 f   cg_consolecmds.obj
 0001:00020700       _CG_spWin_f                30021700 f   cg_consolecmds.obj
 0001:00020780       _CG_spLose_f               30021780 f   cg_consolecmds.obj
 0001:00020800       _CG_TellTarget_f           30021800 f   cg_consolecmds.obj
 0001:00020860       _CG_TellAttacker_f         30021860 f   cg_consolecmds.obj
 0001:000208c0       _CG_StartOrbit_f           300218c0 f   cg_consolecmds.obj
 0001:00020970       _CG_SiegeBriefing_f        30021970 f   cg_consolecmds.obj
 0001:000209a0       _CG_SiegeCvarUpdate_f      300219a0 f   cg_consolecmds.obj
 0001:000209d0       _CG_SiegeCompleteCvarUpdate_f 300219d0 f   cg_consolecmds.obj
 0001:00020c40       _VectorLength              30021c40 f   cg_draw.obj
 0001:00020c40       _VectorLength              30021c40 f   cg_draw.obj
 0001:00020c40       _VectorLength              30021c40 f   cg_draw.obj
 0001:00020c40       _VectorLength              30021c40 f   cg_draw.obj
 0001:00020df0       _CG_DrawZoomMask           30021df0 f   cg_draw.obj
 0001:00021ca0       _CG_DrawSaberStyle         30022ca0 f   cg_draw.obj
 0001:00021db0       _CG_DrawAmmo               30022db0 f   cg_draw.obj
 0001:00024170       _CG_DrawStats              30025170 f   cg_draw.obj
 0001:000241b0       _CG_DrawPickupItem         300251b0 f   cg_draw.obj
 0001:000242c0       _CG_DrawMiniScoreboard     300252c0 f   cg_draw.obj
 0001:00024430       _CG_DrawSnapshot           30025430 f   cg_draw.obj
 0001:000244b0       _CG_DrawFPS                300254b0 f   cg_draw.obj
 0001:000258b0       _CG_DrawTimer              300268b0 f   cg_draw.obj
 0001:00025970       _CG_DrawTeamOverlay        30026970 f   cg_draw.obj
 0001:00025dd0       _CG_DrawPowerupIcons       30026dd0 f   cg_draw.obj
 0001:00025f90       _CG_DrawDisconnect         30026f90 f   cg_draw.obj
 0001:000260e0       _CG_DrawLagometer          300270e0 f   cg_draw.obj
 0001:00026560       _CG_DrawCenterString       30027560 f   cg_draw.obj
 0001:00027a90       _CG_DrawHolocronIcons      30028a90 f   cg_draw.obj
 0001:00027b60       _CG_DrawActivePowers       30028b60 f   cg_draw.obj
 0001:00027c90       _CG_DrawRocketLocking      30028c90 f   cg_draw.obj
 0001:000284e0       _CG_DrawSpectator          300294e0 f   cg_draw.obj
 0001:00028a00       _CG_DrawVote               30029a00 f   cg_draw.obj
 0001:00029010       _CG_DrawTeamVote           3002a010 f   cg_draw.obj
 0001:00029180       _CG_DrawFollow             3002a180 f   cg_draw.obj
 0001:000292b0       _CG_DrawWarmup             3002a2b0 f   cg_draw.obj
 0001:00029c40       _CG_DrawSiegeTimer         3002ac40 f   cg_draw.obj
 0001:00029d50       _CG_DrawSiegeDeathTimer    3002ad50 f   cg_draw.obj
 0001:00029e80       _CG_DrawSiegeHUDItem       3002ae80 f   cg_draw.obj
 0001:0002a210       _CG_ChatBox_DrawStrings    3002b210 f   cg_draw.obj
 0001:0002a370       _CG_Draw2DScreenTints      3002b370 f   cg_draw.obj
 0001:0002afb0       _CG_DrawEnemyInfo          3002bfb0 f   cg_draw.obj
 0001:0002b500       _CG_DrawUpperRight         3002c500 f   cg_draw.obj
 0001:0002b640       _CG_DrawCrosshair          3002c640 f   cg_draw.obj
 0001:0002beb0       _CG_ScanForCrosshairEntity 3002ceb0 f   cg_draw.obj
 0001:0002c460       _CG_DrawCrosshairNames     3002d460 f   cg_draw.obj
 0001:0002c6a0       _CG_Draw2D                 3002d6a0 f   cg_draw.obj
 0001:0002d480       _CG_TileClearBox           3002e480 f   cg_drawtools.obj
 0001:0002ded0       _CG_DoGlassQuad            3002eed0 f   cg_effects.obj
 0001:0002e170       _CG_CalcBiLerp             3002f170 f   cg_effects.obj
 0001:0002e4c0       _CG_CalcHeightWidth        3002f4c0 f   cg_effects.obj
 0001:0002fb30       _CG_EntityEffects          30030b30 f   cg_ents.obj
 0001:00030370       _CG_RenderTimeEntBolt      30031370 f   cg_ents.obj
 0001:000304f0       _CG_General                300314f0 f   cg_ents.obj
 0001:00032520       _CG_Speaker                30033520 f   cg_ents.obj
 0001:00032610       _CG_Item                   30033610 f   cg_ents.obj
 0001:00032f90       _CG_Missile                30033f90 f   cg_ents.obj
 0001:000338f0       _CG_Mover                  300348f0 f   cg_ents.obj
 0001:00033c70       _CG_Portal                 30034c70 f   cg_ents.obj
 0001:00033e90       _CG_InterpolateEntityPosition 30034e90 f   cg_ents.obj
 0001:00034110       _CG_TeamBase               30035110 f   cg_ents.obj
 0001:000341e0       _CG_FX                     300351e0 f   cg_ents.obj
 0001:00034320       _CG_AddCEntity             30035320 f   cg_ents.obj
 0001:00034f20       _CG_Obituary               30035f20 f   cg_event.obj
 0001:00035aa0       _CG_UseItem                30036aa0 f   cg_event.obj
 0001:00035b90       _CG_ItemPickup             30036b90 f   cg_event.obj
 0001:0003c2f0       _CG_AddFadeScaleModel      3003d2f0 f   cg_localents.obj
 0001:0003c4b0       _CG_AddMoveScaleFade       3003d4b0 f   cg_localents.obj
 0001:0003c620       _CG_AddPuff                3003d620 f   cg_localents.obj
 0001:0003c7b0       _CG_AddScaleFade           3003d7b0 f   cg_localents.obj
 0001:0003c8d0       _CG_AddFallScaleFade       3003d8d0 f   cg_localents.obj
 0001:0003c9f0       _CG_AddExplosion           3003d9f0 f   cg_localents.obj
 0001:0003cab0       _CG_AddSpriteExplosion     3003dab0 f   cg_localents.obj
 0001:0003d250       _C_GetLerpData             3003e250 f   cg_main.obj
 0001:0003d310       _C_Trace                   3003e310 f   cg_main.obj
 0001:0003d340       _C_G2Trace                 3003e340 f   cg_main.obj
 0001:0003d370       _C_G2Mark                  3003e370 f   cg_main.obj
 0001:0003d480       _CG_DebugBoxLines          3003e480 f   cg_main.obj
 0001:0003d6f0       _C_ImpactMark              3003e6f0 f   cg_main.obj
 0001:0003dca0       _CG_RegisterItemSounds     3003eca0 f   cg_main.obj
 0001:0003dec0       _CG_RegisterEffects        3003eec0 f   cg_main.obj
 0001:0003e950       _CG_FeederCount            3003f950 f   cg_main.obj
 0001:0003ea90       _CG_InfoFromScoreIndex     3003fa90 f   cg_main.obj
 0001:0003eb10       _CG_FeederItemText         3003fb10 f   cg_main.obj
 0001:0003ed20       _CG_OwnerDrawHandleKey     3003fd20 f   cg_main.obj
 0001:0003ed20       _CG_FeederItemImage        3003fd20 f   cg_main.obj
 0001:0003ed30       _CG_FeederSelection        3003fd30 f   cg_main.obj
 0001:0003edb0       _CG_Cvar_Get               3003fdb0 f   cg_main.obj
 0001:0003ee50       _CG_OwnerDrawWidth         3003fe50 f   cg_main.obj
 0001:0003ef20       _CG_PlayCinematic          3003ff20 f   cg_main.obj
 0001:0003ef60       _CG_StopCinematic          3003ff60 f   cg_main.obj
 0001:0003ef70       _CG_DrawCinematic          3003ff70 f   cg_main.obj
 0001:0003efb0       _CG_RunCinematicFrame      3003ffb0 f   cg_main.obj
 0001:0003fd40       _CG_RagCallback            30040d40 f   cg_main.obj
 0001:0003ff90       _CG_ForceModelChange       30040f90 f   cg_main.obj
 0001:00040080       _CG_AS_Register            30041080 f   cg_main.obj
 0001:00040120       _CG_RegisterSounds         30041120 f   cg_main.obj
 0001:00040f30       _CG_RegisterGraphics       30041f30 f   cg_main.obj
 0001:00041d70       _CG_RegisterClients        30042d70 f   cg_main.obj
 0001:000455d0       _DistanceSquared           300465d0 f   cg_players.obj
 0001:000455d0       _DistanceSquared           300465d0 f   cg_players.obj
 0001:000455d0       _DistanceSquared           300465d0 f   cg_players.obj
 0001:00045620       _CrossProduct              30046620 f   cg_players.obj
 0001:00046890       _CG_RegisterClientModelname 30047890 f   cg_players.obj
 0001:00047030       _CG_ColorFromInt           30048030 f   cg_players.obj
 0001:000474c0       _CG_InitG2SaberData        300484c0 f   cg_players.obj
 0001:000475f0       _CG_CopyClientInfoModel    300485f0 f   cg_players.obj
 0001:00047810       _CG_ScanForExistingClientInfo 30048810 f   cg_players.obj
 0001:00047b70       __PlayerFootStep           30048b70 f   cg_players.obj
 0001:00047f00       _CG_PlayerFootsteps        30048f00 f   cg_players.obj
 0001:00048a50       _CG_SetLerpFrameAnimation  30049a50 f   cg_players.obj
 0001:00049000       _CG_RunLerpFrame           3004a000 f   cg_players.obj
 0001:000491d0       _CG_PlayerAnimation        3004a1d0 f   cg_players.obj
 0001:00049330       _CG_RagAnimForPositioning  3004a330 f   cg_players.obj
 0001:0004a470       _CG_G2SetHeadBlink         3004b470 f   cg_players.obj
 0001:0004a570       _CG_G2SetHeadAnim          3004b570 f   cg_players.obj
 0001:0004a930       _CG_G2PlayerAngles         3004b930 f   cg_players.obj
 0001:0004adf0       _CG_PlayerFlag             3004bdf0 f   cg_players.obj
 0001:0004b070       _CG_PlayerPowerups         3004c070 f   cg_players.obj
 0001:0004b1b0       _CG_PlayerFloatSprite      3004c1b0 f   cg_players.obj
 0001:0004b260       _CG_PlayerSplash           3004c260 f   cg_players.obj
 0001:0004b460       _CG_ForcePushBlur          3004c460 f   cg_players.obj
 0001:0004b8e0       _CG_ForceGripEffect        3004c8e0 f   cg_players.obj
 0001:0004c130       _CG_RGBForSaberColor       3004d130 f   cg_players.obj
 0001:0004c2a0       _CG_DoSaberLight           3004d2a0 f   cg_players.obj
 0001:00051890       _CG_CreateSurfaceDebris    30052890 f   cg_players.obj
 0001:00051a90       _CG_CreateSurfaceSmoke     30052a90 f   cg_players.obj
 0001:00051e20       _CG_ForceElectrocution     30052e20 f   cg_players.obj
 0001:00052520       _CG_VehicleEffects         30053520 f   cg_players.obj
 0001:00055500       _CG_SetDeferredClientInfo  30056500 f   cg_players.obj
 0001:00056360       _CG_PlayerSprites          30057360 f   cg_players.obj
 0001:00056400       _CG_PlayerShadow           30057400 f   cg_players.obj
 0001:00056650       _CG_ForcePushBodyBlur      30057650 f   cg_players.obj
 0001:0005bd10       _CG_Piloting               3005cd10 f   cg_predict.obj
 0001:0005bed0       _CG_VehicleClipCheck       3005ced0 f   cg_predict.obj
 0001:0005bf80       _CG_ClipMoveToEntities     3005cf80 f   cg_predict.obj
 0001:0005c540       _CG_InterpolatePlayerState 3005d540 f   cg_predict.obj
 0001:0005c6a0       _CG_InterpolateVehiclePlayerState 3005d6a0 f   cg_predict.obj
 0001:0005c820       _CG_TouchItem              3005d820 f   cg_predict.obj
 0001:0005c960       _CG_TouchTriggerPrediction 3005d960 f   cg_predict.obj
 0001:0005e7c0       _CG_SiegeObjectiveBuffer   3005f7c0 f   cg_saga.obj
 0001:0005fdb0       _CG_DrawClientScore        30060db0 f   cg_scoreboard.obj
 0001:000603e0       _CG_TeamScoreboard         300613e0 f   cg_scoreboard.obj
 0001:00060f40       _CG_ParseScores            30061f40 f   cg_servercmds.obj
 0001:00061110       _CG_ParseTeamInfo          30062110 f   cg_servercmds.obj
 0001:00061800       _GetCustomSoundForType     30062800 f   cg_servercmds.obj
 0001:00061910       _CG_RegisterCustomSounds   30062910 f   cg_servercmds.obj
 0001:00062140       _CG_ConfigStringModified   30063140 f   cg_servercmds.obj
 0001:000628c0       _CG_MapRestart             300638c0 f   cg_servercmds.obj
 0001:00062980       _CG_RemoveChatEscapeChar   30063980 f   cg_servercmds.obj
 0001:00062bb0       _CG_BodyQueueCopy          30063bb0 f   cg_servercmds.obj
 0001:00062e10       _CG_ServerCommand          30063e10 f   cg_servercmds.obj
 0001:00063840       _CG_ResetEntity            30064840 f   cg_snapshot.obj
 0001:00063a50       _CG_TransitionSnapshot     30064a50 f   cg_snapshot.obj
 0001:00063c10       _CG_SetNextSnap            30064c10 f   cg_snapshot.obj
 0001:00063d40       _CG_ReadNextSnapshot       30064d40 f   cg_snapshot.obj
 0001:00066110       _CG_AddTestModel           30067110 f   cg_view.obj
 0001:00066340       _CG_StepOffset             30067340 f   cg_view.obj
 0001:00066380       _CG_CalcIdealThirdPersonViewTarget 30067380 f   cg_view.obj
 0001:00066540       _CG_CalcIdealThirdPersonViewLocation 30067540 f   cg_view.obj
 0001:00066640       _CG_ResetThirdPersonViewDamp 30067640 f   cg_view.obj
 0001:000667d0       _CG_UpdateThirdPersonTargetDamp 300677d0 f   cg_view.obj
 0001:00066970       _CG_UpdateThirdPersonCameraDamp 30067970 f   cg_view.obj
 0001:00066ca0       _CG_OffsetThirdPersonView  30067ca0 f   cg_view.obj
 0001:000670f0       _CG_OffsetFirstPersonView  300680f0 f   cg_view.obj
 0001:00067500       _CG_OffsetFighterView      30068500 f   cg_view.obj
 0001:00067810       _CG_CalcFov                30068810 f   cg_view.obj
 0001:00067c00       _CG_DamageBlendBlob        30068c00 f   cg_view.obj
 0001:00067e90       _CG_ThirdPersonActionCam   30068e90 f   cg_view.obj
 0001:000686f0       _CG_PlayBufferedSounds     300696f0 f   cg_view.obj
 0001:00068b00       _CG_AddRefentForAutoMap    30069b00 f   cg_view.obj
 0001:00069210       _CG_CalcViewValues         3006a210 f   cg_view.obj
 0001:0006ad60       _CG_MapTorsoToWeaponFrame  3006bd60 f   cg_weapons.obj
 0001:0006ae70       _CG_CalculateWeaponPosition 3006be70 f   cg_weapons.obj
 0001:0006afb0       _CG_AddWeaponWithPowerups  3006bfb0 f   cg_weapons.obj
 0001:0006bdf0       _CG_WeaponSelectable       3006cdf0 f   cg_weapons.obj
 0001:0006d960       _PredictedAngularDecrement 3006e960 f   FighterNPC.obj
 0001:0006db50       _ProcessMoveCommands       3006eb50 f   FighterNPC.obj
 0001:0006e4d0       _FighterWingMalfunctionCheck 3006f4d0 f   FighterNPC.obj
 0001:0006e5f0       _FighterNoseMalfunctionCheck 3006f5f0 f   FighterNPC.obj
 0001:0006e690       _FighterDamageRoutine      3006f690 f   FighterNPC.obj
 0001:0006eb60       _ProcessOrientCommands     3006fb60 f   FighterNPC.obj
 0001:0006fdf0       _CG_DistortionOrb          30070df0 f   fx_heavyrepeater.obj
 0001:00071780       _ProcessMoveCommands       30072780 f   SpeederNPC.obj
 0001:00071c80       _hashForString             30072c80 f   ui_shared.obj
 0001:00074b20       _Scroll_TextScroll_AutoFunc 30075b20 f   ui_shared.obj
 0001:00074b90       _Scroll_TextScroll_ThumbFunc 30075b90 f   ui_shared.obj
 0001:00074cc0       _Scroll_ListBox_AutoFunc   30075cc0 f   ui_shared.obj
 0001:00074d30       _Scroll_ListBox_ThumbFunc  30075d30 f   ui_shared.obj
 0001:00074f50       _Scroll_Slider_ThumbFunc   30075f50 f   ui_shared.obj
 0001:000754e0       _Menu_CloseCinematics      300764e0 f   ui_shared.obj
 0001:00075610       _Controls_GetKeyAssignment 30076610 f   ui_shared.obj
 0001:000773d0       _Item_TextScroll_BuildLines 300783d0 f   ui_shared.obj
 0001:00077fa0       _Menu_OverActiveItem       30078fa0 f   ui_shared.obj
 0001:00078470       _Menu_RunCloseScript       30079470 f   ui_shared.obj
 0001:0007a2b0       _ProcessMoveCommands       3007b2b0 f   WalkerNPC.obj
 0001:0007a670       _ProcessOrientCommands     3007b670 f   WalkerNPC.obj
 0001:0007aa49       _vscan_fn                  3007ba49 f   LIBCMT:sscanf.obj
 0001:0007c9ce       ___DllMainCRTStartup       3007d9ce f   LIBCMT:dllcrt0.obj
 0001:0007cc43       __shift                    3007dc43 f   LIBCMT:cvt.obj
 0001:0007cc7c       __cftoe2_l                 3007dc7c f   LIBCMT:cvt.obj
 0001:0007d246       __cftof2_l                 3007e246 f   LIBCMT:cvt.obj
 0001:0007d640       _fastzero_I                3007e640 f   LIBCMT:p4_memset.obj
 0001:0007d73a       ?CPtoLCID@@YAHH@Z          3007e73a f   LIBCMT:mbctype.obj
 0001:0007d769       ?setSBCS@@YAXPAUthreadmbcinfostruct@@@Z 3007e769 f   LIBCMT:mbctype.obj
 0001:0007d7be       ?setSBUpLow@@YAXPAUthreadmbcinfostruct@@@Z 3007e7be f   LIBCMT:mbctype.obj
 0001:0007d9ec       ?getSystemCP@@YAHH@Z       3007e9ec f   LIBCMT:mbctype.obj
 0001:0007e01b       __updatetlocinfoEx_nolock  3007f01b f   LIBCMT:setlocal.obj
 0001:0007f0be       ?strtoxl@@YAKPAUlocaleinfo_struct@@PBDPAPBDHH@Z 300800be f   LIBCMT:strtol.obj
 0001:0007f312       ___check_float_string      30080312 f   LIBCMT:input.obj
 0001:0007f366       __inc                      30080366 f   LIBCMT:input.obj
 0001:0007f37c       __whiteout                 3008037c f   LIBCMT:input.obj
 0001:0008100a       _write_char                3008200a f   LIBCMT:output.obj
 0001:0008103d       _write_multi_char          3008203d f   LIBCMT:output.obj
 0001:00081061       _write_string              30082061 f   LIBCMT:output.obj
 0001:00081a43       _fastcopy_I                30082a43 f   LIBCMT:p4_memcpy.obj
 0001:00084026       ?__crtLCMapStringA_stat@@YAHPAUlocaleinfo_struct@@KKPBDHPADHHH@Z 30085026 f   LIBCMT:a_map.obj
 0001:000844c0       __initterm                 300854c0 f   LIBCMT:crt0dat.obj
 0001:000845fd       _doexit                    300855fd f   LIBCMT:crt0dat.obj
 0001:00084c4f       _parse_cmdline             30085c4f f   LIBCMT:stdargv.obj
 0001:00085aa2       _has_osfxsr_set            30086aa2 f   LIBCMT:cpu_disp.obj
 0001:00085b5f       ?__crtGetStringTypeA_stat@@YAHPAUlocaleinfo_struct@@KPBDHPAGHHH@Z 30086b5f f   LIBCMT:a_str.obj
 0001:00089025       __onexit_nolock            3008a025 f   LIBCMT:onexit.obj
 0001:00089291       _siglookup                 3008a291 f   LIBCMT:winsig.obj
 0001:000894a0       ___crtInitCritSecNoSpinCount@8 3008a4a0 f   LIBCMT:initcrit.obj
 0001:0008a420       ?x_ismbbtype_l@@YAHPAUlocaleinfo_struct@@IHH@Z 3008b420 f   LIBCMT:ismbbyte.obj
 0001:0008a514       __unwind_handler4          3008b514 f   LIBCMT:exsup4.obj
 0001:0008afa3       __hw_cw                    3008bfa3 f   LIBCMT:ieee87.obj
 0001:0008b031       ___hw_cw_sse2              3008c031 f   LIBCMT:ieee87.obj
 0001:0008bf63       _flsall                    3008cf63 f   LIBCMT:fflush.obj
 0001:0008c3e0       __unwind_handler           3008d3e0 f   LIBCMT:exsup.obj
